Using pre-set license
Built from '2021.3/staging' branch; Version is '2021.3.39f1 (fb3b7b32f191) revision 16464763'; Using compiler version '192829333'; Build Type 'Release'
OS: 'Windows 11  (10.0.26100) 64bit Professional' Language: 'en' Physical Memory: 32306 MB
BatchMode: 1, IsHumanControllingUs: 0, StartBugReporterOnCrash: 0, Is64bit: 1, IsPro: 1

COMMAND LINE ARGUMENTS:
C:\Program Files\Unity\Hub\Editor\2021.3.39f1\Editor\Unity.exe
-adb2
-batchMode
-noUpm
-name
AssetImportWorker11
-projectPath
C:/Users/mario/source/repos/GameDev/OperationExoQuest/OperationExoQuest
-logFile
Logs/AssetImportWorker11.log
-srvPort
50516
Successfully changed project path to: C:/Users/mario/source/repos/GameDev/OperationExoQuest/OperationExoQuest
C:/Users/mario/source/repos/GameDev/OperationExoQuest/OperationExoQuest
[UnityMemory] Configuration Parameters - Can be set up in boot.config
    "memorysetup-bucket-allocator-granularity=16"
    "memorysetup-bucket-allocator-bucket-count=8"
    "memorysetup-bucket-allocator-block-size=33554432"
    "memorysetup-bucket-allocator-block-count=8"
    "memorysetup-main-allocator-block-size=16777216"
    "memorysetup-thread-allocator-block-size=16777216"
    "memorysetup-gfx-main-allocator-block-size=16777216"
    "memorysetup-gfx-thread-allocator-block-size=16777216"
    "memorysetup-cache-allocator-block-size=4194304"
    "memorysetup-typetree-allocator-block-size=2097152"
    "memorysetup-profiler-bucket-allocator-granularity=16"
    "memorysetup-profiler-bucket-allocator-bucket-count=8"
    "memorysetup-profiler-bucket-allocator-block-size=33554432"
    "memorysetup-profiler-bucket-allocator-block-count=8"
    "memorysetup-profiler-allocator-block-size=16777216"
    "memorysetup-profiler-editor-allocator-block-size=1048576"
    "memorysetup-temp-allocator-size-main=16777216"
    "memorysetup-job-temp-allocator-block-size=2097152"
    "memorysetup-job-temp-allocator-block-size-background=1048576"
    "memorysetup-job-temp-allocator-reduction-small-platforms=262144"
    "memorysetup-temp-allocator-size-background-worker=32768"
    "memorysetup-temp-allocator-size-job-worker=262144"
    "memorysetup-temp-allocator-size-preload-manager=33554432"
    "memorysetup-temp-allocator-size-nav-mesh-worker=65536"
    "memorysetup-temp-allocator-size-audio-worker=65536"
    "memorysetup-temp-allocator-size-cloud-worker=32768"
    "memorysetup-temp-allocator-size-gi-baking-worker=262144"
    "memorysetup-temp-allocator-size-gfx=262144"
Player connection [36184] Host "[IP] 192.168.100.110 [Port] 0 [Flags] 2 [Guid] 735344683 [EditorId] 735344683 [Version] 1048832 [Id] WindowsEditor(7,DESKTOP-QHJK815) [Debug] 1 [PackageName] WindowsEditor [ProjectName] Editor" joined multi-casting on [225.0.0.222:54997]...

Player connection [36184] Host "[IP] 192.168.100.110 [Port] 0 [Flags] 2 [Guid] 735344683 [EditorId] 735344683 [Version] 1048832 [Id] WindowsEditor(7,DESKTOP-QHJK815) [Debug] 1 [PackageName] WindowsEditor [ProjectName] Editor" joined alternative multi-casting on [225.0.0.222:34997]...

[Physics::Module] Initialized MultithreadedJobDispatcher with {0} workers.
Refreshing native plugins compatible for Editor in 57.39 ms, found 3 plugins.
Preloading 0 native plugins for Editor in 0.00 ms.
Initialize engine version: 2021.3.39f1 (fb3b7b32f191)
[Subsystems] Discovering subsystems at path C:/Program Files/Unity/Hub/Editor/2021.3.39f1/Editor/Data/Resources/UnitySubsystems
[Subsystems] Discovering subsystems at path C:/Users/mario/source/repos/GameDev/OperationExoQuest/OperationExoQuest/Assets
GfxDevice: creating device client; threaded=0; jobified=0
Direct3D:
    Version:  Direct3D 11.0 [level 11.1]
    Renderer: Intel(R) Arc(TM) Graphics (ID=0x7d55)
    Vendor:   Intel
    VRAM:     18414 MB
    Driver:   32.0.101.6129
Initialize mono
Mono path[0] = 'C:/Program Files/Unity/Hub/Editor/2021.3.39f1/Editor/Data/Managed'
Mono path[1] = 'C:/Program Files/Unity/Hub/Editor/2021.3.39f1/Editor/Data/MonoBleedingEdge/lib/mono/unityjit-win32'
Mono config path = 'C:/Program Files/Unity/Hub/Editor/2021.3.39f1/Editor/Data/MonoBleedingEdge/etc'
Using monoOptions --debugger-agent=transport=dt_socket,embedding=1,server=y,suspend=n,address=127.0.0.1:56328
Begin MonoManager ReloadAssembly
Registering precompiled unity dll's ...
Register platform support module: C:/Program Files/Unity/Hub/Editor/2021.3.39f1/Editor/Data/PlaybackEngines/WindowsStandaloneSupport/UnityEditor.WindowsStandalone.Extensions.dll
Registered in 0.002778 seconds.
Native extension for WindowsStandalone target not found
Refreshing native plugins compatible for Editor in 56.78 ms, found 3 plugins.
Preloading 0 native plugins for Editor in 0.00 ms.
Mono: successfully reloaded assembly
- Completed reload, in  0.494 seconds
Domain Reload Profiling:
	ReloadAssembly (494ms)
		BeginReloadAssembly (75ms)
			ExecutionOrderSort (0ms)
			DisableScriptedObjects (0ms)
			BackupInstance (0ms)
			ReleaseScriptingObjects (0ms)
			CreateAndSetChildDomain (1ms)
		EndReloadAssembly (351ms)
			LoadAssemblies (74ms)
			RebuildTransferFunctionScriptingTraits (0ms)
			SetupTypeCache (80ms)
			ReleaseScriptCaches (0ms)
			RebuildScriptCaches (21ms)
			SetupLoadedEditorAssemblies (218ms)
				LogAssemblyErrors (0ms)
				InitializePlatformSupportModulesInManaged (6ms)
				SetLoadedEditorAssemblies (0ms)
				RefreshPlugins (57ms)
				BeforeProcessingInitializeOnLoad (1ms)
				ProcessInitializeOnLoadAttributes (112ms)
				ProcessInitializeOnLoadMethodAttributes (40ms)
				AfterProcessingInitializeOnLoad (0ms)
				EditorAssembliesLoaded (0ms)
			ExecutionOrderSort2 (0ms)
			AwakeInstancesAfterBackupRestoration (0ms)
Platform modules already initialized, skipping
Registering precompiled user dll's ...
Registered in 0.004913 seconds.
Begin MonoManager ReloadAssembly
Native extension for WindowsStandalone target not found
Refreshing native plugins compatible for Editor in 0.57 ms, found 3 plugins.
Preloading 0 native plugins for Editor in 0.00 ms.
Package Manager log level set to [2]
[Package Manager] Server::EnsureServerProcessIsRunning -- launch failed, reason: Unity was launched with the -noUpm command-line argument
[Package Manager] Cannot connect to Unity Package Manager local server
Mono: successfully reloaded assembly
- Completed reload, in  1.200 seconds
Domain Reload Profiling:
	ReloadAssembly (1201ms)
		BeginReloadAssembly (102ms)
			ExecutionOrderSort (0ms)
			DisableScriptedObjects (5ms)
			BackupInstance (0ms)
			ReleaseScriptingObjects (0ms)
			CreateAndSetChildDomain (15ms)
		EndReloadAssembly (1015ms)
			LoadAssemblies (80ms)
			RebuildTransferFunctionScriptingTraits (0ms)
			SetupTypeCache (196ms)
			ReleaseScriptCaches (0ms)
			RebuildScriptCaches (43ms)
			SetupLoadedEditorAssemblies (686ms)
				LogAssemblyErrors (0ms)
				InitializePlatformSupportModulesInManaged (4ms)
				SetLoadedEditorAssemblies (0ms)
				RefreshPlugins (1ms)
				BeforeProcessingInitializeOnLoad (55ms)
				ProcessInitializeOnLoadAttributes (606ms)
				ProcessInitializeOnLoadMethodAttributes (17ms)
				AfterProcessingInitializeOnLoad (4ms)
				EditorAssembliesLoaded (0ms)
			ExecutionOrderSort2 (0ms)
			AwakeInstancesAfterBackupRestoration (6ms)
Platform modules already initialized, skipping
========================================================================
Worker process is ready to serve import requests
Launched and connected shader compiler UnityShaderCompiler.exe after 0.04 seconds
Refreshing native plugins compatible for Editor in 0.59 ms, found 3 plugins.
Preloading 0 native plugins for Editor in 0.00 ms.
Unloading 3457 Unused Serialized files (Serialized files now loaded: 0)
Unloading 25 unused Assets / (101.0 KB). Loaded Objects now: 3945.
Memory consumption went from 139.8 MB to 139.7 MB.
Total: 2.512500 ms (FindLiveObjects: 0.214600 ms CreateObjectMapping: 0.053100 ms MarkObjects: 2.131500 ms  DeleteObjects: 0.111800 ms)

AssetImportParameters requested are different than current active one (requested -> active):
  custom:video-decoder-ogg-theora: a1e56fd34408186e4bbccfd4996cb3dc -> 
  custom:container-muxer-webm: aa71ff27fc2769a1b78a27578f13a17b -> 
  custom:container-demuxer-webm: 4f35f7cbe854078d1ac9338744f61a02 -> 
  custom:video-encoder-webm-vp8: eb34c28f22e8b96e1ab97ce403110664 -> 
  custom:video-codec-MediaFoundation-h265: 746d11721c4dcdbdad8f713fa42b33f4 -> 
  custom:CustomObjectIndexerAttribute: bc11b3a6c3213fcdd17b65e7da85e133 -> 
  custom:audio-encoder-webm-vorbis: bf7c407c2cedff20999df2af8eb42d56 -> 
  custom:framework-win-MediaFoundation: 216162199b28c13a410421893ffa2e32 -> 
  custom:SearchIndexIgnoredProperties: e643bd26f0fe6173181afceb89e7c659 -> 
  custom:container-demuxer-ogg: 62fdf1f143b41e24485cea50d1cbac27 -> 
  custom:video-decoder-webm-vp8: 9c59270c3fd7afecdb556c50c9e8de78 -> 
  custom:audio-decoder-ogg-vorbis: bf7c407c2cedff20999df2af8eb42d56 -> 
========================================================================
Received Import Request.
  Time since last request: 10154.918213 seconds.
  path: Assets/Game Assets/Aegis77/Wooden Planks/Prefabs/Basic
  artifactKey: Guid(25796e9d5c44885478c77bf3747d0631) Importer(815301076,1909f56bfc062723c751e8b465ee728b)
Number of updated assets reloaded before import = 0
Start importing Assets/Game Assets/Aegis77/Wooden Planks/Prefabs/Basic using Guid(25796e9d5c44885478c77bf3747d0631) Importer(815301076,1909f56bfc062723c751e8b465ee728b)  -> (artifact id: '958ba076745c2951d0ee627fb56b53c2') in 0.023602 seconds 
Number of asset objects unloaded after import = 0
========================================================================
Received Import Request.
  Time since last request: 0.050010 seconds.
  path: Assets/Game Assets/Aegis77/Wooden Planks/Prefabs/Basic/Plank1.prefab
  artifactKey: Guid(62676ba4a65d36d4d8cb012fd1315648) Importer(815301076,1909f56bfc062723c751e8b465ee728b)
Number of updated assets reloaded before import = 0
Start importing Assets/Game Assets/Aegis77/Wooden Planks/Prefabs/Basic/Plank1.prefab using Guid(62676ba4a65d36d4d8cb012fd1315648) Importer(815301076,1909f56bfc062723c751e8b465ee728b)  -> (artifact id: '59aac9375c23cb52ff10ed3ebfc899da') in 0.105157 seconds 
Number of asset objects unloaded after import = 12
========================================================================
Received Import Request.
  Time since last request: 14.570952 seconds.
  path: Assets/Game Assets/WoodenPlanks
  artifactKey: Guid(4e0ac286a5f64b04499980663df91d5a) Importer(815301076,1909f56bfc062723c751e8b465ee728b)
Number of updated assets reloaded before import = 0
Start importing Assets/Game Assets/WoodenPlanks using Guid(4e0ac286a5f64b04499980663df91d5a) Importer(815301076,1909f56bfc062723c751e8b465ee728b)  -> (artifact id: '392922dced0ea1ea4174970db86e04b4') in 0.020697 seconds 
Number of asset objects unloaded after import = 0
========================================================================
Received Import Request.
  Time since last request: 15.125429 seconds.
  path: Assets/Models
  artifactKey: Guid(bf786c3e95ffe0f47a36c078dbf1823b) Importer(815301076,1909f56bfc062723c751e8b465ee728b)
Number of updated assets reloaded before import = 0
Start importing Assets/Models using Guid(bf786c3e95ffe0f47a36c078dbf1823b) Importer(815301076,1909f56bfc062723c751e8b465ee728b)  -> (artifact id: '946a68b36aaf9abec5443330e15610f9') in 0.021118 seconds 
Number of asset objects unloaded after import = 0
========================================================================
Received Import Request.
  Time since last request: 1.710824 seconds.
  path: Assets/Models/Metal_Plates
  artifactKey: Guid(43d69016a1e37e24d87aa3ac2be95056) Importer(815301076,1909f56bfc062723c751e8b465ee728b)
Number of updated assets reloaded before import = 0
Start importing Assets/Models/Metal_Plates using Guid(43d69016a1e37e24d87aa3ac2be95056) Importer(815301076,1909f56bfc062723c751e8b465ee728b)  -> (artifact id: 'e9ba9e7865178aaac21725a242670969') in 0.018107 seconds 
Number of asset objects unloaded after import = 0
========================================================================
Received Import Request.
  Time since last request: 4.288534 seconds.
  path: Assets/Models/Metal_Plates/Materials
  artifactKey: Guid(afc5744ef50ce494ca5599f96825b3e2) Importer(815301076,1909f56bfc062723c751e8b465ee728b)
Number of updated assets reloaded before import = 0
Start importing Assets/Models/Metal_Plates/Materials using Guid(afc5744ef50ce494ca5599f96825b3e2) Importer(815301076,1909f56bfc062723c751e8b465ee728b)  -> (artifact id: '76e40686af42331206057efce1436f39') in 0.001868 seconds 
Number of asset objects unloaded after import = 0
========================================================================
Received Import Request.
  Time since last request: 0.170329 seconds.
  path: Assets/Models/Metal_Plates/Materials/Metal_Plate_1.mat
  artifactKey: Guid(d6199d66f9c49ae48ad4917928092ca5) Importer(815301076,1909f56bfc062723c751e8b465ee728b)
Number of updated assets reloaded before import = 0
Start importing Assets/Models/Metal_Plates/Materials/Metal_Plate_1.mat using Guid(d6199d66f9c49ae48ad4917928092ca5) Importer(815301076,1909f56bfc062723c751e8b465ee728b)  -> (artifact id: '718c46c193617b40201829f10eba0caa') in 0.063188 seconds 
Number of asset objects unloaded after import = 4
========================================================================
Received Import Request.
  Time since last request: 10.697348 seconds.
  path: Assets/Metal Plates
  artifactKey: Guid(bf786c3e95ffe0f47a36c078dbf1823b) Importer(815301076,1909f56bfc062723c751e8b465ee728b)
Number of updated assets reloaded before import = 0
Start importing Assets/Metal Plates using Guid(bf786c3e95ffe0f47a36c078dbf1823b) Importer(815301076,1909f56bfc062723c751e8b465ee728b)  -> (artifact id: '631cbdccd67cfa69775c1047cfc0e198') in 0.019533 seconds 
Number of asset objects unloaded after import = 0
========================================================================
Received Import Request.
  Time since last request: 10.667518 seconds.
  path: Assets/Tools
  artifactKey: Guid(b1480b1a4d625964c87199686d6be30d) Importer(815301076,1909f56bfc062723c751e8b465ee728b)
Number of updated assets reloaded before import = 0
Start importing Assets/Tools using Guid(b1480b1a4d625964c87199686d6be30d) Importer(815301076,1909f56bfc062723c751e8b465ee728b)  -> (artifact id: '52aad1f615e7a7900d853a2b400db644') in 0.020971 seconds 
Number of asset objects unloaded after import = 0
========================================================================
Received Import Request.
  Time since last request: 1.208278 seconds.
  path: Assets/Tools/double_open_end_wrench
  artifactKey: Guid(0b82d945b7809e342b09d32e669c1796) Importer(815301076,1909f56bfc062723c751e8b465ee728b)
Number of updated assets reloaded before import = 0
Start importing Assets/Tools/double_open_end_wrench using Guid(0b82d945b7809e342b09d32e669c1796) Importer(815301076,1909f56bfc062723c751e8b465ee728b)  -> (artifact id: 'c070ab8c528194825c92a45f63756315') in 0.021278 seconds 
Number of asset objects unloaded after import = 0
========================================================================
Received Import Request.
  Time since last request: 19.037380 seconds.
  path: Assets/Tools/double_open_end_wrench/Prefabs
  artifactKey: Guid(aa1a1206c47ed7747938c39dfd643b7e) Importer(815301076,1909f56bfc062723c751e8b465ee728b)
Number of updated assets reloaded before import = 0
Start importing Assets/Tools/double_open_end_wrench/Prefabs using Guid(aa1a1206c47ed7747938c39dfd643b7e) Importer(815301076,1909f56bfc062723c751e8b465ee728b)  -> (artifact id: '95954670879b91250d753a256f647069') in 0.002882 seconds 
Number of asset objects unloaded after import = 0
========================================================================
Received Import Request.
  Time since last request: 0.087389 seconds.
  path: Assets/Tools/double_open_end_wrench/Prefabs/double_open_end_wrench.prefab
  artifactKey: Guid(5c40a888773ea6b4d90434e6382c6239) Importer(815301076,1909f56bfc062723c751e8b465ee728b)
Number of updated assets reloaded before import = 0
Start importing Assets/Tools/double_open_end_wrench/Prefabs/double_open_end_wrench.prefab using Guid(5c40a888773ea6b4d90434e6382c6239) Importer(815301076,1909f56bfc062723c751e8b465ee728b)  -> (artifact id: 'b08100c68facdb380dc4542f05b421e8') in 0.118992 seconds 
Number of asset objects unloaded after import = 11
========================================================================
Received Import Request.
  Time since last request: 13.601056 seconds.
  path: Assets/Wrench
  artifactKey: Guid(b1480b1a4d625964c87199686d6be30d) Importer(815301076,1909f56bfc062723c751e8b465ee728b)
Number of updated assets reloaded before import = 0
Start importing Assets/Wrench using Guid(b1480b1a4d625964c87199686d6be30d) Importer(815301076,1909f56bfc062723c751e8b465ee728b)  -> (artifact id: '92c4f4f25b5e6a13c7cf3bbde4c2e486') in 0.015284 seconds 
Number of asset objects unloaded after import = 0
========================================================================
Received Import Request.
  Time since last request: 31.936941 seconds.
  path: Assets/Collectables_Asset/Wrench/double_open_end_wrench/Materials
  artifactKey: Guid(a3d7fbb3da7c8144d8677d6ec6fc5177) Importer(815301076,1909f56bfc062723c751e8b465ee728b)
Number of updated assets reloaded before import = 0
Start importing Assets/Collectables_Asset/Wrench/double_open_end_wrench/Materials using Guid(a3d7fbb3da7c8144d8677d6ec6fc5177) Importer(815301076,1909f56bfc062723c751e8b465ee728b)  -> (artifact id: '8d5c29c1183cb3de1f6df13e7a59ddbf') in 0.003810 seconds 
Number of asset objects unloaded after import = 0
========================================================================
Received Import Request.
  Time since last request: 40.868313 seconds.
  path: Assets/Collectables_Asset/Metal Plates/Metal_Plates/Metal_Plates_DEMO.unity
  artifactKey: Guid(a3091a46ff7db8a4eb8c2ae7c57552dd) Importer(815301076,1909f56bfc062723c751e8b465ee728b)
Number of updated assets reloaded before import = 0
Start importing Assets/Collectables_Asset/Metal Plates/Metal_Plates/Metal_Plates_DEMO.unity using Guid(a3091a46ff7db8a4eb8c2ae7c57552dd) Importer(815301076,1909f56bfc062723c751e8b465ee728b)  -> (artifact id: '4756607b4fed837c7055b26f275290e1') in 0.021633 seconds 
Number of asset objects unloaded after import = 0
========================================================================
Received Import Request.
  Time since last request: 139.954378 seconds.
  path: Assets/Level1/Packages/SciFi_Creates/CreateProp001/Materials/Ambient_crate_map.als.tga.mat
  artifactKey: Guid(04e067e15e4cec841afa09cbaf895811) Importer(815301076,1909f56bfc062723c751e8b465ee728b)
Number of updated assets reloaded before import = 0
Start importing Assets/Level1/Packages/SciFi_Creates/CreateProp001/Materials/Ambient_crate_map.als.tga.mat using Guid(04e067e15e4cec841afa09cbaf895811) Importer(815301076,1909f56bfc062723c751e8b465ee728b)  -> (artifact id: 'c887ecd545a18909278b0d793534af32') in 0.031487 seconds 
Number of asset objects unloaded after import = 2
========================================================================
Received Import Request.
  Time since last request: 0.000026 seconds.
  path: Assets/Collectables_Asset/Bolt&Nut/bolt1/Materials/Bolt1bit.mat
  artifactKey: Guid(7c608e07db491a540b5221452cef57b1) Importer(815301076,1909f56bfc062723c751e8b465ee728b)
Number of updated assets reloaded before import = 0
Start importing Assets/Collectables_Asset/Bolt&Nut/bolt1/Materials/Bolt1bit.mat using Guid(7c608e07db491a540b5221452cef57b1) Importer(815301076,1909f56bfc062723c751e8b465ee728b)  -> (artifact id: '082980375c6754c5243b3f404a1d5ba4') in 0.029129 seconds 
Number of asset objects unloaded after import = 3
========================================================================
Received Import Request.
  Time since last request: 0.000027 seconds.
  path: Assets/Collectables_Asset/Bolt&Nut/bolt1/Materials/bolt1-collider-BoltM6bit.mat
  artifactKey: Guid(7d034d3c138dd0445868b6752b456e2f) Importer(815301076,1909f56bfc062723c751e8b465ee728b)
Number of updated assets reloaded before import = 0
Start importing Assets/Collectables_Asset/Bolt&Nut/bolt1/Materials/bolt1-collider-BoltM6bit.mat using Guid(7d034d3c138dd0445868b6752b456e2f) Importer(815301076,1909f56bfc062723c751e8b465ee728b)  -> (artifact id: '6cb1ea8f7f98d4e2862c6ca7fd925a49') in 0.024383 seconds 
Number of asset objects unloaded after import = 1
========================================================================
Received Import Request.
  Time since last request: 0.000018 seconds.
  path: Assets/Collectables_Asset/Bolt&Nut/bolt1/Materials/BoltM6bit__bolt1bit_diffuse.mat
  artifactKey: Guid(0b05635c301d1ee4c975f1f662aa50fe) Importer(815301076,1909f56bfc062723c751e8b465ee728b)
Number of updated assets reloaded before import = 0
Start importing Assets/Collectables_Asset/Bolt&Nut/bolt1/Materials/BoltM6bit__bolt1bit_diffuse.mat using Guid(0b05635c301d1ee4c975f1f662aa50fe) Importer(815301076,1909f56bfc062723c751e8b465ee728b)  -> (artifact id: '84c3e802ee208b8303c672206905595f') in 0.024874 seconds 
Number of asset objects unloaded after import = 3
========================================================================
Received Import Request.
  Time since last request: 0.000025 seconds.
  path: Assets/Collectables_Asset/Bolt&Nut/bolt1/Materials/BoltM6__bolt1bit_diffuse.mat
  artifactKey: Guid(da3fcddcdfc9fbf45bee6bd972aa7652) Importer(815301076,1909f56bfc062723c751e8b465ee728b)
Number of updated assets reloaded before import = 0
Start importing Assets/Collectables_Asset/Bolt&Nut/bolt1/Materials/BoltM6__bolt1bit_diffuse.mat using Guid(da3fcddcdfc9fbf45bee6bd972aa7652) Importer(815301076,1909f56bfc062723c751e8b465ee728b)  -> (artifact id: 'da5f2116488460c8bd943af556bb25b8') in 0.026600 seconds 
Number of asset objects unloaded after import = 3
========================================================================
Received Import Request.
  Time since last request: 0.000031 seconds.
  path: Assets/Collectables_Asset/Bolt&Nut/bolt1/Materials/bolt1bit_diffuse.mat
  artifactKey: Guid(17b2e187b95380f4aa45229e6ffd5188) Importer(815301076,1909f56bfc062723c751e8b465ee728b)
Number of updated assets reloaded before import = 0
Start importing Assets/Collectables_Asset/Bolt&Nut/bolt1/Materials/bolt1bit_diffuse.mat using Guid(17b2e187b95380f4aa45229e6ffd5188) Importer(815301076,1909f56bfc062723c751e8b465ee728b)  -> (artifact id: '3ec4a2bfac0c5a3e897d6f3277a56573') in 0.027731 seconds 
Number of asset objects unloaded after import = 2
========================================================================
Received Import Request.
  Time since last request: 5.930456 seconds.
  path: Assets/Level1/Packages/SciFi_Creates/Create004/Materials/crateOpenFinal_low_CrateTexture_AO.mat
  artifactKey: Guid(45089d756a5b2e24dbeef2fdc0ba36fb) Importer(815301076,1909f56bfc062723c751e8b465ee728b)
Number of updated assets reloaded before import = 0
Start importing Assets/Level1/Packages/SciFi_Creates/Create004/Materials/crateOpenFinal_low_CrateTexture_AO.mat using Guid(45089d756a5b2e24dbeef2fdc0ba36fb) Importer(815301076,1909f56bfc062723c751e8b465ee728b)  -> (artifact id: 'a6e65d935748173567394246405aac95') in 0.029268 seconds 
Number of asset objects unloaded after import = 2
========================================================================
Received Import Request.
  Time since last request: 0.000021 seconds.
  path: Assets/Collectables_Asset/Wrench/Materials/double_open_end_wrench.mat
  artifactKey: Guid(6cc253bd6eb2c4f41a5287a00bfbd08a) Importer(815301076,1909f56bfc062723c751e8b465ee728b)
Number of updated assets reloaded before import = 0
Start importing Assets/Collectables_Asset/Wrench/Materials/double_open_end_wrench.mat using Guid(6cc253bd6eb2c4f41a5287a00bfbd08a) Importer(815301076,1909f56bfc062723c751e8b465ee728b)  -> (artifact id: '2326a899c7e2c0e842610d13ef549c38') in 0.037370 seconds 
Number of asset objects unloaded after import = 4
========================================================================
Received Import Request.
  Time since last request: 0.000020 seconds.
  path: Assets/Level1/Packages/SciFi_Creates/Create004/Materials/crateOpenFinal_low_CrateTexture_Normal.mat
  artifactKey: Guid(b407e1f668c169b4abdcea862c810ab6) Importer(815301076,1909f56bfc062723c751e8b465ee728b)
Number of updated assets reloaded before import = 0
Start importing Assets/Level1/Packages/SciFi_Creates/Create004/Materials/crateOpenFinal_low_CrateTexture_Normal.mat using Guid(b407e1f668c169b4abdcea862c810ab6) Importer(815301076,1909f56bfc062723c751e8b465ee728b)  -> (artifact id: '3200c862bb4d52748543d1f4b95da56f') in 0.026509 seconds 
Number of asset objects unloaded after import = 2
========================================================================
Received Import Request.
  Time since last request: 208.891611 seconds.
  path: Assets/Collectables_Asset/Wrench/Setting/Materials/floor.mat
  artifactKey: Guid(189622c58259cc347a7b4b89a63f56eb) Importer(815301076,1909f56bfc062723c751e8b465ee728b)
Number of updated assets reloaded before import = 0
Start importing Assets/Collectables_Asset/Wrench/Setting/Materials/floor.mat using Guid(189622c58259cc347a7b4b89a63f56eb) Importer(815301076,1909f56bfc062723c751e8b465ee728b)  -> (artifact id: '12770c74fca5e82d02fa09a1983b403e') in 0.028144 seconds 
Number of asset objects unloaded after import = 1
========================================================================
Received Import Request.
  Time since last request: 733.371833 seconds.
  path: Assets/Collectables_Asset/Bolt&Nut/Prefabs
  artifactKey: Guid(4634db468d3766b4fac36ab3a37f38a2) Importer(815301076,1909f56bfc062723c751e8b465ee728b)
Number of updated assets reloaded before import = 0
Start importing Assets/Collectables_Asset/Bolt&Nut/Prefabs using Guid(4634db468d3766b4fac36ab3a37f38a2) Importer(815301076,1909f56bfc062723c751e8b465ee728b)  -> (artifact id: '5fe6bed4b14ab223e835ca55149758b1') in 0.005757 seconds 
Number of asset objects unloaded after import = 0
========================================================================
Received Import Request.
  Time since last request: 0.055734 seconds.
  path: Assets/Collectables_Asset/Bolt&Nut/Prefabs/BoltM6.prefab
  artifactKey: Guid(e415ce8b079c6474e9322f800256364c) Importer(815301076,1909f56bfc062723c751e8b465ee728b)
Number of updated assets reloaded before import = 0
Start importing Assets/Collectables_Asset/Bolt&Nut/Prefabs/BoltM6.prefab using Guid(e415ce8b079c6474e9322f800256364c) Importer(815301076,1909f56bfc062723c751e8b465ee728b)  -> (artifact id: 'ae86055cf9fb4d564773f6ef2a1e8262') in 0.090358 seconds 
Number of asset objects unloaded after import = 13
========================================================================
Received Import Request.
  Time since last request: 38.509796 seconds.
  path: Assets/Collectables_Asset/Bolt&Nut/bolt1/bolt1bit.fbx
  artifactKey: Guid(4bf8c45e682934c56bd1d5e5a57d521b) Importer(815301076,1909f56bfc062723c751e8b465ee728b)
Number of updated assets reloaded before import = 0
Start importing Assets/Collectables_Asset/Bolt&Nut/bolt1/bolt1bit.fbx using Guid(4bf8c45e682934c56bd1d5e5a57d521b) Importer(815301076,1909f56bfc062723c751e8b465ee728b)  -> (artifact id: '9218a361c6bba78fe37cd3812b64b729') in 0.036989 seconds 
Number of asset objects unloaded after import = 10
========================================================================
Received Import Request.
  Time since last request: 175.481718 seconds.
  path: Assets/Collectables_Asset/Hammer/FBX
  artifactKey: Guid(77fe9bafcd700654e98fffcc0e9f23ef) Importer(815301076,1909f56bfc062723c751e8b465ee728b)
Number of updated assets reloaded before import = 0
Start importing Assets/Collectables_Asset/Hammer/FBX using Guid(77fe9bafcd700654e98fffcc0e9f23ef) Importer(815301076,1909f56bfc062723c751e8b465ee728b)  -> (artifact id: '409479b882f9b05072780184792dd1cb') in 0.024747 seconds 
Number of asset objects unloaded after import = 0
========================================================================
Received Import Request.
  Time since last request: 0.048323 seconds.
  path: Assets/Collectables_Asset/Hammer/FBX/Hammer 66.FBX
  artifactKey: Guid(c228cdd4bc9505f41a293f6c52fc8cf7) Importer(815301076,1909f56bfc062723c751e8b465ee728b)
Number of updated assets reloaded before import = 0
Start importing Assets/Collectables_Asset/Hammer/FBX/Hammer 66.FBX using Guid(c228cdd4bc9505f41a293f6c52fc8cf7) Importer(815301076,1909f56bfc062723c751e8b465ee728b)  -> (artifact id: 'ce29143f33a81ed837fcfa6f3482d10b') in 0.098812 seconds 
Number of asset objects unloaded after import = 34
========================================================================
Received Import Request.
  Time since last request: 4.452654 seconds.
  path: Assets/Collectables_Asset/Hammer/Prefab
  artifactKey: Guid(656a5fb05d33f5c4da25210abe39de3a) Importer(815301076,1909f56bfc062723c751e8b465ee728b)
Number of updated assets reloaded before import = 0
Start importing Assets/Collectables_Asset/Hammer/Prefab using Guid(656a5fb05d33f5c4da25210abe39de3a) Importer(815301076,1909f56bfc062723c751e8b465ee728b)  -> (artifact id: 'bbbf59c8d80aaaf247a33c8277555fee') in 0.021347 seconds 
Number of asset objects unloaded after import = 0
========================================================================
Received Import Request.
  Time since last request: 0.046396 seconds.
  path: Assets/Collectables_Asset/Hammer/Prefab/Hammer.prefab
  artifactKey: Guid(1e5db32221322bb4ba9ebe7a3faeaf4d) Importer(815301076,1909f56bfc062723c751e8b465ee728b)
Number of updated assets reloaded before import = 0
Start importing Assets/Collectables_Asset/Hammer/Prefab/Hammer.prefab using Guid(1e5db32221322bb4ba9ebe7a3faeaf4d) Importer(815301076,1909f56bfc062723c751e8b465ee728b)  -> (artifact id: '0ca5c4492d24d261023f8f3246b10c76') in 0.025780 seconds 
Number of asset objects unloaded after import = 12
========================================================================
Received Import Request.
  Time since last request: 88.432974 seconds.
  path: Assets/Collectables_Asset/Metal Plates/Prefabs
  artifactKey: Guid(f1fd5804b6d6ed244ba9974fb5fb2474) Importer(815301076,1909f56bfc062723c751e8b465ee728b)
Number of updated assets reloaded before import = 0
Start importing Assets/Collectables_Asset/Metal Plates/Prefabs using Guid(f1fd5804b6d6ed244ba9974fb5fb2474) Importer(815301076,1909f56bfc062723c751e8b465ee728b)  -> (artifact id: '802ae4714d234554f5a6248d946c4364') in 0.004980 seconds 
Number of asset objects unloaded after import = 0
========================================================================
Received Import Request.
  Time since last request: 0.062803 seconds.
  path: Assets/Collectables_Asset/Metal Plates/Prefabs/Metal_Plate_1.prefab
  artifactKey: Guid(97fd87e87e832fb40863634da35ac14f) Importer(815301076,1909f56bfc062723c751e8b465ee728b)
Number of updated assets reloaded before import = 0
Start importing Assets/Collectables_Asset/Metal Plates/Prefabs/Metal_Plate_1.prefab using Guid(97fd87e87e832fb40863634da35ac14f) Importer(815301076,1909f56bfc062723c751e8b465ee728b)  -> (artifact id: 'dc32d35e190bd4cbec4b668ff35bfa9e') in 0.034167 seconds 
Number of asset objects unloaded after import = 24
========================================================================
Received Import Request.
  Time since last request: 0.000026 seconds.
  path: Assets/Collectables_Asset/Metal Plates/Prefabs/Metal_Plate_3.prefab
  artifactKey: Guid(b141f7cdc1f538d45b086a28d3bff349) Importer(815301076,1909f56bfc062723c751e8b465ee728b)
Number of updated assets reloaded before import = 0
Start importing Assets/Collectables_Asset/Metal Plates/Prefabs/Metal_Plate_3.prefab using Guid(b141f7cdc1f538d45b086a28d3bff349) Importer(815301076,1909f56bfc062723c751e8b465ee728b)  -> (artifact id: 'dc74d75bad0d6203f1d2dcc1c8b702db') in 0.096751 seconds 
Number of asset objects unloaded after import = 24
