Using pre-set license
Built from '2021.3/staging' branch; Version is '2021.3.39f1 (fb3b7b32f191) revision 16464763'; Using compiler version '192829333'; Build Type 'Release'
OS: 'Windows 11  (10.0.26100) 64bit Professional' Language: 'en' Physical Memory: 32306 MB
BatchMode: 1, IsHumanControllingUs: 0, StartBugReporterOnCrash: 0, Is64bit: 1, IsPro: 1

COMMAND LINE ARGUMENTS:
C:\Program Files\Unity\Hub\Editor\2021.3.39f1\Editor\Unity.exe
-adb2
-batchMode
-noUpm
-name
AssetImportWorker1
-projectPath
C:/Users/mario/source/repos/GameDev/OperationExoQuest/OperationExoQuest
-logFile
Logs/AssetImportWorker1.log
-srvPort
53803
Successfully changed project path to: C:/Users/mario/source/repos/GameDev/OperationExoQuest/OperationExoQuest
C:/Users/mario/source/repos/GameDev/OperationExoQuest/OperationExoQuest
[UnityMemory] Configuration Parameters - Can be set up in boot.config
    "memorysetup-bucket-allocator-granularity=16"
    "memorysetup-bucket-allocator-bucket-count=8"
    "memorysetup-bucket-allocator-block-size=33554432"
    "memorysetup-bucket-allocator-block-count=8"
    "memorysetup-main-allocator-block-size=16777216"
    "memorysetup-thread-allocator-block-size=16777216"
    "memorysetup-gfx-main-allocator-block-size=16777216"
    "memorysetup-gfx-thread-allocator-block-size=16777216"
    "memorysetup-cache-allocator-block-size=4194304"
    "memorysetup-typetree-allocator-block-size=2097152"
    "memorysetup-profiler-bucket-allocator-granularity=16"
    "memorysetup-profiler-bucket-allocator-bucket-count=8"
    "memorysetup-profiler-bucket-allocator-block-size=33554432"
    "memorysetup-profiler-bucket-allocator-block-count=8"
    "memorysetup-profiler-allocator-block-size=16777216"
    "memorysetup-profiler-editor-allocator-block-size=1048576"
    "memorysetup-temp-allocator-size-main=16777216"
    "memorysetup-job-temp-allocator-block-size=2097152"
    "memorysetup-job-temp-allocator-block-size-background=1048576"
    "memorysetup-job-temp-allocator-reduction-small-platforms=262144"
    "memorysetup-temp-allocator-size-background-worker=32768"
    "memorysetup-temp-allocator-size-job-worker=262144"
    "memorysetup-temp-allocator-size-preload-manager=33554432"
    "memorysetup-temp-allocator-size-nav-mesh-worker=65536"
    "memorysetup-temp-allocator-size-audio-worker=65536"
    "memorysetup-temp-allocator-size-cloud-worker=32768"
    "memorysetup-temp-allocator-size-gi-baking-worker=262144"
    "memorysetup-temp-allocator-size-gfx=262144"
Player connection [27752] Host "[IP] 192.168.100.110 [Port] 0 [Flags] 2 [Guid] 2559301906 [EditorId] 2559301906 [Version] 1048832 [Id] WindowsEditor(7,DESKTOP-QHJK815) [Debug] 1 [PackageName] WindowsEditor [ProjectName] Editor" joined multi-casting on [225.0.0.222:54997]...

Player connection [27752] Host "[IP] 192.168.100.110 [Port] 0 [Flags] 2 [Guid] 2559301906 [EditorId] 2559301906 [Version] 1048832 [Id] WindowsEditor(7,DESKTOP-QHJK815) [Debug] 1 [PackageName] WindowsEditor [ProjectName] Editor" joined alternative multi-casting on [225.0.0.222:34997]...

[Physics::Module] Initialized MultithreadedJobDispatcher with {0} workers.
Refreshing native plugins compatible for Editor in 56.75 ms, found 3 plugins.
Preloading 0 native plugins for Editor in 0.00 ms.
Initialize engine version: 2021.3.39f1 (fb3b7b32f191)
[Subsystems] Discovering subsystems at path C:/Program Files/Unity/Hub/Editor/2021.3.39f1/Editor/Data/Resources/UnitySubsystems
[Subsystems] Discovering subsystems at path C:/Users/mario/source/repos/GameDev/OperationExoQuest/OperationExoQuest/Assets
GfxDevice: creating device client; threaded=0; jobified=0
Direct3D:
    Version:  Direct3D 11.0 [level 11.1]
    Renderer: Intel(R) Arc(TM) Graphics (ID=0x7d55)
    Vendor:   Intel
    VRAM:     18414 MB
    Driver:   32.0.101.6129
Initialize mono
Mono path[0] = 'C:/Program Files/Unity/Hub/Editor/2021.3.39f1/Editor/Data/Managed'
Mono path[1] = 'C:/Program Files/Unity/Hub/Editor/2021.3.39f1/Editor/Data/MonoBleedingEdge/lib/mono/unityjit-win32'
Mono config path = 'C:/Program Files/Unity/Hub/Editor/2021.3.39f1/Editor/Data/MonoBleedingEdge/etc'
Using monoOptions --debugger-agent=transport=dt_socket,embedding=1,server=y,suspend=n,address=127.0.0.1:56264
Begin MonoManager ReloadAssembly
Registering precompiled unity dll's ...
Register platform support module: C:/Program Files/Unity/Hub/Editor/2021.3.39f1/Editor/Data/PlaybackEngines/WindowsStandaloneSupport/UnityEditor.WindowsStandalone.Extensions.dll
Registered in 0.002580 seconds.
Native extension for WindowsStandalone target not found
Refreshing native plugins compatible for Editor in 63.78 ms, found 3 plugins.
Preloading 0 native plugins for Editor in 0.00 ms.
Mono: successfully reloaded assembly
- Completed reload, in  0.583 seconds
Domain Reload Profiling:
	ReloadAssembly (583ms)
		BeginReloadAssembly (97ms)
			ExecutionOrderSort (0ms)
			DisableScriptedObjects (0ms)
			BackupInstance (0ms)
			ReleaseScriptingObjects (0ms)
			CreateAndSetChildDomain (1ms)
		EndReloadAssembly (397ms)
			LoadAssemblies (95ms)
			RebuildTransferFunctionScriptingTraits (0ms)
			SetupTypeCache (99ms)
			ReleaseScriptCaches (0ms)
			RebuildScriptCaches (26ms)
			SetupLoadedEditorAssemblies (239ms)
				LogAssemblyErrors (0ms)
				InitializePlatformSupportModulesInManaged (8ms)
				SetLoadedEditorAssemblies (0ms)
				RefreshPlugins (64ms)
				BeforeProcessingInitializeOnLoad (1ms)
				ProcessInitializeOnLoadAttributes (115ms)
				ProcessInitializeOnLoadMethodAttributes (50ms)
				AfterProcessingInitializeOnLoad (0ms)
				EditorAssembliesLoaded (0ms)
			ExecutionOrderSort2 (0ms)
			AwakeInstancesAfterBackupRestoration (0ms)
Platform modules already initialized, skipping
Registering precompiled user dll's ...
Registered in 0.003505 seconds.
Begin MonoManager ReloadAssembly
Native extension for WindowsStandalone target not found
Refreshing native plugins compatible for Editor in 0.60 ms, found 3 plugins.
Preloading 0 native plugins for Editor in 0.00 ms.
Package Manager log level set to [2]
[Package Manager] Server::EnsureServerProcessIsRunning -- launch failed, reason: Unity was launched with the -noUpm command-line argument
[Package Manager] Cannot connect to Unity Package Manager local server
Mono: successfully reloaded assembly
- Completed reload, in  1.263 seconds
Domain Reload Profiling:
	ReloadAssembly (1264ms)
		BeginReloadAssembly (107ms)
			ExecutionOrderSort (0ms)
			DisableScriptedObjects (5ms)
			BackupInstance (0ms)
			ReleaseScriptingObjects (0ms)
			CreateAndSetChildDomain (17ms)
		EndReloadAssembly (1074ms)
			LoadAssemblies (82ms)
			RebuildTransferFunctionScriptingTraits (0ms)
			SetupTypeCache (245ms)
			ReleaseScriptCaches (0ms)
			RebuildScriptCaches (52ms)
			SetupLoadedEditorAssemblies (672ms)
				LogAssemblyErrors (0ms)
				InitializePlatformSupportModulesInManaged (4ms)
				SetLoadedEditorAssemblies (0ms)
				RefreshPlugins (1ms)
				BeforeProcessingInitializeOnLoad (63ms)
				ProcessInitializeOnLoadAttributes (583ms)
				ProcessInitializeOnLoadMethodAttributes (17ms)
				AfterProcessingInitializeOnLoad (4ms)
				EditorAssembliesLoaded (0ms)
			ExecutionOrderSort2 (0ms)
			AwakeInstancesAfterBackupRestoration (5ms)
Platform modules already initialized, skipping
========================================================================
Worker process is ready to serve import requests
Launched and connected shader compiler UnityShaderCompiler.exe after 0.05 seconds
Refreshing native plugins compatible for Editor in 0.74 ms, found 3 plugins.
Preloading 0 native plugins for Editor in 0.00 ms.
Unloading 3457 Unused Serialized files (Serialized files now loaded: 0)
Unloading 25 unused Assets / (100.9 KB). Loaded Objects now: 3945.
Memory consumption went from 139.6 MB to 139.5 MB.
Total: 4.684200 ms (FindLiveObjects: 0.460100 ms CreateObjectMapping: 0.253100 ms MarkObjects: 3.763100 ms  DeleteObjects: 0.205900 ms)

AssetImportParameters requested are different than current active one (requested -> active):
  custom:video-decoder-ogg-theora: a1e56fd34408186e4bbccfd4996cb3dc -> 
  custom:container-muxer-webm: aa71ff27fc2769a1b78a27578f13a17b -> 
  custom:container-demuxer-webm: 4f35f7cbe854078d1ac9338744f61a02 -> 
  custom:video-encoder-webm-vp8: eb34c28f22e8b96e1ab97ce403110664 -> 
  custom:video-codec-MediaFoundation-h265: 746d11721c4dcdbdad8f713fa42b33f4 -> 
  custom:CustomObjectIndexerAttribute: bc11b3a6c3213fcdd17b65e7da85e133 -> 
  custom:audio-encoder-webm-vorbis: bf7c407c2cedff20999df2af8eb42d56 -> 
  custom:framework-win-MediaFoundation: 216162199b28c13a410421893ffa2e32 -> 
  custom:SearchIndexIgnoredProperties: e643bd26f0fe6173181afceb89e7c659 -> 
  custom:container-demuxer-ogg: 62fdf1f143b41e24485cea50d1cbac27 -> 
  custom:video-decoder-webm-vp8: 9c59270c3fd7afecdb556c50c9e8de78 -> 
  custom:audio-decoder-ogg-vorbis: bf7c407c2cedff20999df2af8eb42d56 -> 
========================================================================
Received Import Request.
  Time since last request: 8105.440617 seconds.
  path: Assets/Tree.prefab
  artifactKey: Guid(a43db7e6eb9183049801573b1621c2db) Importer(815301076,1909f56bfc062723c751e8b465ee728b)
Number of updated assets reloaded before import = 0
Start importing Assets/Tree.prefab using Guid(a43db7e6eb9183049801573b1621c2db) Importer(815301076,1909f56bfc062723c751e8b465ee728b)  -> (artifact id: '847c35d6d5afff0bc1a9ddb90c13dabc') in 0.199519 seconds 
Number of asset objects unloaded after import = 15
========================================================================
Received Import Request.
  Time since last request: 14.887340 seconds.
  path: Assets/Tree_Textures/normal_specular.png
  artifactKey: Guid(947188707eaefd8459da8b8c1b687f1d) Importer(815301076,1909f56bfc062723c751e8b465ee728b)
Number of updated assets reloaded before import = 0
Start importing Assets/Tree_Textures/normal_specular.png using Guid(947188707eaefd8459da8b8c1b687f1d) Importer(815301076,1909f56bfc062723c751e8b465ee728b)  -> (artifact id: '120cf7a44256a83d7b1837a090f3978c') in 0.095029 seconds 
Number of asset objects unloaded after import = 2
========================================================================
Received Import Request.
  Time since last request: 0.000024 seconds.
  path: Assets/Tree_Textures/translucency_gloss.png
  artifactKey: Guid(3a4b1eb00294fec4a80f6aa44ac63899) Importer(815301076,1909f56bfc062723c751e8b465ee728b)
Number of updated assets reloaded before import = 0
Start importing Assets/Tree_Textures/translucency_gloss.png using Guid(3a4b1eb00294fec4a80f6aa44ac63899) Importer(815301076,1909f56bfc062723c751e8b465ee728b)  -> (artifact id: 'e6346e9e6e432baa58a832fa110f0ec6') in 0.023276 seconds 
Number of asset objects unloaded after import = 2
========================================================================
Received Import Request.
  Time since last request: 462.709852 seconds.
  path: Assets/Level1/RobotSphere/Assets/Models/Animation/robotSphere@anim_cloed_Roll_Loop.fbx
  artifactKey: Guid(a39d150aebfb4ce449f4a4f23709b822) Importer(815301076,1909f56bfc062723c751e8b465ee728b)
Number of updated assets reloaded before import = 0
Start importing Assets/Level1/RobotSphere/Assets/Models/Animation/robotSphere@anim_cloed_Roll_Loop.fbx using Guid(a39d150aebfb4ce449f4a4f23709b822) Importer(815301076,1909f56bfc062723c751e8b465ee728b)  -> (artifact id: '05b75c570e02973b788563c779d172b8') in 0.224983 seconds 
Number of asset objects unloaded after import = 268
========================================================================
Received Import Request.
  Time since last request: 0.000029 seconds.
  path: Assets/Level1/RobotSphere/Assets/Models/Animation/robotSphere@anim_open.fbx
  artifactKey: Guid(ecb6e102166bfcf47b9206c2f8297fc1) Importer(815301076,1909f56bfc062723c751e8b465ee728b)
Number of updated assets reloaded before import = 0
Start importing Assets/Level1/RobotSphere/Assets/Models/Animation/robotSphere@anim_open.fbx using Guid(ecb6e102166bfcf47b9206c2f8297fc1) Importer(815301076,1909f56bfc062723c751e8b465ee728b)  -> (artifact id: 'fd063cd3647a4600e51e265f64cebb6c') in 0.247354 seconds 
Number of asset objects unloaded after import = 268
========================================================================
Received Import Request.
  Time since last request: 2.115730 seconds.
  path: Assets/Level1/RobotSphere/Assets/Models/Animation/robotSphere@anim_open_Idle_F1.fbx
  artifactKey: Guid(1b77d6c7e7fbcb84c883cf63da0a79a5) Importer(815301076,1909f56bfc062723c751e8b465ee728b)
Number of updated assets reloaded before import = 0
Start importing Assets/Level1/RobotSphere/Assets/Models/Animation/robotSphere@anim_open_Idle_F1.fbx using Guid(1b77d6c7e7fbcb84c883cf63da0a79a5) Importer(815301076,1909f56bfc062723c751e8b465ee728b)  -> (artifact id: '20fcbd21b20d204fb9c5b2b447386866') in 0.210313 seconds 
Number of asset objects unloaded after import = 268
========================================================================
Received Import Request.
  Time since last request: 140.743189 seconds.
  path: Assets/Level2/Medieval_Buildings_Modular/Materials/Wagon_Controler.mat
  artifactKey: Guid(d844df27da2967144b83a4eeceec2e29) Importer(815301076,1909f56bfc062723c751e8b465ee728b)
Number of updated assets reloaded before import = 0
Start importing Assets/Level2/Medieval_Buildings_Modular/Materials/Wagon_Controler.mat using Guid(d844df27da2967144b83a4eeceec2e29) Importer(815301076,1909f56bfc062723c751e8b465ee728b)  -> (artifact id: 'fa7d7eeeab33e1c01ff9399051372e24') in 0.043814 seconds 
Number of asset objects unloaded after import = 4
========================================================================
Received Import Request.
  Time since last request: 2.052977 seconds.
  path: Assets/Level2/Medieval_Buildings_Modular/Materials/Window.mat
  artifactKey: Guid(dfd1e516ed749834cacc405043c3b3b5) Importer(815301076,1909f56bfc062723c751e8b465ee728b)
Number of updated assets reloaded before import = 0
Start importing Assets/Level2/Medieval_Buildings_Modular/Materials/Window.mat using Guid(dfd1e516ed749834cacc405043c3b3b5) Importer(815301076,1909f56bfc062723c751e8b465ee728b)  -> (artifact id: '73e1ec3a8204f13cbf568c52a1e83ebf') in 0.040298 seconds 
Number of asset objects unloaded after import = 4
========================================================================
Received Import Request.
  Time since last request: 0.000017 seconds.
  path: Assets/Level2/Medieval_Buildings_Modular/Materials/Window_DR.mat
  artifactKey: Guid(170f5d09d04613646b0207ef4be88d32) Importer(815301076,1909f56bfc062723c751e8b465ee728b)
Number of updated assets reloaded before import = 0
Start importing Assets/Level2/Medieval_Buildings_Modular/Materials/Window_DR.mat using Guid(170f5d09d04613646b0207ef4be88d32) Importer(815301076,1909f56bfc062723c751e8b465ee728b)  -> (artifact id: 'c623b7add5e803ce87cb09c1e6c2dabc') in 0.033766 seconds 
Number of asset objects unloaded after import = 4
========================================================================
Received Import Request.
  Time since last request: 5.752883 seconds.
  path: Assets/Level2/Medieval_Buildings_Modular/Materials/Wood.mat
  artifactKey: Guid(d450816fc422142488a66aade6cc502a) Importer(815301076,1909f56bfc062723c751e8b465ee728b)
Number of updated assets reloaded before import = 0
Start importing Assets/Level2/Medieval_Buildings_Modular/Materials/Wood.mat using Guid(d450816fc422142488a66aade6cc502a) Importer(815301076,1909f56bfc062723c751e8b465ee728b)  -> (artifact id: 'cadefda2f41e7ade0f06e9b800dbe602') in 0.032471 seconds 
Number of asset objects unloaded after import = 3
