Using pre-set license
Built from '2021.3/staging' branch; Version is '2021.3.39f1 (fb3b7b32f191) revision 16464763'; Using compiler version '192829333'; Build Type 'Release'
OS: 'Windows 11  (10.0.26100) 64bit Professional' Language: 'en' Physical Memory: 32306 MB
BatchMode: 1, IsHumanControllingUs: 0, StartBugReporterOnCrash: 0, Is64bit: 1, IsPro: 1

COMMAND LINE ARGUMENTS:
C:\Program Files\Unity\Hub\Editor\2021.3.39f1\Editor\Unity.exe
-adb2
-batchMode
-noUpm
-name
AssetImportWorker2
-projectPath
C:/Users/mario/source/repos/GameDev/OperationExoQuest/OperationExoQuest
-logFile
Logs/AssetImportWorker2.log
-srvPort
59573
Successfully changed project path to: C:/Users/mario/source/repos/GameDev/OperationExoQuest/OperationExoQuest
C:/Users/mario/source/repos/GameDev/OperationExoQuest/OperationExoQuest
[UnityMemory] Configuration Parameters - Can be set up in boot.config
    "memorysetup-bucket-allocator-granularity=16"
    "memorysetup-bucket-allocator-bucket-count=8"
    "memorysetup-bucket-allocator-block-size=33554432"
    "memorysetup-bucket-allocator-block-count=8"
    "memorysetup-main-allocator-block-size=16777216"
    "memorysetup-thread-allocator-block-size=16777216"
    "memorysetup-gfx-main-allocator-block-size=16777216"
    "memorysetup-gfx-thread-allocator-block-size=16777216"
    "memorysetup-cache-allocator-block-size=4194304"
    "memorysetup-typetree-allocator-block-size=2097152"
    "memorysetup-profiler-bucket-allocator-granularity=16"
    "memorysetup-profiler-bucket-allocator-bucket-count=8"
    "memorysetup-profiler-bucket-allocator-block-size=33554432"
    "memorysetup-profiler-bucket-allocator-block-count=8"
    "memorysetup-profiler-allocator-block-size=16777216"
    "memorysetup-profiler-editor-allocator-block-size=1048576"
    "memorysetup-temp-allocator-size-main=16777216"
    "memorysetup-job-temp-allocator-block-size=2097152"
    "memorysetup-job-temp-allocator-block-size-background=1048576"
    "memorysetup-job-temp-allocator-reduction-small-platforms=262144"
    "memorysetup-temp-allocator-size-background-worker=32768"
    "memorysetup-temp-allocator-size-job-worker=262144"
    "memorysetup-temp-allocator-size-preload-manager=33554432"
    "memorysetup-temp-allocator-size-nav-mesh-worker=65536"
    "memorysetup-temp-allocator-size-audio-worker=65536"
    "memorysetup-temp-allocator-size-cloud-worker=32768"
    "memorysetup-temp-allocator-size-gi-baking-worker=262144"
    "memorysetup-temp-allocator-size-gfx=262144"
Player connection [11588] Host "[IP] 192.168.100.110 [Port] 0 [Flags] 2 [Guid] 3013991198 [EditorId] 3013991198 [Version] 1048832 [Id] WindowsEditor(7,DESKTOP-QHJK815) [Debug] 1 [PackageName] WindowsEditor [ProjectName] Editor" joined multi-casting on [225.0.0.222:54997]...

Player connection [11588] Host "[IP] 192.168.100.110 [Port] 0 [Flags] 2 [Guid] 3013991198 [EditorId] 3013991198 [Version] 1048832 [Id] WindowsEditor(7,DESKTOP-QHJK815) [Debug] 1 [PackageName] WindowsEditor [ProjectName] Editor" joined alternative multi-casting on [225.0.0.222:34997]...

[Physics::Module] Initialized MultithreadedJobDispatcher with {0} workers.
Refreshing native plugins compatible for Editor in 65.75 ms, found 3 plugins.
Preloading 0 native plugins for Editor in 0.00 ms.
Initialize engine version: 2021.3.39f1 (fb3b7b32f191)
[Subsystems] Discovering subsystems at path C:/Program Files/Unity/Hub/Editor/2021.3.39f1/Editor/Data/Resources/UnitySubsystems
[Subsystems] Discovering subsystems at path C:/Users/mario/source/repos/GameDev/OperationExoQuest/OperationExoQuest/Assets
GfxDevice: creating device client; threaded=0; jobified=0
Direct3D:
    Version:  Direct3D 11.0 [level 11.1]
    Renderer: Intel(R) Arc(TM) Graphics (ID=0x7d55)
    Vendor:   Intel
    VRAM:     18414 MB
    Driver:   32.0.101.6129
Initialize mono
Mono path[0] = 'C:/Program Files/Unity/Hub/Editor/2021.3.39f1/Editor/Data/Managed'
Mono path[1] = 'C:/Program Files/Unity/Hub/Editor/2021.3.39f1/Editor/Data/MonoBleedingEdge/lib/mono/unityjit-win32'
Mono config path = 'C:/Program Files/Unity/Hub/Editor/2021.3.39f1/Editor/Data/MonoBleedingEdge/etc'
Using monoOptions --debugger-agent=transport=dt_socket,embedding=1,server=y,suspend=n,address=127.0.0.1:56160
Begin MonoManager ReloadAssembly
Registering precompiled unity dll's ...
Register platform support module: C:/Program Files/Unity/Hub/Editor/2021.3.39f1/Editor/Data/PlaybackEngines/WindowsStandaloneSupport/UnityEditor.WindowsStandalone.Extensions.dll
Registered in 0.003369 seconds.
Native extension for WindowsStandalone target not found
Refreshing native plugins compatible for Editor in 62.00 ms, found 3 plugins.
Preloading 0 native plugins for Editor in 0.00 ms.
Mono: successfully reloaded assembly
- Completed reload, in  0.538 seconds
Domain Reload Profiling:
	ReloadAssembly (539ms)
		BeginReloadAssembly (75ms)
			ExecutionOrderSort (0ms)
			DisableScriptedObjects (0ms)
			BackupInstance (0ms)
			ReleaseScriptingObjects (0ms)
			CreateAndSetChildDomain (1ms)
		EndReloadAssembly (389ms)
			LoadAssemblies (74ms)
			RebuildTransferFunctionScriptingTraits (0ms)
			SetupTypeCache (97ms)
			ReleaseScriptCaches (0ms)
			RebuildScriptCaches (22ms)
			SetupLoadedEditorAssemblies (236ms)
				LogAssemblyErrors (0ms)
				InitializePlatformSupportModulesInManaged (7ms)
				SetLoadedEditorAssemblies (0ms)
				RefreshPlugins (62ms)
				BeforeProcessingInitializeOnLoad (2ms)
				ProcessInitializeOnLoadAttributes (124ms)
				ProcessInitializeOnLoadMethodAttributes (41ms)
				AfterProcessingInitializeOnLoad (0ms)
				EditorAssembliesLoaded (0ms)
			ExecutionOrderSort2 (0ms)
			AwakeInstancesAfterBackupRestoration (0ms)
Platform modules already initialized, skipping
Registering precompiled user dll's ...
Registered in 0.003394 seconds.
Begin MonoManager ReloadAssembly
Native extension for WindowsStandalone target not found
Refreshing native plugins compatible for Editor in 0.54 ms, found 3 plugins.
Preloading 0 native plugins for Editor in 0.00 ms.
Package Manager log level set to [2]
[Package Manager] Server::EnsureServerProcessIsRunning -- launch failed, reason: Unity was launched with the -noUpm command-line argument
[Package Manager] Cannot connect to Unity Package Manager local server
Mono: successfully reloaded assembly
- Completed reload, in  1.546 seconds
Domain Reload Profiling:
	ReloadAssembly (1547ms)
		BeginReloadAssembly (140ms)
			ExecutionOrderSort (0ms)
			DisableScriptedObjects (6ms)
			BackupInstance (0ms)
			ReleaseScriptingObjects (0ms)
			CreateAndSetChildDomain (25ms)
		EndReloadAssembly (1304ms)
			LoadAssemblies (96ms)
			RebuildTransferFunctionScriptingTraits (0ms)
			SetupTypeCache (278ms)
			ReleaseScriptCaches (0ms)
			RebuildScriptCaches (65ms)
			SetupLoadedEditorAssemblies (834ms)
				LogAssemblyErrors (0ms)
				InitializePlatformSupportModulesInManaged (7ms)
				SetLoadedEditorAssemblies (1ms)
				RefreshPlugins (1ms)
				BeforeProcessingInitializeOnLoad (75ms)
				ProcessInitializeOnLoadAttributes (717ms)
				ProcessInitializeOnLoadMethodAttributes (26ms)
				AfterProcessingInitializeOnLoad (7ms)
				EditorAssembliesLoaded (0ms)
			ExecutionOrderSort2 (0ms)
			AwakeInstancesAfterBackupRestoration (9ms)
Platform modules already initialized, skipping
========================================================================
Worker process is ready to serve import requests
Launched and connected shader compiler UnityShaderCompiler.exe after 0.04 seconds
Refreshing native plugins compatible for Editor in 0.54 ms, found 3 plugins.
Preloading 0 native plugins for Editor in 0.00 ms.
Unloading 3457 Unused Serialized files (Serialized files now loaded: 0)
Unloading 25 unused Assets / (101.2 KB). Loaded Objects now: 3928.
Memory consumption went from 124.5 MB to 124.4 MB.
Total: 3.456700 ms (FindLiveObjects: 0.409800 ms CreateObjectMapping: 0.074700 ms MarkObjects: 2.789200 ms  DeleteObjects: 0.181400 ms)

AssetImportParameters requested are different than current active one (requested -> active):
  custom:video-decoder-ogg-theora: a1e56fd34408186e4bbccfd4996cb3dc -> 
  custom:container-muxer-webm: aa71ff27fc2769a1b78a27578f13a17b -> 
  custom:container-demuxer-webm: 4f35f7cbe854078d1ac9338744f61a02 -> 
  custom:video-encoder-webm-vp8: eb34c28f22e8b96e1ab97ce403110664 -> 
  custom:video-codec-MediaFoundation-h265: 746d11721c4dcdbdad8f713fa42b33f4 -> 
  custom:CustomObjectIndexerAttribute: bc11b3a6c3213fcdd17b65e7da85e133 -> 
  custom:audio-encoder-webm-vorbis: bf7c407c2cedff20999df2af8eb42d56 -> 
  custom:framework-win-MediaFoundation: 216162199b28c13a410421893ffa2e32 -> 
  custom:SearchIndexIgnoredProperties: e643bd26f0fe6173181afceb89e7c659 -> 
  custom:container-demuxer-ogg: 62fdf1f143b41e24485cea50d1cbac27 -> 
  custom:video-decoder-webm-vp8: 9c59270c3fd7afecdb556c50c9e8de78 -> 
  custom:audio-decoder-ogg-vorbis: bf7c407c2cedff20999df2af8eb42d56 -> 
========================================================================
Received Import Request.
  Time since last request: 20196.010646 seconds.
  path: Assets/Level2/MountainTrack2/Models/FBX/Materials
  artifactKey: Guid(48f827b6999864371923e9b02987fe7c) Importer(815301076,1909f56bfc062723c751e8b465ee728b)
Number of updated assets reloaded before import = 0
Start importing Assets/Level2/MountainTrack2/Models/FBX/Materials using Guid(48f827b6999864371923e9b02987fe7c) Importer(815301076,1909f56bfc062723c751e8b465ee728b)  -> (artifact id: '1c92747fa198ff30182d5c481da1d46c') in 0.025768 seconds 
Number of asset objects unloaded after import = 0
========================================================================
Received Import Request.
  Time since last request: 20.892767 seconds.
  path: Assets/Level2/MountainTrack2/Scenes_Day/Autumn_4_day.unity
  artifactKey: Guid(67c33c4299835436387966b0c62d93e4) Importer(815301076,1909f56bfc062723c751e8b465ee728b)
Number of updated assets reloaded before import = 0
Start importing Assets/Level2/MountainTrack2/Scenes_Day/Autumn_4_day.unity using Guid(67c33c4299835436387966b0c62d93e4) Importer(815301076,1909f56bfc062723c751e8b465ee728b)  -> (artifact id: '338553ad6c0946b303018dc8480875f8') in 0.020900 seconds 
Number of asset objects unloaded after import = 0
========================================================================
Received Import Request.
  Time since last request: 36.709059 seconds.
  path: Assets/Level2/MountainTrack2/Scenes_Day/Autumn_5_day.unity
  artifactKey: Guid(c94263523ea4c414c97cb734aab968e0) Importer(815301076,1909f56bfc062723c751e8b465ee728b)
Number of updated assets reloaded before import = 0
Start importing Assets/Level2/MountainTrack2/Scenes_Day/Autumn_5_day.unity using Guid(c94263523ea4c414c97cb734aab968e0) Importer(815301076,1909f56bfc062723c751e8b465ee728b)  -> (artifact id: '954e6e2d5e226caf5f25ecef5f74741e') in 0.023893 seconds 
Number of asset objects unloaded after import = 0
========================================================================
Received Import Request.
  Time since last request: 10.747884 seconds.
  path: Assets/Level2/MountainTrack2/Scenes_Day/Summer_4_day.unity
  artifactKey: Guid(7b763f721c2e24e6588088b26ee1cd56) Importer(815301076,1909f56bfc062723c751e8b465ee728b)
Number of updated assets reloaded before import = 0
Start importing Assets/Level2/MountainTrack2/Scenes_Day/Summer_4_day.unity using Guid(7b763f721c2e24e6588088b26ee1cd56) Importer(815301076,1909f56bfc062723c751e8b465ee728b)  -> (artifact id: 'a22cfdc64ac0bae2a02f6b9ba45d2dfd') in 0.023675 seconds 
Number of asset objects unloaded after import = 0
========================================================================
Received Import Request.
  Time since last request: 30.490581 seconds.
  path: Assets/Level2/MountainTrack2/Scenes_Night
  artifactKey: Guid(462118ddea0ae4990bdc151be6d99d9a) Importer(815301076,1909f56bfc062723c751e8b465ee728b)
Number of updated assets reloaded before import = 0
Start importing Assets/Level2/MountainTrack2/Scenes_Night using Guid(462118ddea0ae4990bdc151be6d99d9a) Importer(815301076,1909f56bfc062723c751e8b465ee728b)  -> (artifact id: '31b6a4109c0743d7b156cce645ce6636') in 0.023075 seconds 
Number of asset objects unloaded after import = 0
========================================================================
Received Import Request.
  Time since last request: 1.360688 seconds.
  path: Assets/Level2/MountainTrack2/Scenes_Night/Autumn_5_night.unity
  artifactKey: Guid(852edd2a590ad4dd5afe3b55d7383294) Importer(815301076,1909f56bfc062723c751e8b465ee728b)
Number of updated assets reloaded before import = 0
Start importing Assets/Level2/MountainTrack2/Scenes_Night/Autumn_5_night.unity using Guid(852edd2a590ad4dd5afe3b55d7383294) Importer(815301076,1909f56bfc062723c751e8b465ee728b)  -> (artifact id: '9c74170c6577442b3371a7e8b0426bc5') in 0.023000 seconds 
Number of asset objects unloaded after import = 0
========================================================================
Received Import Request.
  Time since last request: 13.880033 seconds.
  path: Assets/Level2/MountainTrack2/Scenes_Night/Autumn_6_night.unity
  artifactKey: Guid(46c52e9d33a7c4bcc9441f63273f0ddf) Importer(815301076,1909f56bfc062723c751e8b465ee728b)
Number of updated assets reloaded before import = 0
Start importing Assets/Level2/MountainTrack2/Scenes_Night/Autumn_6_night.unity using Guid(46c52e9d33a7c4bcc9441f63273f0ddf) Importer(815301076,1909f56bfc062723c751e8b465ee728b)  -> (artifact id: 'c14d20244cd336e0d31b60545abedc55') in 0.029421 seconds 
Number of asset objects unloaded after import = 0
========================================================================
Received Import Request.
  Time since last request: 117.989540 seconds.
  path: Assets/Level2/MountainTrack2/Scenes_Day/Winter_6_day.unity
  artifactKey: Guid(3edfa320957e64662a1e5b57999122d7) Importer(815301076,1909f56bfc062723c751e8b465ee728b)
Number of updated assets reloaded before import = 0
Start importing Assets/Level2/MountainTrack2/Scenes_Day/Winter_6_day.unity using Guid(3edfa320957e64662a1e5b57999122d7) Importer(815301076,1909f56bfc062723c751e8b465ee728b)  -> (artifact id: 'b13d9ddf31919f550df03b76a3892638') in 0.018659 seconds 
Number of asset objects unloaded after import = 0
========================================================================
Received Import Request.
  Time since last request: 9.525886 seconds.
  path: Assets/Level2/MountainTrack2/Scenes_Day/Summer_5_day.unity
  artifactKey: Guid(fd4afd37c1a5f423bbc505a17709f0e2) Importer(815301076,1909f56bfc062723c751e8b465ee728b)
Number of updated assets reloaded before import = 0
Start importing Assets/Level2/MountainTrack2/Scenes_Day/Summer_5_day.unity using Guid(fd4afd37c1a5f423bbc505a17709f0e2) Importer(815301076,1909f56bfc062723c751e8b465ee728b)  -> (artifact id: '2a1b53b8bfe1c87c650cce61626fc3f7') in 0.025734 seconds 
Number of asset objects unloaded after import = 0
========================================================================
Received Import Request.
  Time since last request: 2.243717 seconds.
  path: Assets/Level2/MountainTrack2/Scenes_Day/Autumn_6_day.unity
  artifactKey: Guid(bb52851deeada450caa2f87775645061) Importer(815301076,1909f56bfc062723c751e8b465ee728b)
Number of updated assets reloaded before import = 0
Start importing Assets/Level2/MountainTrack2/Scenes_Day/Autumn_6_day.unity using Guid(bb52851deeada450caa2f87775645061) Importer(815301076,1909f56bfc062723c751e8b465ee728b)  -> (artifact id: 'd4892a86011f0c97dd31414e5ee71d11') in 0.022968 seconds 
Number of asset objects unloaded after import = 0
========================================================================
Received Import Request.
  Time since last request: 83.019214 seconds.
  path: Assets/Level2/MountainTrack2/Scenes_Day/Summer_6_day.unity
  artifactKey: Guid(64f411efdaea040e7b6f7be13861ff99) Importer(815301076,1909f56bfc062723c751e8b465ee728b)
Number of updated assets reloaded before import = 0
Start importing Assets/Level2/MountainTrack2/Scenes_Day/Summer_6_day.unity using Guid(64f411efdaea040e7b6f7be13861ff99) Importer(815301076,1909f56bfc062723c751e8b465ee728b)  -> (artifact id: '5651dcfbf16394d0abead2f064c88aa0') in 0.021186 seconds 
Number of asset objects unloaded after import = 0
========================================================================
Received Import Request.
  Time since last request: 206.753627 seconds.
  path: Assets/Level2/MountainTrack2/Scenes_Day/Winter_4_day.unity
  artifactKey: Guid(b80cdcefcb8f545f9bfd698639a83061) Importer(815301076,1909f56bfc062723c751e8b465ee728b)
Number of updated assets reloaded before import = 0
Start importing Assets/Level2/MountainTrack2/Scenes_Day/Winter_4_day.unity using Guid(b80cdcefcb8f545f9bfd698639a83061) Importer(815301076,1909f56bfc062723c751e8b465ee728b)  -> (artifact id: 'a43b991b69be0450d24110c21e143016') in 0.023261 seconds 
Number of asset objects unloaded after import = 0
========================================================================
Received Import Request.
  Time since last request: 742.792080 seconds.
  path: Assets/Level2/3d-model.fbx
  artifactKey: Guid(57b0d38034de1224b825b6f474380490) Importer(815301076,1909f56bfc062723c751e8b465ee728b)
Number of updated assets reloaded before import = 0
Start importing Assets/Level2/3d-model.fbx using Guid(57b0d38034de1224b825b6f474380490) Importer(815301076,1909f56bfc062723c751e8b465ee728b)  -> (artifact id: '27746261a15265e0fedcdd14a54fd221') in 0.316526 seconds 
Number of asset objects unloaded after import = 28
========================================================================
Received Import Request.
  Time since last request: 385.668792 seconds.
  path: Assets/Level2/Prefabs/3d-model.prefab
  artifactKey: Guid(478ca58b36f953d46a3a76932c1cd564) Importer(815301076,1909f56bfc062723c751e8b465ee728b)
Number of updated assets reloaded before import = 0
Start importing Assets/Level2/Prefabs/3d-model.prefab using Guid(478ca58b36f953d46a3a76932c1cd564) Importer(815301076,1909f56bfc062723c751e8b465ee728b)  -> (artifact id: '8c6eaeb9033e1dc0c3b882227e573653') in 0.026455 seconds 
Number of asset objects unloaded after import = 33
========================================================================
Received Import Request.
  Time since last request: 222.727186 seconds.
  path: Assets/Level2/UI
  artifactKey: Guid(44f454c4bccaa0f4eb398ca95805bec4) Importer(815301076,1909f56bfc062723c751e8b465ee728b)
Number of updated assets reloaded before import = 0
Start importing Assets/Level2/UI using Guid(44f454c4bccaa0f4eb398ca95805bec4) Importer(815301076,1909f56bfc062723c751e8b465ee728b)  -> (artifact id: 'a8c1f0183656e2064060260f1bf6fe36') in 0.021863 seconds 
Number of asset objects unloaded after import = 0
========================================================================
Received Import Request.
  Time since last request: 4.952837 seconds.
  path: Assets/Level2/Prefabs
  artifactKey: Guid(6261ea39a13cb3d4193f290cbca583a5) Importer(815301076,1909f56bfc062723c751e8b465ee728b)
Number of updated assets reloaded before import = 0
Start importing Assets/Level2/Prefabs using Guid(6261ea39a13cb3d4193f290cbca583a5) Importer(815301076,1909f56bfc062723c751e8b465ee728b)  -> (artifact id: '4a085c04b093778fd26d97ae2d7d4135') in 0.022387 seconds 
Number of asset objects unloaded after import = 0
========================================================================
Received Import Request.
  Time since last request: 77.725087 seconds.
  path: Assets/Level2/source
  artifactKey: Guid(eb3e511ae4d64de4993977dc20e0fb7d) Importer(815301076,1909f56bfc062723c751e8b465ee728b)
Number of updated assets reloaded before import = 0
Start importing Assets/Level2/source using Guid(eb3e511ae4d64de4993977dc20e0fb7d) Importer(815301076,1909f56bfc062723c751e8b465ee728b)  -> (artifact id: '70330e2117aaa6b7af65bac23ee4a270') in 0.019205 seconds 
Number of asset objects unloaded after import = 0
========================================================================
Received Import Request.
  Time since last request: 3.971639 seconds.
  path: Assets/Level2/source/Gas_station_Props.rar
  artifactKey: Guid(65a24c27368c0764f8951559b6a8ddd2) Importer(815301076,1909f56bfc062723c751e8b465ee728b)
Number of updated assets reloaded before import = 0
Start importing Assets/Level2/source/Gas_station_Props.rar using Guid(65a24c27368c0764f8951559b6a8ddd2) Importer(815301076,1909f56bfc062723c751e8b465ee728b)  -> (artifact id: '1f7e8c9fb70f2f9d6aaf86dce2dbdc2f') in 0.024084 seconds 
Number of asset objects unloaded after import = 1
========================================================================
Received Import Request.
  Time since last request: 8.656937 seconds.
  path: Assets/Level2/textures
  artifactKey: Guid(2818afaedba8f404897d2912b37747c5) Importer(815301076,1909f56bfc062723c751e8b465ee728b)
Number of updated assets reloaded before import = 0
Start importing Assets/Level2/textures using Guid(2818afaedba8f404897d2912b37747c5) Importer(815301076,1909f56bfc062723c751e8b465ee728b)  -> (artifact id: '7d185bfdaa75ca11f3de5b89df8abb0a') in 0.023556 seconds 
Number of asset objects unloaded after import = 0
========================================================================
Received Import Request.
  Time since last request: 0.060679 seconds.
  path: Assets/Level2/textures/6twelve.jpeg
  artifactKey: Guid(1e395e550bf17ec4a97e1947f97ad03d) Importer(815301076,1909f56bfc062723c751e8b465ee728b)
Number of updated assets reloaded before import = 0
Start importing Assets/Level2/textures/6twelve.jpeg using Guid(1e395e550bf17ec4a97e1947f97ad03d) Importer(815301076,1909f56bfc062723c751e8b465ee728b)  -> (artifact id: '7b492eff43716e3d0136bc4036b32dd0') in 0.099770 seconds 
Number of asset objects unloaded after import = 2
========================================================================
Received Import Request.
  Time since last request: 0.000044 seconds.
  path: Assets/Level2/textures/Carpet_01.jpeg
  artifactKey: Guid(b1bed0e7c88cf22409c639c6e427492e) Importer(815301076,1909f56bfc062723c751e8b465ee728b)
Number of updated assets reloaded before import = 0
Start importing Assets/Level2/textures/Carpet_01.jpeg using Guid(b1bed0e7c88cf22409c639c6e427492e) Importer(815301076,1909f56bfc062723c751e8b465ee728b)  -> (artifact id: 'cf592ce63b3c7d71ed28328847cae62b') in 0.031788 seconds 
Number of asset objects unloaded after import = 2
========================================================================
Received Import Request.
  Time since last request: 0.000030 seconds.
  path: Assets/Level2/textures/Marble.jpeg
  artifactKey: Guid(ffef75c709374f040b40eb09db61caeb) Importer(815301076,1909f56bfc062723c751e8b465ee728b)
Number of updated assets reloaded before import = 0
Start importing Assets/Level2/textures/Marble.jpeg using Guid(ffef75c709374f040b40eb09db61caeb) Importer(815301076,1909f56bfc062723c751e8b465ee728b)  -> (artifact id: 'd3554e2c1e373371e207f9ce9982c4ab') in 0.023797 seconds 
Number of asset objects unloaded after import = 2
========================================================================
Received Import Request.
  Time since last request: 0.000049 seconds.
  path: Assets/Level2/textures/Management.png
  artifactKey: Guid(0effe8f214f592145a1a14e190af3eb2) Importer(815301076,1909f56bfc062723c751e8b465ee728b)
Number of updated assets reloaded before import = 0
Start importing Assets/Level2/textures/Management.png using Guid(0effe8f214f592145a1a14e190af3eb2) Importer(815301076,1909f56bfc062723c751e8b465ee728b)  -> (artifact id: 'e5abe62be49e601762e489b2ce3183e0') in 0.031716 seconds 
Number of asset objects unloaded after import = 2
========================================================================
Received Import Request.
  Time since last request: 0.000017 seconds.
  path: Assets/Level2/textures/Pack_lighters.jpeg
  artifactKey: Guid(5fc9c320c3d92fd4a961a29b83fe718c) Importer(815301076,1909f56bfc062723c751e8b465ee728b)
Number of updated assets reloaded before import = 0
Start importing Assets/Level2/textures/Pack_lighters.jpeg using Guid(5fc9c320c3d92fd4a961a29b83fe718c) Importer(815301076,1909f56bfc062723c751e8b465ee728b)  -> (artifact id: 'ea16ea5f15d953a49e2a6378eaa56a64') in 0.021121 seconds 
Number of asset objects unloaded after import = 2
========================================================================
Received Import Request.
  Time since last request: 0.000051 seconds.
  path: Assets/Level2/textures/Metal_03.jpeg
  artifactKey: Guid(74fd8ee6b9dc081469c29bbf93026ab8) Importer(815301076,1909f56bfc062723c751e8b465ee728b)
Number of updated assets reloaded before import = 0
Start importing Assets/Level2/textures/Metal_03.jpeg using Guid(74fd8ee6b9dc081469c29bbf93026ab8) Importer(815301076,1909f56bfc062723c751e8b465ee728b)  -> (artifact id: '3b685a1973d727955323058ec576f975') in 0.024981 seconds 
Number of asset objects unloaded after import = 2
========================================================================
Received Import Request.
  Time since last request: 0.000031 seconds.
  path: Assets/Level2/textures/Metal_01.jpeg
  artifactKey: Guid(2ec77593821bdf64eabeb187c03ba81f) Importer(815301076,1909f56bfc062723c751e8b465ee728b)
Number of updated assets reloaded before import = 0
Start importing Assets/Level2/textures/Metal_01.jpeg using Guid(2ec77593821bdf64eabeb187c03ba81f) Importer(815301076,1909f56bfc062723c751e8b465ee728b)  -> (artifact id: '6edab549cef7d31cc0d7cb8a9331e164') in 0.028508 seconds 
Number of asset objects unloaded after import = 2
========================================================================
Received Import Request.
  Time since last request: 0.000034 seconds.
  path: Assets/Level2/textures/Fusible.png
  artifactKey: Guid(fc776909ffff31444a84a80206959f3b) Importer(815301076,1909f56bfc062723c751e8b465ee728b)
Number of updated assets reloaded before import = 0
Start importing Assets/Level2/textures/Fusible.png using Guid(fc776909ffff31444a84a80206959f3b) Importer(815301076,1909f56bfc062723c751e8b465ee728b)  -> (artifact id: 'dfea303040e57cbb9f0c37915eafd68d') in 0.025044 seconds 
Number of asset objects unloaded after import = 2
========================================================================
Received Import Request.
  Time since last request: 0.000029 seconds.
  path: Assets/Level2/textures/Light.jpeg
  artifactKey: Guid(72604cc0df11d2a4bac6ca94450f22cc) Importer(815301076,1909f56bfc062723c751e8b465ee728b)
Number of updated assets reloaded before import = 0
Start importing Assets/Level2/textures/Light.jpeg using Guid(72604cc0df11d2a4bac6ca94450f22cc) Importer(815301076,1909f56bfc062723c751e8b465ee728b)  -> (artifact id: '6add8c778908d6661ab831bb86a9b801') in 0.026402 seconds 
Number of asset objects unloaded after import = 2
========================================================================
Received Import Request.
  Time since last request: 0.000035 seconds.
  path: Assets/Level2/textures/Others.png
  artifactKey: Guid(3fad67d6a05ffbe44a377730f7695e6e) Importer(815301076,1909f56bfc062723c751e8b465ee728b)
Number of updated assets reloaded before import = 0
Start importing Assets/Level2/textures/Others.png using Guid(3fad67d6a05ffbe44a377730f7695e6e) Importer(815301076,1909f56bfc062723c751e8b465ee728b)  -> (artifact id: '3948806b67638bdf71eba8f6d53c8256') in 0.028231 seconds 
Number of asset objects unloaded after import = 2
========================================================================
Received Import Request.
  Time since last request: 0.000038 seconds.
  path: Assets/Level2/textures/Concrete.jpeg
  artifactKey: Guid(062ed1e959252604192ba270cc9a9238) Importer(815301076,1909f56bfc062723c751e8b465ee728b)
Number of updated assets reloaded before import = 0
Start importing Assets/Level2/textures/Concrete.jpeg using Guid(062ed1e959252604192ba270cc9a9238) Importer(815301076,1909f56bfc062723c751e8b465ee728b)  -> (artifact id: 'a2b5c8699ff820f9239d47356cb9926d') in 0.026196 seconds 
Number of asset objects unloaded after import = 2
========================================================================
Received Import Request.
  Time since last request: 0.000041 seconds.
  path: Assets/Level2/textures/Deposit.jpeg
  artifactKey: Guid(a30e4767a578d5f4b8998c8410ed2eb3) Importer(815301076,1909f56bfc062723c751e8b465ee728b)
Number of updated assets reloaded before import = 0
Start importing Assets/Level2/textures/Deposit.jpeg using Guid(a30e4767a578d5f4b8998c8410ed2eb3) Importer(815301076,1909f56bfc062723c751e8b465ee728b)  -> (artifact id: '37a4ecbe0204e53ea3795aacd5aad083') in 0.024559 seconds 
Number of asset objects unloaded after import = 2
========================================================================
Received Import Request.
  Time since last request: 0.000036 seconds.
  path: Assets/Level2/textures/Plaster.jpeg
  artifactKey: Guid(fdc26c45bda9e834c9bb615f4aff177e) Importer(815301076,1909f56bfc062723c751e8b465ee728b)
Number of updated assets reloaded before import = 0
Start importing Assets/Level2/textures/Plaster.jpeg using Guid(fdc26c45bda9e834c9bb615f4aff177e) Importer(815301076,1909f56bfc062723c751e8b465ee728b)  -> (artifact id: 'd8cdefdbee9321bc46dde5a6352b447b') in 0.025526 seconds 
Number of asset objects unloaded after import = 2
========================================================================
Received Import Request.
  Time since last request: 0.000033 seconds.
  path: Assets/Level2/textures/Concrete_01.png
  artifactKey: Guid(76969b1056536c34e81bcb7641bbeb84) Importer(815301076,1909f56bfc062723c751e8b465ee728b)
Number of updated assets reloaded before import = 0
Start importing Assets/Level2/textures/Concrete_01.png using Guid(76969b1056536c34e81bcb7641bbeb84) Importer(815301076,1909f56bfc062723c751e8b465ee728b)  -> (artifact id: 'b35d3dbbea4be4595ab391d7a355b469') in 0.028365 seconds 
Number of asset objects unloaded after import = 2
========================================================================
Received Import Request.
  Time since last request: 0.000039 seconds.
  path: Assets/Level2/textures/Bathrooms.png
  artifactKey: Guid(d164e1fad84e2ec448c7b878af6d9765) Importer(815301076,1909f56bfc062723c751e8b465ee728b)
Number of updated assets reloaded before import = 0
Start importing Assets/Level2/textures/Bathrooms.png using Guid(d164e1fad84e2ec448c7b878af6d9765) Importer(815301076,1909f56bfc062723c751e8b465ee728b)  -> (artifact id: 'a6b4876bf672e57524de0c5398e33ec7') in 0.026240 seconds 
Number of asset objects unloaded after import = 2
========================================================================
Received Import Request.
  Time since last request: 0.000032 seconds.
  path: Assets/Level2/textures/Door.jpeg
  artifactKey: Guid(e4b37fbf026c12446ab9c7e2baa69d6f) Importer(815301076,1909f56bfc062723c751e8b465ee728b)
Number of updated assets reloaded before import = 0
Start importing Assets/Level2/textures/Door.jpeg using Guid(e4b37fbf026c12446ab9c7e2baa69d6f) Importer(815301076,1909f56bfc062723c751e8b465ee728b)  -> (artifact id: '6451595615e8b35ec2c5b20af432554a') in 0.026409 seconds 
Number of asset objects unloaded after import = 2
========================================================================
Received Import Request.
  Time since last request: 0.000032 seconds.
  path: Assets/Level2/textures/Board.jpeg
  artifactKey: Guid(c910304a4255ff34488301a9642de629) Importer(815301076,1909f56bfc062723c751e8b465ee728b)
Number of updated assets reloaded before import = 0
Start importing Assets/Level2/textures/Board.jpeg using Guid(c910304a4255ff34488301a9642de629) Importer(815301076,1909f56bfc062723c751e8b465ee728b)  -> (artifact id: '7996af99b923a10003ca0c3b7ae6d0eb') in 0.023687 seconds 
Number of asset objects unloaded after import = 2
========================================================================
Received Import Request.
  Time since last request: 0.000030 seconds.
  path: Assets/Level2/textures/BrickSmallPainted.jpeg
  artifactKey: Guid(43dbcef311ece39429e2c918499973d5) Importer(815301076,1909f56bfc062723c751e8b465ee728b)
Number of updated assets reloaded before import = 0
Start importing Assets/Level2/textures/BrickSmallPainted.jpeg using Guid(43dbcef311ece39429e2c918499973d5) Importer(815301076,1909f56bfc062723c751e8b465ee728b)  -> (artifact id: '8f581d5bb324a6ea98c3fa6da6ff386c') in 0.026119 seconds 
Number of asset objects unloaded after import = 2
========================================================================
Received Import Request.
  Time since last request: 0.000034 seconds.
  path: Assets/Level2/textures/Coffee_machine.png
  artifactKey: Guid(248a3225e303d7b42bda26b282b12cb8) Importer(815301076,1909f56bfc062723c751e8b465ee728b)
Number of updated assets reloaded before import = 0
Start importing Assets/Level2/textures/Coffee_machine.png using Guid(248a3225e303d7b42bda26b282b12cb8) Importer(815301076,1909f56bfc062723c751e8b465ee728b)  -> (artifact id: '5d1c76831c094b1bc9100bd2bfc34260') in 0.028877 seconds 
Number of asset objects unloaded after import = 2
========================================================================
Received Import Request.
  Time since last request: 0.455470 seconds.
  path: Assets/Level2/textures/Refrigerador.jpeg
  artifactKey: Guid(de7654743aa800e43ad41c1f41f5c510) Importer(815301076,1909f56bfc062723c751e8b465ee728b)
Number of updated assets reloaded before import = 0
Start importing Assets/Level2/textures/Refrigerador.jpeg using Guid(de7654743aa800e43ad41c1f41f5c510) Importer(815301076,1909f56bfc062723c751e8b465ee728b)  -> (artifact id: '47d29bc5a720e85f95062aff3e5df102') in 0.020750 seconds 
Number of asset objects unloaded after import = 2
========================================================================
Received Import Request.
  Time since last request: 0.000023 seconds.
  path: Assets/Level2/textures/Sign.jpeg
  artifactKey: Guid(4e0fd614fc04f954dae8920c736449aa) Importer(815301076,1909f56bfc062723c751e8b465ee728b)
Number of updated assets reloaded before import = 0
Start importing Assets/Level2/textures/Sign.jpeg using Guid(4e0fd614fc04f954dae8920c736449aa) Importer(815301076,1909f56bfc062723c751e8b465ee728b)  -> (artifact id: '52f499e024cc6e217642ae39d1c94051') in 0.026812 seconds 
Number of asset objects unloaded after import = 2
========================================================================
Received Import Request.
  Time since last request: 0.000034 seconds.
  path: Assets/Level2/textures/Sweets_others.jpeg
  artifactKey: Guid(4f0830d1bb6054745a8bcadac679a034) Importer(815301076,1909f56bfc062723c751e8b465ee728b)
Number of updated assets reloaded before import = 0
Start importing Assets/Level2/textures/Sweets_others.jpeg using Guid(4f0830d1bb6054745a8bcadac679a034) Importer(815301076,1909f56bfc062723c751e8b465ee728b)  -> (artifact id: 'd1410ef05676fa01fc609235fa118c16') in 0.024397 seconds 
Number of asset objects unloaded after import = 2
========================================================================
Received Import Request.
  Time since last request: 0.000039 seconds.
  path: Assets/Level2/textures/Tiles_01.png
  artifactKey: Guid(8d96024ac56fb0c4187fe99a6190defb) Importer(815301076,1909f56bfc062723c751e8b465ee728b)
Number of updated assets reloaded before import = 0
Start importing Assets/Level2/textures/Tiles_01.png using Guid(8d96024ac56fb0c4187fe99a6190defb) Importer(815301076,1909f56bfc062723c751e8b465ee728b)  -> (artifact id: '67114c65361be268dde71a728e3ffc1e') in 0.026781 seconds 
Number of asset objects unloaded after import = 2
========================================================================
Received Import Request.
  Time since last request: 0.000028 seconds.
  path: Assets/Level2/textures/Refrigerador_02.jpeg
  artifactKey: Guid(1893a68e6e3f1df4bb824797ab000ddd) Importer(815301076,1909f56bfc062723c751e8b465ee728b)
Number of updated assets reloaded before import = 0
Start importing Assets/Level2/textures/Refrigerador_02.jpeg using Guid(1893a68e6e3f1df4bb824797ab000ddd) Importer(815301076,1909f56bfc062723c751e8b465ee728b)  -> (artifact id: '27530d28e559ed07f98abaf48e7d7197') in 0.029864 seconds 
Number of asset objects unloaded after import = 2
========================================================================
Received Import Request.
  Time since last request: 0.000036 seconds.
  path: Assets/Level2/textures/Roof_tiles.jpeg
  artifactKey: Guid(15369ffbe18688646aad403b0563d9a7) Importer(815301076,1909f56bfc062723c751e8b465ee728b)
Number of updated assets reloaded before import = 0
Start importing Assets/Level2/textures/Roof_tiles.jpeg using Guid(15369ffbe18688646aad403b0563d9a7) Importer(815301076,1909f56bfc062723c751e8b465ee728b)  -> (artifact id: 'b159aa853f7b0b78dbf7c06ad48057d1') in 0.027872 seconds 
Number of asset objects unloaded after import = 2
========================================================================
Received Import Request.
  Time since last request: 0.107029 seconds.
  path: Assets/Level2/textures/TilesPlain.jpeg
  artifactKey: Guid(a3e82cc5b7083ba4a80fbcc6373ca518) Importer(815301076,1909f56bfc062723c751e8b465ee728b)
Number of updated assets reloaded before import = 0
Start importing Assets/Level2/textures/TilesPlain.jpeg using Guid(a3e82cc5b7083ba4a80fbcc6373ca518) Importer(815301076,1909f56bfc062723c751e8b465ee728b)  -> (artifact id: 'a4e037819db0b3095709cf3719b70027') in 0.026817 seconds 
Number of asset objects unloaded after import = 2
========================================================================
Received Import Request.
  Time since last request: 0.000043 seconds.
  path: Assets/Level2/textures/Trash.png
  artifactKey: Guid(b42bf4e3f4c109b40a3d4557c16cb6af) Importer(815301076,1909f56bfc062723c751e8b465ee728b)
Number of updated assets reloaded before import = 0
Start importing Assets/Level2/textures/Trash.png using Guid(b42bf4e3f4c109b40a3d4557c16cb6af) Importer(815301076,1909f56bfc062723c751e8b465ee728b)  -> (artifact id: '895c650b575c5deca9bfd8abd61dc91f') in 0.028404 seconds 
Number of asset objects unloaded after import = 2
Editor requested this worker to shutdown with reason: Scaling down because of idle timeout
AssetImportWorker is now disconnected from the server
Process exiting
Exiting without the bug reporter. Application will terminate with return code 0