Using pre-set license
Built from '2021.3/staging' branch; Version is '2021.3.39f1 (fb3b7b32f191) revision 16464763'; Using compiler version '192829333'; Build Type 'Release'
OS: 'Windows 11  (10.0.26100) 64bit Professional' Language: 'en' Physical Memory: 32306 MB
BatchMode: 1, IsHumanControllingUs: 0, StartBugReporterOnCrash: 0, Is64bit: 1, IsPro: 1

COMMAND LINE ARGUMENTS:
C:\Program Files\Unity\Hub\Editor\2021.3.39f1\Editor\Unity.exe
-adb2
-batchMode
-noUpm
-name
AssetImportWorker7
-projectPath
C:/Users/mario/source/repos/GameDev/OperationExoQuest/OperationExoQuest
-logFile
Logs/AssetImportWorker7.log
-srvPort
50516
Successfully changed project path to: C:/Users/mario/source/repos/GameDev/OperationExoQuest/OperationExoQuest
C:/Users/mario/source/repos/GameDev/OperationExoQuest/OperationExoQuest
[UnityMemory] Configuration Parameters - Can be set up in boot.config
    "memorysetup-bucket-allocator-granularity=16"
    "memorysetup-bucket-allocator-bucket-count=8"
    "memorysetup-bucket-allocator-block-size=33554432"
    "memorysetup-bucket-allocator-block-count=8"
    "memorysetup-main-allocator-block-size=16777216"
    "memorysetup-thread-allocator-block-size=16777216"
    "memorysetup-gfx-main-allocator-block-size=16777216"
    "memorysetup-gfx-thread-allocator-block-size=16777216"
    "memorysetup-cache-allocator-block-size=4194304"
    "memorysetup-typetree-allocator-block-size=2097152"
    "memorysetup-profiler-bucket-allocator-granularity=16"
    "memorysetup-profiler-bucket-allocator-bucket-count=8"
    "memorysetup-profiler-bucket-allocator-block-size=33554432"
    "memorysetup-profiler-bucket-allocator-block-count=8"
    "memorysetup-profiler-allocator-block-size=16777216"
    "memorysetup-profiler-editor-allocator-block-size=1048576"
    "memorysetup-temp-allocator-size-main=16777216"
    "memorysetup-job-temp-allocator-block-size=2097152"
    "memorysetup-job-temp-allocator-block-size-background=1048576"
    "memorysetup-job-temp-allocator-reduction-small-platforms=262144"
    "memorysetup-temp-allocator-size-background-worker=32768"
    "memorysetup-temp-allocator-size-job-worker=262144"
    "memorysetup-temp-allocator-size-preload-manager=33554432"
    "memorysetup-temp-allocator-size-nav-mesh-worker=65536"
    "memorysetup-temp-allocator-size-audio-worker=65536"
    "memorysetup-temp-allocator-size-cloud-worker=32768"
    "memorysetup-temp-allocator-size-gi-baking-worker=262144"
    "memorysetup-temp-allocator-size-gfx=262144"
Player connection [32328] Host "[IP] 192.168.100.110 [Port] 0 [Flags] 2 [Guid] 977758947 [EditorId] 977758947 [Version] 1048832 [Id] WindowsEditor(7,DESKTOP-QHJK815) [Debug] 1 [PackageName] WindowsEditor [ProjectName] Editor" joined multi-casting on [225.0.0.222:54997]...

Player connection [32328] Host "[IP] 192.168.100.110 [Port] 0 [Flags] 2 [Guid] 977758947 [EditorId] 977758947 [Version] 1048832 [Id] WindowsEditor(7,DESKTOP-QHJK815) [Debug] 1 [PackageName] WindowsEditor [ProjectName] Editor" joined alternative multi-casting on [225.0.0.222:34997]...

[Physics::Module] Initialized MultithreadedJobDispatcher with {0} workers.
Refreshing native plugins compatible for Editor in 57.62 ms, found 3 plugins.
Preloading 0 native plugins for Editor in 0.00 ms.
Initialize engine version: 2021.3.39f1 (fb3b7b32f191)
[Subsystems] Discovering subsystems at path C:/Program Files/Unity/Hub/Editor/2021.3.39f1/Editor/Data/Resources/UnitySubsystems
[Subsystems] Discovering subsystems at path C:/Users/mario/source/repos/GameDev/OperationExoQuest/OperationExoQuest/Assets
GfxDevice: creating device client; threaded=0; jobified=0
Direct3D:
    Version:  Direct3D 11.0 [level 11.1]
    Renderer: Intel(R) Arc(TM) Graphics (ID=0x7d55)
    Vendor:   Intel
    VRAM:     18414 MB
    Driver:   32.0.101.6129
Initialize mono
Mono path[0] = 'C:/Program Files/Unity/Hub/Editor/2021.3.39f1/Editor/Data/Managed'
Mono path[1] = 'C:/Program Files/Unity/Hub/Editor/2021.3.39f1/Editor/Data/MonoBleedingEdge/lib/mono/unityjit-win32'
Mono config path = 'C:/Program Files/Unity/Hub/Editor/2021.3.39f1/Editor/Data/MonoBleedingEdge/etc'
Using monoOptions --debugger-agent=transport=dt_socket,embedding=1,server=y,suspend=n,address=127.0.0.1:56696
Begin MonoManager ReloadAssembly
Registering precompiled unity dll's ...
Register platform support module: C:/Program Files/Unity/Hub/Editor/2021.3.39f1/Editor/Data/PlaybackEngines/WindowsStandaloneSupport/UnityEditor.WindowsStandalone.Extensions.dll
Registered in 0.003847 seconds.
Native extension for WindowsStandalone target not found
Refreshing native plugins compatible for Editor in 53.83 ms, found 3 plugins.
Preloading 0 native plugins for Editor in 0.00 ms.
Mono: successfully reloaded assembly
- Completed reload, in  0.492 seconds
Domain Reload Profiling:
	ReloadAssembly (492ms)
		BeginReloadAssembly (77ms)
			ExecutionOrderSort (0ms)
			DisableScriptedObjects (0ms)
			BackupInstance (0ms)
			ReleaseScriptingObjects (0ms)
			CreateAndSetChildDomain (1ms)
		EndReloadAssembly (343ms)
			LoadAssemblies (76ms)
			RebuildTransferFunctionScriptingTraits (0ms)
			SetupTypeCache (79ms)
			ReleaseScriptCaches (0ms)
			RebuildScriptCaches (21ms)
			SetupLoadedEditorAssemblies (210ms)
				LogAssemblyErrors (0ms)
				InitializePlatformSupportModulesInManaged (7ms)
				SetLoadedEditorAssemblies (0ms)
				RefreshPlugins (54ms)
				BeforeProcessingInitializeOnLoad (1ms)
				ProcessInitializeOnLoadAttributes (111ms)
				ProcessInitializeOnLoadMethodAttributes (37ms)
				AfterProcessingInitializeOnLoad (0ms)
				EditorAssembliesLoaded (0ms)
			ExecutionOrderSort2 (0ms)
			AwakeInstancesAfterBackupRestoration (0ms)
Platform modules already initialized, skipping
Registering precompiled user dll's ...
Registered in 0.003654 seconds.
Begin MonoManager ReloadAssembly
Native extension for WindowsStandalone target not found
Refreshing native plugins compatible for Editor in 0.55 ms, found 3 plugins.
Preloading 0 native plugins for Editor in 0.00 ms.
Package Manager log level set to [2]
[Package Manager] Server::EnsureServerProcessIsRunning -- launch failed, reason: Unity was launched with the -noUpm command-line argument
[Package Manager] Cannot connect to Unity Package Manager local server
Mono: successfully reloaded assembly
- Completed reload, in  1.188 seconds
Domain Reload Profiling:
	ReloadAssembly (1188ms)
		BeginReloadAssembly (99ms)
			ExecutionOrderSort (0ms)
			DisableScriptedObjects (5ms)
			BackupInstance (0ms)
			ReleaseScriptingObjects (0ms)
			CreateAndSetChildDomain (15ms)
		EndReloadAssembly (1009ms)
			LoadAssemblies (75ms)
			RebuildTransferFunctionScriptingTraits (0ms)
			SetupTypeCache (193ms)
			ReleaseScriptCaches (0ms)
			RebuildScriptCaches (39ms)
			SetupLoadedEditorAssemblies (687ms)
				LogAssemblyErrors (0ms)
				InitializePlatformSupportModulesInManaged (4ms)
				SetLoadedEditorAssemblies (0ms)
				RefreshPlugins (1ms)
				BeforeProcessingInitializeOnLoad (59ms)
				ProcessInitializeOnLoadAttributes (600ms)
				ProcessInitializeOnLoadMethodAttributes (18ms)
				AfterProcessingInitializeOnLoad (4ms)
				EditorAssembliesLoaded (0ms)
			ExecutionOrderSort2 (0ms)
			AwakeInstancesAfterBackupRestoration (5ms)
Platform modules already initialized, skipping
========================================================================
Worker process is ready to serve import requests
Launched and connected shader compiler UnityShaderCompiler.exe after 0.03 seconds
Refreshing native plugins compatible for Editor in 0.56 ms, found 3 plugins.
Preloading 0 native plugins for Editor in 0.00 ms.
Unloading 3457 Unused Serialized files (Serialized files now loaded: 0)
Unloading 25 unused Assets / (101.2 KB). Loaded Objects now: 3945.
Memory consumption went from 139.6 MB to 139.5 MB.
Total: 3.017200 ms (FindLiveObjects: 0.225400 ms CreateObjectMapping: 0.057600 ms MarkObjects: 2.627700 ms  DeleteObjects: 0.105400 ms)

AssetImportParameters requested are different than current active one (requested -> active):
  custom:video-decoder-ogg-theora: a1e56fd34408186e4bbccfd4996cb3dc -> 
  custom:container-muxer-webm: aa71ff27fc2769a1b78a27578f13a17b -> 
  custom:container-demuxer-webm: 4f35f7cbe854078d1ac9338744f61a02 -> 
  custom:video-encoder-webm-vp8: eb34c28f22e8b96e1ab97ce403110664 -> 
  custom:video-codec-MediaFoundation-h265: 746d11721c4dcdbdad8f713fa42b33f4 -> 
  custom:CustomObjectIndexerAttribute: bc11b3a6c3213fcdd17b65e7da85e133 -> 
  custom:audio-encoder-webm-vorbis: bf7c407c2cedff20999df2af8eb42d56 -> 
  custom:framework-win-MediaFoundation: 216162199b28c13a410421893ffa2e32 -> 
  custom:SearchIndexIgnoredProperties: e643bd26f0fe6173181afceb89e7c659 -> 
  custom:container-demuxer-ogg: 62fdf1f143b41e24485cea50d1cbac27 -> 
  custom:video-decoder-webm-vp8: 9c59270c3fd7afecdb556c50c9e8de78 -> 
  custom:audio-decoder-ogg-vorbis: bf7c407c2cedff20999df2af8eb42d56 -> 
========================================================================
Received Import Request.
  Time since last request: 7306.593189 seconds.
  path: Assets/Level1/sci-fi-crate (1)/textures/normal_map.als.tga.png
  artifactKey: Guid(2215eb73ef332254b98fc4b7c06a67c0) Importer(815301076,1909f56bfc062723c751e8b465ee728b)
Number of updated assets reloaded before import = 0
Start importing Assets/Level1/sci-fi-crate (1)/textures/normal_map.als.tga.png using Guid(2215eb73ef332254b98fc4b7c06a67c0) Importer(815301076,1909f56bfc062723c751e8b465ee728b)  -> (artifact id: '5fe1bb0ce10a5ba96b0502c7bbcbdc19') in 0.098848 seconds 
Number of asset objects unloaded after import = 2
========================================================================
Received Import Request.
  Time since last request: 398.507333 seconds.
  path: Assets/Level1/antique-wooden-milk-crates/textures/MilkCratePaintReady_initialShadingGroup_Me.png
  artifactKey: Guid(cb407d57476051c4091816676405b80c) Importer(815301076,1909f56bfc062723c751e8b465ee728b)
Number of updated assets reloaded before import = 0
Start importing Assets/Level1/antique-wooden-milk-crates/textures/MilkCratePaintReady_initialShadingGroup_Me.png using Guid(cb407d57476051c4091816676405b80c) Importer(815301076,1909f56bfc062723c751e8b465ee728b)  -> (artifact id: '22af9d45a019430c37261ccb24639d56') in 0.032174 seconds 
Number of asset objects unloaded after import = 2
========================================================================
Received Import Request.
  Time since last request: 0.000031 seconds.
  path: Assets/Level1/antique-wooden-milk-crates/textures/MilkCratePaintReady_initialShadingGroup_Ro.png
  artifactKey: Guid(dc918fa880bed3b429205cb236c8021c) Importer(815301076,1909f56bfc062723c751e8b465ee728b)
Number of updated assets reloaded before import = 0
Start importing Assets/Level1/antique-wooden-milk-crates/textures/MilkCratePaintReady_initialShadingGroup_Ro.png using Guid(dc918fa880bed3b429205cb236c8021c) Importer(815301076,1909f56bfc062723c751e8b465ee728b)  -> (artifact id: '92605916e4019b5999af7b8be1e0faa0') in 0.021383 seconds 
Number of asset objects unloaded after import = 2
========================================================================
Received Import Request.
  Time since last request: 355.618451 seconds.
  path: Assets/Level1/modular-osbwood-shipping-crates-2k/source/Crates/wood_Wood_Shipping_Crate_BaseColor.png
  artifactKey: Guid(cc54ab5fec2ef5c42b9d7e0debd6bae7) Importer(815301076,1909f56bfc062723c751e8b465ee728b)
Number of updated assets reloaded before import = 0
Start importing Assets/Level1/modular-osbwood-shipping-crates-2k/source/Crates/wood_Wood_Shipping_Crate_BaseColor.png using Guid(cc54ab5fec2ef5c42b9d7e0debd6bae7) Importer(815301076,1909f56bfc062723c751e8b465ee728b)  -> (artifact id: '50b4b9e9478685ea219e156b4f61efc3') in 0.028007 seconds 
Number of asset objects unloaded after import = 2
========================================================================
Received Import Request.
  Time since last request: 0.000026 seconds.
  path: Assets/Level1/modular-osbwood-shipping-crates-2k/source/Crates/wood_Wood_Shipping_Crate_Roughness.png
  artifactKey: Guid(5c4b6131afaea91429796d78a975d8e6) Importer(815301076,1909f56bfc062723c751e8b465ee728b)
Number of updated assets reloaded before import = 0
Start importing Assets/Level1/modular-osbwood-shipping-crates-2k/source/Crates/wood_Wood_Shipping_Crate_Roughness.png using Guid(5c4b6131afaea91429796d78a975d8e6) Importer(815301076,1909f56bfc062723c751e8b465ee728b)  -> (artifact id: 'd300908b98920e9ba64675bd782a4596') in 0.023123 seconds 
Number of asset objects unloaded after import = 2
========================================================================
Received Import Request.
  Time since last request: 0.000023 seconds.
  path: Assets/Level1/modular-osbwood-shipping-crates-2k/source/Crates/wood_Wood_Shipping_Crate_Normal.png
  artifactKey: Guid(ef54673bc517e2e439fd935e8df568f6) Importer(815301076,1909f56bfc062723c751e8b465ee728b)
Number of updated assets reloaded before import = 0
Start importing Assets/Level1/modular-osbwood-shipping-crates-2k/source/Crates/wood_Wood_Shipping_Crate_Normal.png using Guid(ef54673bc517e2e439fd935e8df568f6) Importer(815301076,1909f56bfc062723c751e8b465ee728b)  -> (artifact id: '3333f843560c6dd0cd29b49472f5211b') in 0.025828 seconds 
Number of asset objects unloaded after import = 2
========================================================================
Received Import Request.
  Time since last request: 0.000035 seconds.
  path: Assets/Level1/modular-osbwood-shipping-crates-2k/source/Crates/wood_Wood_Shipping_Crate_Old_Normal.png
  artifactKey: Guid(b6c7f97b4af2974478b70dd17b787419) Importer(815301076,1909f56bfc062723c751e8b465ee728b)
Number of updated assets reloaded before import = 0
Start importing Assets/Level1/modular-osbwood-shipping-crates-2k/source/Crates/wood_Wood_Shipping_Crate_Old_Normal.png using Guid(b6c7f97b4af2974478b70dd17b787419) Importer(815301076,1909f56bfc062723c751e8b465ee728b)  -> (artifact id: 'ad531707ab0754e229f9cdfdb8dca871') in 0.027376 seconds 
Number of asset objects unloaded after import = 2
========================================================================
Received Import Request.
  Time since last request: 0.000019 seconds.
  path: Assets/Level1/modular-osbwood-shipping-crates-2k/source/Crates/wood_Wood_Shipping_Crate_Metallic.png
  artifactKey: Guid(54c1cfc0b369c944286b71b502f82b52) Importer(815301076,1909f56bfc062723c751e8b465ee728b)
Number of updated assets reloaded before import = 0
Start importing Assets/Level1/modular-osbwood-shipping-crates-2k/source/Crates/wood_Wood_Shipping_Crate_Metallic.png using Guid(54c1cfc0b369c944286b71b502f82b52) Importer(815301076,1909f56bfc062723c751e8b465ee728b)  -> (artifact id: 'e6290d84ff7fbe1c9b0d3bec1e26484b') in 0.023093 seconds 
Number of asset objects unloaded after import = 2
========================================================================
Received Import Request.
  Time since last request: 0.000023 seconds.
  path: Assets/Level1/modular-osbwood-shipping-crates-2k/source/Crates/wood_Wood_Shipping_Crate_Old_Metallic.png
  artifactKey: Guid(5d091e70c5e599d418a0c3fa9a05a17f) Importer(815301076,1909f56bfc062723c751e8b465ee728b)
Number of updated assets reloaded before import = 0
Start importing Assets/Level1/modular-osbwood-shipping-crates-2k/source/Crates/wood_Wood_Shipping_Crate_Old_Metallic.png using Guid(5d091e70c5e599d418a0c3fa9a05a17f) Importer(815301076,1909f56bfc062723c751e8b465ee728b)  -> (artifact id: 'ce0e3ca049f4ba295938b4d9c0b3de3a') in 0.026064 seconds 
Number of asset objects unloaded after import = 2
========================================================================
Received Import Request.
  Time since last request: 0.000037 seconds.
  path: Assets/Level1/modular-osbwood-shipping-crates-2k/source/Crates/wood_Wood_Shipping_Crate_Old_BaseColor.png
  artifactKey: Guid(c779d3d4b428af84c88796798eb14e23) Importer(815301076,1909f56bfc062723c751e8b465ee728b)
Number of updated assets reloaded before import = 0
Start importing Assets/Level1/modular-osbwood-shipping-crates-2k/source/Crates/wood_Wood_Shipping_Crate_Old_BaseColor.png using Guid(c779d3d4b428af84c88796798eb14e23) Importer(815301076,1909f56bfc062723c751e8b465ee728b)  -> (artifact id: 'b49ac969b9a31ce0f99c78e3ffdce01d') in 0.023519 seconds 
Number of asset objects unloaded after import = 2
========================================================================
Received Import Request.
  Time since last request: 0.000022 seconds.
  path: Assets/Level1/modular-osbwood-shipping-crates-2k/source/Crates/wood_Wood_Shipping_Crate_Old_Roughness.png
  artifactKey: Guid(cd4d8223920261344b383a9f4a3e444e) Importer(815301076,1909f56bfc062723c751e8b465ee728b)
Number of updated assets reloaded before import = 0
Start importing Assets/Level1/modular-osbwood-shipping-crates-2k/source/Crates/wood_Wood_Shipping_Crate_Old_Roughness.png using Guid(cd4d8223920261344b383a9f4a3e444e) Importer(815301076,1909f56bfc062723c751e8b465ee728b)  -> (artifact id: '4f21efd4ed3acdaeb9adcce65b8e8926') in 0.022110 seconds 
Number of asset objects unloaded after import = 2
Editor requested this worker to shutdown with reason: Scaling down because of idle timeout
AssetImportWorker is now disconnected from the server
Process exiting
Exiting without the bug reporter. Application will terminate with return code 0