Using pre-set license
Built from '2021.3/staging' branch; Version is '2021.3.39f1 (fb3b7b32f191) revision 16464763'; Using compiler version '192829333'; Build Type 'Release'
OS: 'Windows 11  (10.0.26100) 64bit Professional' Language: 'en' Physical Memory: 32306 MB
BatchMode: 1, IsHumanControllingUs: 0, StartBugReporterOnCrash: 0, Is64bit: 1, IsPro: 1

COMMAND LINE ARGUMENTS:
C:\Program Files\Unity\Hub\Editor\2021.3.39f1\Editor\Unity.exe
-adb2
-batchMode
-noUpm
-name
AssetImportWorker4
-projectPath
C:/Users/mario/source/repos/GameDev/OperationExoQuest/OperationExoQuest
-logFile
Logs/AssetImportWorker4.log
-srvPort
50516
Successfully changed project path to: C:/Users/mario/source/repos/GameDev/OperationExoQuest/OperationExoQuest
C:/Users/mario/source/repos/GameDev/OperationExoQuest/OperationExoQuest
[UnityMemory] Configuration Parameters - Can be set up in boot.config
    "memorysetup-bucket-allocator-granularity=16"
    "memorysetup-bucket-allocator-bucket-count=8"
    "memorysetup-bucket-allocator-block-size=33554432"
    "memorysetup-bucket-allocator-block-count=8"
    "memorysetup-main-allocator-block-size=16777216"
    "memorysetup-thread-allocator-block-size=16777216"
    "memorysetup-gfx-main-allocator-block-size=16777216"
    "memorysetup-gfx-thread-allocator-block-size=16777216"
    "memorysetup-cache-allocator-block-size=4194304"
    "memorysetup-typetree-allocator-block-size=2097152"
    "memorysetup-profiler-bucket-allocator-granularity=16"
    "memorysetup-profiler-bucket-allocator-bucket-count=8"
    "memorysetup-profiler-bucket-allocator-block-size=33554432"
    "memorysetup-profiler-bucket-allocator-block-count=8"
    "memorysetup-profiler-allocator-block-size=16777216"
    "memorysetup-profiler-editor-allocator-block-size=1048576"
    "memorysetup-temp-allocator-size-main=16777216"
    "memorysetup-job-temp-allocator-block-size=2097152"
    "memorysetup-job-temp-allocator-block-size-background=1048576"
    "memorysetup-job-temp-allocator-reduction-small-platforms=262144"
    "memorysetup-temp-allocator-size-background-worker=32768"
    "memorysetup-temp-allocator-size-job-worker=262144"
    "memorysetup-temp-allocator-size-preload-manager=33554432"
    "memorysetup-temp-allocator-size-nav-mesh-worker=65536"
    "memorysetup-temp-allocator-size-audio-worker=65536"
    "memorysetup-temp-allocator-size-cloud-worker=32768"
    "memorysetup-temp-allocator-size-gi-baking-worker=262144"
    "memorysetup-temp-allocator-size-gfx=262144"
Player connection [26580] Host "[IP] 192.168.100.110 [Port] 0 [Flags] 2 [Guid] 1018894370 [EditorId] 1018894370 [Version] 1048832 [Id] WindowsEditor(7,DESKTOP-QHJK815) [Debug] 1 [PackageName] WindowsEditor [ProjectName] Editor" joined multi-casting on [225.0.0.222:54997]...

Player connection [26580] Host "[IP] 192.168.100.110 [Port] 0 [Flags] 2 [Guid] 1018894370 [EditorId] 1018894370 [Version] 1048832 [Id] WindowsEditor(7,DESKTOP-QHJK815) [Debug] 1 [PackageName] WindowsEditor [ProjectName] Editor" joined alternative multi-casting on [225.0.0.222:34997]...

[Physics::Module] Initialized MultithreadedJobDispatcher with {0} workers.
Refreshing native plugins compatible for Editor in 61.16 ms, found 3 plugins.
Preloading 0 native plugins for Editor in 0.00 ms.
Initialize engine version: 2021.3.39f1 (fb3b7b32f191)
[Subsystems] Discovering subsystems at path C:/Program Files/Unity/Hub/Editor/2021.3.39f1/Editor/Data/Resources/UnitySubsystems
[Subsystems] Discovering subsystems at path C:/Users/mario/source/repos/GameDev/OperationExoQuest/OperationExoQuest/Assets
GfxDevice: creating device client; threaded=0; jobified=0
Direct3D:
    Version:  Direct3D 11.0 [level 11.1]
    Renderer: Intel(R) Arc(TM) Graphics (ID=0x7d55)
    Vendor:   Intel
    VRAM:     18414 MB
    Driver:   32.0.101.6129
Initialize mono
Mono path[0] = 'C:/Program Files/Unity/Hub/Editor/2021.3.39f1/Editor/Data/Managed'
Mono path[1] = 'C:/Program Files/Unity/Hub/Editor/2021.3.39f1/Editor/Data/MonoBleedingEdge/lib/mono/unityjit-win32'
Mono config path = 'C:/Program Files/Unity/Hub/Editor/2021.3.39f1/Editor/Data/MonoBleedingEdge/etc'
Using monoOptions --debugger-agent=transport=dt_socket,embedding=1,server=y,suspend=n,address=127.0.0.1:56360
Begin MonoManager ReloadAssembly
Registering precompiled unity dll's ...
Register platform support module: C:/Program Files/Unity/Hub/Editor/2021.3.39f1/Editor/Data/PlaybackEngines/WindowsStandaloneSupport/UnityEditor.WindowsStandalone.Extensions.dll
Registered in 0.002811 seconds.
Native extension for WindowsStandalone target not found
Refreshing native plugins compatible for Editor in 51.36 ms, found 3 plugins.
Preloading 0 native plugins for Editor in 0.00 ms.
Mono: successfully reloaded assembly
- Completed reload, in  0.484 seconds
Domain Reload Profiling:
	ReloadAssembly (484ms)
		BeginReloadAssembly (72ms)
			ExecutionOrderSort (0ms)
			DisableScriptedObjects (0ms)
			BackupInstance (0ms)
			ReleaseScriptingObjects (0ms)
			CreateAndSetChildDomain (1ms)
		EndReloadAssembly (342ms)
			LoadAssemblies (71ms)
			RebuildTransferFunctionScriptingTraits (0ms)
			SetupTypeCache (77ms)
			ReleaseScriptCaches (0ms)
			RebuildScriptCaches (32ms)
			SetupLoadedEditorAssemblies (202ms)
				LogAssemblyErrors (0ms)
				InitializePlatformSupportModulesInManaged (5ms)
				SetLoadedEditorAssemblies (0ms)
				RefreshPlugins (51ms)
				BeforeProcessingInitializeOnLoad (1ms)
				ProcessInitializeOnLoadAttributes (105ms)
				ProcessInitializeOnLoadMethodAttributes (39ms)
				AfterProcessingInitializeOnLoad (0ms)
				EditorAssembliesLoaded (0ms)
			ExecutionOrderSort2 (0ms)
			AwakeInstancesAfterBackupRestoration (0ms)
Platform modules already initialized, skipping
Registering precompiled user dll's ...
Registered in 0.003234 seconds.
Begin MonoManager ReloadAssembly
Native extension for WindowsStandalone target not found
Refreshing native plugins compatible for Editor in 0.57 ms, found 3 plugins.
Preloading 0 native plugins for Editor in 0.00 ms.
Package Manager log level set to [2]
[Package Manager] Server::EnsureServerProcessIsRunning -- launch failed, reason: Unity was launched with the -noUpm command-line argument
[Package Manager] Cannot connect to Unity Package Manager local server
Mono: successfully reloaded assembly
- Completed reload, in  1.250 seconds
Domain Reload Profiling:
	ReloadAssembly (1250ms)
		BeginReloadAssembly (98ms)
			ExecutionOrderSort (0ms)
			DisableScriptedObjects (4ms)
			BackupInstance (0ms)
			ReleaseScriptingObjects (0ms)
			CreateAndSetChildDomain (16ms)
		EndReloadAssembly (1076ms)
			LoadAssemblies (74ms)
			RebuildTransferFunctionScriptingTraits (0ms)
			SetupTypeCache (244ms)
			ReleaseScriptCaches (0ms)
			RebuildScriptCaches (50ms)
			SetupLoadedEditorAssemblies (693ms)
				LogAssemblyErrors (0ms)
				InitializePlatformSupportModulesInManaged (4ms)
				SetLoadedEditorAssemblies (0ms)
				RefreshPlugins (1ms)
				BeforeProcessingInitializeOnLoad (65ms)
				ProcessInitializeOnLoadAttributes (602ms)
				ProcessInitializeOnLoadMethodAttributes (18ms)
				AfterProcessingInitializeOnLoad (4ms)
				EditorAssembliesLoaded (0ms)
			ExecutionOrderSort2 (0ms)
			AwakeInstancesAfterBackupRestoration (5ms)
Platform modules already initialized, skipping
========================================================================
Worker process is ready to serve import requests
Launched and connected shader compiler UnityShaderCompiler.exe after 0.04 seconds
Refreshing native plugins compatible for Editor in 0.55 ms, found 3 plugins.
Preloading 0 native plugins for Editor in 0.00 ms.
Unloading 3457 Unused Serialized files (Serialized files now loaded: 0)
Unloading 25 unused Assets / (109.1 KB). Loaded Objects now: 3945.
Memory consumption went from 139.4 MB to 139.3 MB.
Total: 2.786200 ms (FindLiveObjects: 0.218800 ms CreateObjectMapping: 0.053600 ms MarkObjects: 2.389400 ms  DeleteObjects: 0.122900 ms)

AssetImportParameters requested are different than current active one (requested -> active):
  custom:video-decoder-ogg-theora: a1e56fd34408186e4bbccfd4996cb3dc -> 
  custom:container-muxer-webm: aa71ff27fc2769a1b78a27578f13a17b -> 
  custom:container-demuxer-webm: 4f35f7cbe854078d1ac9338744f61a02 -> 
  custom:video-encoder-webm-vp8: eb34c28f22e8b96e1ab97ce403110664 -> 
  custom:video-codec-MediaFoundation-h265: 746d11721c4dcdbdad8f713fa42b33f4 -> 
  custom:CustomObjectIndexerAttribute: bc11b3a6c3213fcdd17b65e7da85e133 -> 
  custom:audio-encoder-webm-vorbis: bf7c407c2cedff20999df2af8eb42d56 -> 
  custom:framework-win-MediaFoundation: 216162199b28c13a410421893ffa2e32 -> 
  custom:SearchIndexIgnoredProperties: e643bd26f0fe6173181afceb89e7c659 -> 
  custom:container-demuxer-ogg: 62fdf1f143b41e24485cea50d1cbac27 -> 
  custom:video-decoder-webm-vp8: 9c59270c3fd7afecdb556c50c9e8de78 -> 
  custom:audio-decoder-ogg-vorbis: bf7c407c2cedff20999df2af8eb42d56 -> 
========================================================================
Received Import Request.
  Time since last request: 4183.703037 seconds.
  path: Assets/Level2/Materials/Pink watercolor horizontal stripes____.mat
  artifactKey: Guid(ac89ed0e3cde04b439e68e6b042ac704) Importer(815301076,1909f56bfc062723c751e8b465ee728b)
Number of updated assets reloaded before import = 0
Start importing Assets/Level2/Materials/Pink watercolor horizontal stripes____.mat using Guid(ac89ed0e3cde04b439e68e6b042ac704) Importer(815301076,1909f56bfc062723c751e8b465ee728b)  -> (artifact id: '6c0352c6256e732f6aa522e8678d0f1d') in 0.120113 seconds 
Number of asset objects unloaded after import = 2
========================================================================
Received Import Request.
  Time since last request: 95.008485 seconds.
  path: Assets/Level2/Materials
  artifactKey: Guid(8fe784af6fdc4094a90ae6ebe11d2040) Importer(815301076,1909f56bfc062723c751e8b465ee728b)
Number of updated assets reloaded before import = 0
Start importing Assets/Level2/Materials using Guid(8fe784af6fdc4094a90ae6ebe11d2040) Importer(815301076,1909f56bfc062723c751e8b465ee728b)  -> (artifact id: '7ca8ab5e445d04e89033f67fa406da24') in 0.005156 seconds 
Number of asset objects unloaded after import = 0
========================================================================
Received Import Request.
  Time since last request: 35.142354 seconds.
  path: Assets/Level2/Premium Vector _ Vector Brush Stroke____.jpg
  artifactKey: Guid(1b8463cc50ec53f4a8b81e214f64269e) Importer(815301076,1909f56bfc062723c751e8b465ee728b)
Number of updated assets reloaded before import = 0
Start importing Assets/Level2/Premium Vector _ Vector Brush Stroke____.jpg using Guid(1b8463cc50ec53f4a8b81e214f64269e) Importer(815301076,1909f56bfc062723c751e8b465ee728b)  -> (artifact id: '355cef5fba7c21a6245f935c1952d46c') in 0.045890 seconds 
Number of asset objects unloaded after import = 2
========================================================================
Received Import Request.
  Time since last request: 27.554764 seconds.
  path: Assets/Level2/Medieval_Buildings_Modular/Materials/Base.mat
  artifactKey: Guid(b385448c332083c40832c1d0f79f3a53) Importer(815301076,1909f56bfc062723c751e8b465ee728b)
Number of updated assets reloaded before import = 0
Start importing Assets/Level2/Medieval_Buildings_Modular/Materials/Base.mat using Guid(b385448c332083c40832c1d0f79f3a53) Importer(815301076,1909f56bfc062723c751e8b465ee728b)  -> (artifact id: '09a81843ccabb964c8e02ad60601e833') in 0.068236 seconds 
Number of asset objects unloaded after import = 4
========================================================================
Received Import Request.
  Time since last request: 89.543739 seconds.
  path: Assets/Level2/Materials/Premium Vector _ Vector Brush Stroke____.mat
  artifactKey: Guid(fa6a9a58e380ea3499d755a71d941827) Importer(815301076,1909f56bfc062723c751e8b465ee728b)
Number of updated assets reloaded before import = 0
Start importing Assets/Level2/Materials/Premium Vector _ Vector Brush Stroke____.mat using Guid(fa6a9a58e380ea3499d755a71d941827) Importer(815301076,1909f56bfc062723c751e8b465ee728b)  -> (artifact id: '166db4ad4be22d2572e6851cb7e879bb') in 0.042740 seconds 
Number of asset objects unloaded after import = 2
========================================================================
Received Import Request.
  Time since last request: 211.505005 seconds.
  path: Assets/Level2/Medieval_Buildings_Modular/Materials/H_B.mat
  artifactKey: Guid(62debcc125e443d44af5a4c14fa3c24f) Importer(815301076,1909f56bfc062723c751e8b465ee728b)
Number of updated assets reloaded before import = 0
Start importing Assets/Level2/Medieval_Buildings_Modular/Materials/H_B.mat using Guid(62debcc125e443d44af5a4c14fa3c24f) Importer(815301076,1909f56bfc062723c751e8b465ee728b)  -> (artifact id: '266a20b3cac53ca887d0343b8ba05016') in 0.047822 seconds 
Number of asset objects unloaded after import = 4
========================================================================
Received Import Request.
  Time since last request: 0.000022 seconds.
  path: Assets/Level2/Medieval_Buildings_Modular/Materials/H_A_Wall_Brick.mat
  artifactKey: Guid(4b150f51b867f9c4c86d7f3d0250e69e) Importer(815301076,1909f56bfc062723c751e8b465ee728b)
Number of updated assets reloaded before import = 0
Start importing Assets/Level2/Medieval_Buildings_Modular/Materials/H_A_Wall_Brick.mat using Guid(4b150f51b867f9c4c86d7f3d0250e69e) Importer(815301076,1909f56bfc062723c751e8b465ee728b)  -> (artifact id: '2a3e1203ad6732a9e9873e9065c60caf') in 0.038150 seconds 
Number of asset objects unloaded after import = 4
========================================================================
Received Import Request.
  Time since last request: 0.217454 seconds.
  path: Assets/Level2/Medieval_Buildings_Modular/Materials/Gallows_Floor.mat
  artifactKey: Guid(1aeddda413f716c479dae76bd25dda07) Importer(815301076,1909f56bfc062723c751e8b465ee728b)
Number of updated assets reloaded before import = 0
Start importing Assets/Level2/Medieval_Buildings_Modular/Materials/Gallows_Floor.mat using Guid(1aeddda413f716c479dae76bd25dda07) Importer(815301076,1909f56bfc062723c751e8b465ee728b)  -> (artifact id: '3d147982183a014640c50b6539c9dd03') in 0.035293 seconds 
Number of asset objects unloaded after import = 4
========================================================================
Received Import Request.
  Time since last request: 0.024572 seconds.
  path: Assets/Level2/Medieval_Buildings_Modular/Materials/Door.mat
  artifactKey: Guid(69413d69d1feb2b4481e8c58f2360bbf) Importer(815301076,1909f56bfc062723c751e8b465ee728b)
Number of updated assets reloaded before import = 0
Start importing Assets/Level2/Medieval_Buildings_Modular/Materials/Door.mat using Guid(69413d69d1feb2b4481e8c58f2360bbf) Importer(815301076,1909f56bfc062723c751e8b465ee728b)  -> (artifact id: '1937cd723f358805b9a0404d61aed908') in 0.035248 seconds 
Number of asset objects unloaded after import = 4
========================================================================
Received Import Request.
  Time since last request: 164.515275 seconds.
  path: Assets/Level2/Materials/New Material.mat
  artifactKey: Guid(95798e5358bca374db9ee2f64770bab9) Importer(815301076,1909f56bfc062723c751e8b465ee728b)
Number of updated assets reloaded before import = 0
Start importing Assets/Level2/Materials/New Material.mat using Guid(95798e5358bca374db9ee2f64770bab9) Importer(815301076,1909f56bfc062723c751e8b465ee728b)  -> (artifact id: '61dc50da24e732075a1fa7da8183d4dd') in 0.024834 seconds 
Number of asset objects unloaded after import = 1
========================================================================
Received Import Request.
  Time since last request: 431.155643 seconds.
  path: Assets/Level1/scifi-crate
  artifactKey: Guid(5527abfc8fd46d94db50288bd2603dcc) Importer(815301076,1909f56bfc062723c751e8b465ee728b)
Number of updated assets reloaded before import = 0
Start importing Assets/Level1/scifi-crate using Guid(5527abfc8fd46d94db50288bd2603dcc) Importer(815301076,1909f56bfc062723c751e8b465ee728b)  -> (artifact id: 'ba4c47ee8324235047811868be60ed3f') in 0.023369 seconds 
Number of asset objects unloaded after import = 0
========================================================================
Received Import Request.
  Time since last request: 1.380645 seconds.
  path: Assets/Level1/scifi-crate/source
  artifactKey: Guid(b54b56530aa6b95459397a4ea0335f12) Importer(815301076,1909f56bfc062723c751e8b465ee728b)
Number of updated assets reloaded before import = 0
Start importing Assets/Level1/scifi-crate/source using Guid(b54b56530aa6b95459397a4ea0335f12) Importer(815301076,1909f56bfc062723c751e8b465ee728b)  -> (artifact id: 'c94720bdb1d1736c03be179723d2e291') in 0.020908 seconds 
Number of asset objects unloaded after import = 0
========================================================================
Received Import Request.
  Time since last request: 0.081895 seconds.
  path: Assets/Level1/scifi-crate/source/Scifi Crate.fbx
  artifactKey: Guid(6d57539d4405f354aa1d206459133463) Importer(815301076,1909f56bfc062723c751e8b465ee728b)
Number of updated assets reloaded before import = 0
Start importing Assets/Level1/scifi-crate/source/Scifi Crate.fbx using Guid(6d57539d4405f354aa1d206459133463) Importer(815301076,1909f56bfc062723c751e8b465ee728b)  -> (artifact id: '95d8bbbf470c3dcaa87bba064885f23a') in 0.104595 seconds 
Number of asset objects unloaded after import = 25
========================================================================
Received Import Request.
  Time since last request: 423.041265 seconds.
  path: Assets/Level1/scifi-crate (1)
  artifactKey: Guid(9a5ee36f57c502c428c4795e0e4840c5) Importer(815301076,1909f56bfc062723c751e8b465ee728b)
Number of updated assets reloaded before import = 0
Start importing Assets/Level1/scifi-crate (1) using Guid(9a5ee36f57c502c428c4795e0e4840c5) Importer(815301076,1909f56bfc062723c751e8b465ee728b)  -> (artifact id: 'fe067012f6a6214842200839904f12c3') in 0.020663 seconds 
Number of asset objects unloaded after import = 0
========================================================================
Received Import Request.
  Time since last request: 2.200123 seconds.
  path: Assets/Level1/scifi-crate (1)/source
  artifactKey: Guid(69a543822e5061a47b9a8e75829f2a2d) Importer(815301076,1909f56bfc062723c751e8b465ee728b)
Number of updated assets reloaded before import = 0
Start importing Assets/Level1/scifi-crate (1)/source using Guid(69a543822e5061a47b9a8e75829f2a2d) Importer(815301076,1909f56bfc062723c751e8b465ee728b)  -> (artifact id: 'b92b8a3c029ff637ff1a780f31871fa5') in 0.004440 seconds 
Number of asset objects unloaded after import = 0
========================================================================
Received Import Request.
  Time since last request: 0.065472 seconds.
  path: Assets/Level1/scifi-crate (1)/source/SciFiCrate_low.fbx
  artifactKey: Guid(f237b5be862adf544a0ab7d95e54e542) Importer(815301076,1909f56bfc062723c751e8b465ee728b)
Number of updated assets reloaded before import = 0
Start importing Assets/Level1/scifi-crate (1)/source/SciFiCrate_low.fbx using Guid(f237b5be862adf544a0ab7d95e54e542) Importer(815301076,1909f56bfc062723c751e8b465ee728b)  -> (artifact id: 'a3017ceb1275097cdb460c531d0d662b') in 0.052690 seconds 
Number of asset objects unloaded after import = 19
========================================================================
Received Import Request.
  Time since last request: 4.753019 seconds.
  path: Assets/Level1/scifi-crate (1)/textures
  artifactKey: Guid(fa6efcef8a0d41e46997ebb315209cd8) Importer(815301076,1909f56bfc062723c751e8b465ee728b)
Number of updated assets reloaded before import = 0
Start importing Assets/Level1/scifi-crate (1)/textures using Guid(fa6efcef8a0d41e46997ebb315209cd8) Importer(815301076,1909f56bfc062723c751e8b465ee728b)  -> (artifact id: 'b9bc99f2960058f738dc983a2cc989e6') in 0.020475 seconds 
Number of asset objects unloaded after import = 0
========================================================================
Received Import Request.
  Time since last request: 0.060093 seconds.
  path: Assets/Level1/scifi-crate (1)/textures/crateOpenFinal_low_CrateTexture_AO.png
  artifactKey: Guid(655562b459298824e9e6fa44dfce1391) Importer(815301076,1909f56bfc062723c751e8b465ee728b)
Number of updated assets reloaded before import = 0
Start importing Assets/Level1/scifi-crate (1)/textures/crateOpenFinal_low_CrateTexture_AO.png using Guid(655562b459298824e9e6fa44dfce1391) Importer(815301076,1909f56bfc062723c751e8b465ee728b)  -> (artifact id: '0f20f3a15f8a25a1ccbab15f033ce020') in 0.026731 seconds 
Number of asset objects unloaded after import = 2
========================================================================
Received Import Request.
  Time since last request: 0.000020 seconds.
  path: Assets/Level1/scifi-crate (1)/textures/crateOpenFinal_low_CrateTexture_Metallic.png
  artifactKey: Guid(41e0825052979104f9eee27c38ead8cf) Importer(815301076,1909f56bfc062723c751e8b465ee728b)
Number of updated assets reloaded before import = 0
Start importing Assets/Level1/scifi-crate (1)/textures/crateOpenFinal_low_CrateTexture_Metallic.png using Guid(41e0825052979104f9eee27c38ead8cf) Importer(815301076,1909f56bfc062723c751e8b465ee728b)  -> (artifact id: '1eae8557a309505e47c853fb8b73f21e') in 0.024808 seconds 
Number of asset objects unloaded after import = 2
========================================================================
Received Import Request.
  Time since last request: 0.000037 seconds.
  path: Assets/Level1/scifi-crate (1)/textures/crateOpenFinal_low_CrateTexture_Emissive.png
  artifactKey: Guid(049e37f3b055abe41a787a0026ce7a0e) Importer(815301076,1909f56bfc062723c751e8b465ee728b)
Number of updated assets reloaded before import = 0
Start importing Assets/Level1/scifi-crate (1)/textures/crateOpenFinal_low_CrateTexture_Emissive.png using Guid(049e37f3b055abe41a787a0026ce7a0e) Importer(815301076,1909f56bfc062723c751e8b465ee728b)  -> (artifact id: '622b36b951f8fcf1a9535241df134c12') in 0.024187 seconds 
Number of asset objects unloaded after import = 2
Editor requested this worker to shutdown with reason: Scaling down because of idle timeout
AssetImportWorker is now disconnected from the server
Process exiting
Exiting without the bug reporter. Application will terminate with return code 0