Using pre-set license
Built from '2021.3/staging' branch; Version is '2021.3.39f1 (fb3b7b32f191) revision 16464763'; Using compiler version '192829333'; Build Type 'Release'
OS: 'Windows 11  (10.0.26100) 64bit Professional' Language: 'en' Physical Memory: 32306 MB
BatchMode: 1, IsHumanControllingUs: 0, StartBugReporterOnCrash: 0, Is64bit: 1, IsPro: 1

COMMAND LINE ARGUMENTS:
C:\Program Files\Unity\Hub\Editor\2021.3.39f1\Editor\Unity.exe
-adb2
-batchMode
-noUpm
-name
AssetImportWorker4
-projectPath
C:/Users/mario/source/repos/GameDev/OperationExoQuest/OperationExoQuest
-logFile
Logs/AssetImportWorker4.log
-srvPort
59573
Successfully changed project path to: C:/Users/mario/source/repos/GameDev/OperationExoQuest/OperationExoQuest
C:/Users/mario/source/repos/GameDev/OperationExoQuest/OperationExoQuest
[UnityMemory] Configuration Parameters - Can be set up in boot.config
    "memorysetup-bucket-allocator-granularity=16"
    "memorysetup-bucket-allocator-bucket-count=8"
    "memorysetup-bucket-allocator-block-size=33554432"
    "memorysetup-bucket-allocator-block-count=8"
    "memorysetup-main-allocator-block-size=16777216"
    "memorysetup-thread-allocator-block-size=16777216"
    "memorysetup-gfx-main-allocator-block-size=16777216"
    "memorysetup-gfx-thread-allocator-block-size=16777216"
    "memorysetup-cache-allocator-block-size=4194304"
    "memorysetup-typetree-allocator-block-size=2097152"
    "memorysetup-profiler-bucket-allocator-granularity=16"
    "memorysetup-profiler-bucket-allocator-bucket-count=8"
    "memorysetup-profiler-bucket-allocator-block-size=33554432"
    "memorysetup-profiler-bucket-allocator-block-count=8"
    "memorysetup-profiler-allocator-block-size=16777216"
    "memorysetup-profiler-editor-allocator-block-size=1048576"
    "memorysetup-temp-allocator-size-main=16777216"
    "memorysetup-job-temp-allocator-block-size=2097152"
    "memorysetup-job-temp-allocator-block-size-background=1048576"
    "memorysetup-job-temp-allocator-reduction-small-platforms=262144"
    "memorysetup-temp-allocator-size-background-worker=32768"
    "memorysetup-temp-allocator-size-job-worker=262144"
    "memorysetup-temp-allocator-size-preload-manager=33554432"
    "memorysetup-temp-allocator-size-nav-mesh-worker=65536"
    "memorysetup-temp-allocator-size-audio-worker=65536"
    "memorysetup-temp-allocator-size-cloud-worker=32768"
    "memorysetup-temp-allocator-size-gi-baking-worker=262144"
    "memorysetup-temp-allocator-size-gfx=262144"
Player connection [47480] Host "[IP] 192.168.100.110 [Port] 0 [Flags] 2 [Guid] 1342182679 [EditorId] 1342182679 [Version] 1048832 [Id] WindowsEditor(7,DESKTOP-QHJK815) [Debug] 1 [PackageName] WindowsEditor [ProjectName] Editor" joined multi-casting on [225.0.0.222:54997]...

Player connection [47480] Host "[IP] 192.168.100.110 [Port] 0 [Flags] 2 [Guid] 1342182679 [EditorId] 1342182679 [Version] 1048832 [Id] WindowsEditor(7,DESKTOP-QHJK815) [Debug] 1 [PackageName] WindowsEditor [ProjectName] Editor" joined alternative multi-casting on [225.0.0.222:34997]...

[Physics::Module] Initialized MultithreadedJobDispatcher with {0} workers.
Refreshing native plugins compatible for Editor in 74.69 ms, found 3 plugins.
Preloading 0 native plugins for Editor in 0.00 ms.
Initialize engine version: 2021.3.39f1 (fb3b7b32f191)
[Subsystems] Discovering subsystems at path C:/Program Files/Unity/Hub/Editor/2021.3.39f1/Editor/Data/Resources/UnitySubsystems
[Subsystems] Discovering subsystems at path C:/Users/mario/source/repos/GameDev/OperationExoQuest/OperationExoQuest/Assets
GfxDevice: creating device client; threaded=0; jobified=0
Direct3D:
    Version:  Direct3D 11.0 [level 11.1]
    Renderer: Intel(R) Arc(TM) Graphics (ID=0x7d55)
    Vendor:   Intel
    VRAM:     18414 MB
    Driver:   32.0.101.6129
Initialize mono
Mono path[0] = 'C:/Program Files/Unity/Hub/Editor/2021.3.39f1/Editor/Data/Managed'
Mono path[1] = 'C:/Program Files/Unity/Hub/Editor/2021.3.39f1/Editor/Data/MonoBleedingEdge/lib/mono/unityjit-win32'
Mono config path = 'C:/Program Files/Unity/Hub/Editor/2021.3.39f1/Editor/Data/MonoBleedingEdge/etc'
Using monoOptions --debugger-agent=transport=dt_socket,embedding=1,server=y,suspend=n,address=127.0.0.1:56756
Begin MonoManager ReloadAssembly
Registering precompiled unity dll's ...
Register platform support module: C:/Program Files/Unity/Hub/Editor/2021.3.39f1/Editor/Data/PlaybackEngines/WindowsStandaloneSupport/UnityEditor.WindowsStandalone.Extensions.dll
Registered in 0.002878 seconds.
Native extension for WindowsStandalone target not found
Refreshing native plugins compatible for Editor in 81.00 ms, found 3 plugins.
Preloading 0 native plugins for Editor in 0.00 ms.
Mono: successfully reloaded assembly
- Completed reload, in  0.655 seconds
Domain Reload Profiling:
	ReloadAssembly (656ms)
		BeginReloadAssembly (85ms)
			ExecutionOrderSort (0ms)
			DisableScriptedObjects (0ms)
			BackupInstance (0ms)
			ReleaseScriptingObjects (0ms)
			CreateAndSetChildDomain (1ms)
		EndReloadAssembly (484ms)
			LoadAssemblies (84ms)
			RebuildTransferFunctionScriptingTraits (0ms)
			SetupTypeCache (93ms)
			ReleaseScriptCaches (0ms)
			RebuildScriptCaches (27ms)
			SetupLoadedEditorAssemblies (326ms)
				LogAssemblyErrors (0ms)
				InitializePlatformSupportModulesInManaged (7ms)
				SetLoadedEditorAssemblies (0ms)
				RefreshPlugins (81ms)
				BeforeProcessingInitializeOnLoad (1ms)
				ProcessInitializeOnLoadAttributes (169ms)
				ProcessInitializeOnLoadMethodAttributes (68ms)
				AfterProcessingInitializeOnLoad (0ms)
				EditorAssembliesLoaded (0ms)
			ExecutionOrderSort2 (0ms)
			AwakeInstancesAfterBackupRestoration (0ms)
Platform modules already initialized, skipping
Registering precompiled user dll's ...
Registered in 0.003402 seconds.
Begin MonoManager ReloadAssembly
Native extension for WindowsStandalone target not found
Refreshing native plugins compatible for Editor in 0.50 ms, found 3 plugins.
Preloading 0 native plugins for Editor in 0.00 ms.
Package Manager log level set to [2]
[Package Manager] Server::EnsureServerProcessIsRunning -- launch failed, reason: Unity was launched with the -noUpm command-line argument
[Package Manager] Cannot connect to Unity Package Manager local server
Mono: successfully reloaded assembly
- Completed reload, in  1.205 seconds
Domain Reload Profiling:
	ReloadAssembly (1206ms)
		BeginReloadAssembly (99ms)
			ExecutionOrderSort (0ms)
			DisableScriptedObjects (5ms)
			BackupInstance (0ms)
			ReleaseScriptingObjects (0ms)
			CreateAndSetChildDomain (15ms)
		EndReloadAssembly (1023ms)
			LoadAssemblies (75ms)
			RebuildTransferFunctionScriptingTraits (0ms)
			SetupTypeCache (201ms)
			ReleaseScriptCaches (0ms)
			RebuildScriptCaches (44ms)
			SetupLoadedEditorAssemblies (687ms)
				LogAssemblyErrors (0ms)
				InitializePlatformSupportModulesInManaged (4ms)
				SetLoadedEditorAssemblies (0ms)
				RefreshPlugins (1ms)
				BeforeProcessingInitializeOnLoad (62ms)
				ProcessInitializeOnLoadAttributes (598ms)
				ProcessInitializeOnLoadMethodAttributes (18ms)
				AfterProcessingInitializeOnLoad (4ms)
				EditorAssembliesLoaded (0ms)
			ExecutionOrderSort2 (0ms)
			AwakeInstancesAfterBackupRestoration (5ms)
Platform modules already initialized, skipping
========================================================================
Worker process is ready to serve import requests
Launched and connected shader compiler UnityShaderCompiler.exe after 0.03 seconds
Refreshing native plugins compatible for Editor in 0.51 ms, found 3 plugins.
Preloading 0 native plugins for Editor in 0.00 ms.
Unloading 3457 Unused Serialized files (Serialized files now loaded: 0)
Unloading 25 unused Assets / (93.0 KB). Loaded Objects now: 3928.
Memory consumption went from 127.2 MB to 127.1 MB.
Total: 2.727600 ms (FindLiveObjects: 0.216200 ms CreateObjectMapping: 0.052100 ms MarkObjects: 2.362400 ms  DeleteObjects: 0.095800 ms)

AssetImportParameters requested are different than current active one (requested -> active):
  custom:video-decoder-ogg-theora: a1e56fd34408186e4bbccfd4996cb3dc -> 
  custom:container-muxer-webm: aa71ff27fc2769a1b78a27578f13a17b -> 
  custom:container-demuxer-webm: 4f35f7cbe854078d1ac9338744f61a02 -> 
  custom:video-encoder-webm-vp8: eb34c28f22e8b96e1ab97ce403110664 -> 
  custom:video-codec-MediaFoundation-h265: 746d11721c4dcdbdad8f713fa42b33f4 -> 
  custom:CustomObjectIndexerAttribute: bc11b3a6c3213fcdd17b65e7da85e133 -> 
  custom:audio-encoder-webm-vorbis: bf7c407c2cedff20999df2af8eb42d56 -> 
  custom:framework-win-MediaFoundation: 216162199b28c13a410421893ffa2e32 -> 
  custom:SearchIndexIgnoredProperties: e643bd26f0fe6173181afceb89e7c659 -> 
  custom:container-demuxer-ogg: 62fdf1f143b41e24485cea50d1cbac27 -> 
  custom:video-decoder-webm-vp8: 9c59270c3fd7afecdb556c50c9e8de78 -> 
  custom:audio-decoder-ogg-vorbis: bf7c407c2cedff20999df2af8eb42d56 -> 
========================================================================
Received Import Request.
  Time since last request: 22360.311284 seconds.
  path: Assets/Level2/Prefabs/Gas_station_Props.prefab
  artifactKey: Guid(56eb707444557df42980419364ac3ee3) Importer(815301076,1909f56bfc062723c751e8b465ee728b)
Number of updated assets reloaded before import = 0
Start importing Assets/Level2/Prefabs/Gas_station_Props.prefab using Guid(56eb707444557df42980419364ac3ee3) Importer(815301076,1909f56bfc062723c751e8b465ee728b)  -> (artifact id: '14b8db2be59085dabd3684521e0f6ab1') in 0.141779 seconds 
Number of asset objects unloaded after import = 1528
========================================================================
Received Import Request.
  Time since last request: 33.566618 seconds.
  path: Assets/Level2/Prefabs/Gas_station_Props.prefab
  artifactKey: Guid(56eb707444557df42980419364ac3ee3) Importer(815301076,1909f56bfc062723c751e8b465ee728b)
Number of updated assets reloaded before import = 0
Start importing Assets/Level2/Prefabs/Gas_station_Props.prefab using Guid(56eb707444557df42980419364ac3ee3) Importer(815301076,1909f56bfc062723c751e8b465ee728b)  -> (artifact id: '0fbe050d269a7cad75f1b4e5a0ac258b') in 0.055974 seconds 
Number of asset objects unloaded after import = 1516
========================================================================
Received Import Request.
  Time since last request: 75.528307 seconds.
  path: Assets/Level2/MountainTrack2/Models/Shaders
  artifactKey: Guid(aa0f1f9b40d744f0886a71aad94f3814) Importer(815301076,1909f56bfc062723c751e8b465ee728b)
Number of updated assets reloaded before import = 0
Start importing Assets/Level2/MountainTrack2/Models/Shaders using Guid(aa0f1f9b40d744f0886a71aad94f3814) Importer(815301076,1909f56bfc062723c751e8b465ee728b)  -> (artifact id: 'f7c50f111788998953bb66ca7b475d24') in 0.025286 seconds 
Number of asset objects unloaded after import = 0
========================================================================
Received Import Request.
  Time since last request: 2.742865 seconds.
  path: Assets/Level2/MountainTrack2/Models/Textures
  artifactKey: Guid(598a3441ef040084eab4f585aeaa3218) Importer(815301076,1909f56bfc062723c751e8b465ee728b)
Number of updated assets reloaded before import = 0
Start importing Assets/Level2/MountainTrack2/Models/Textures using Guid(598a3441ef040084eab4f585aeaa3218) Importer(815301076,1909f56bfc062723c751e8b465ee728b)  -> (artifact id: 'f75a8b92e87da4420210c6aaa4ebff1e') in 0.022264 seconds 
Number of asset objects unloaded after import = 0
========================================================================
Received Import Request.
  Time since last request: 0.039421 seconds.
  path: Assets/Level2/MountainTrack2/Models/Textures/Block_summer_AlbedoTransparency.png
  artifactKey: Guid(41d6e816f076ba6408838bc73409b4e5) Importer(815301076,1909f56bfc062723c751e8b465ee728b)
Number of updated assets reloaded before import = 0
Start importing Assets/Level2/MountainTrack2/Models/Textures/Block_summer_AlbedoTransparency.png using Guid(41d6e816f076ba6408838bc73409b4e5) Importer(815301076,1909f56bfc062723c751e8b465ee728b)  -> (artifact id: 'ce064e69f736bd4a3450ddfb952e2066') in 0.040100 seconds 
Number of asset objects unloaded after import = 2
========================================================================
Received Import Request.
  Time since last request: 0.000033 seconds.
  path: Assets/Level2/MountainTrack2/Models/Textures/bridge_diff.png
  artifactKey: Guid(959dfe54f599a3148a586bf24ee9176f) Importer(815301076,1909f56bfc062723c751e8b465ee728b)
Number of updated assets reloaded before import = 0
Start importing Assets/Level2/MountainTrack2/Models/Textures/bridge_diff.png using Guid(959dfe54f599a3148a586bf24ee9176f) Importer(815301076,1909f56bfc062723c751e8b465ee728b)  -> (artifact id: '85b32dae528cf08794a86984aa4add34') in 0.113574 seconds 
Number of asset objects unloaded after import = 3
========================================================================
Received Import Request.
  Time since last request: 0.000020 seconds.
  path: Assets/Level2/MountainTrack2/Models/Textures/tree_02_autumn.png
  artifactKey: Guid(32586a3949c790440846194ab2a17719) Importer(815301076,1909f56bfc062723c751e8b465ee728b)
Number of updated assets reloaded before import = 0
Start importing Assets/Level2/MountainTrack2/Models/Textures/tree_02_autumn.png using Guid(32586a3949c790440846194ab2a17719) Importer(815301076,1909f56bfc062723c751e8b465ee728b)  -> (artifact id: '75e92e468d544c5ddfbbc91ce3a0557f') in 0.024998 seconds 
Number of asset objects unloaded after import = 2
========================================================================
Received Import Request.
  Time since last request: 0.000053 seconds.
  path: Assets/Level2/MountainTrack2/Models/Textures/road_summer_norm.png
  artifactKey: Guid(6c2d1f1a8ab445c47927a081c0172dfc) Importer(815301076,1909f56bfc062723c751e8b465ee728b)
Number of updated assets reloaded before import = 0
Start importing Assets/Level2/MountainTrack2/Models/Textures/road_summer_norm.png using Guid(6c2d1f1a8ab445c47927a081c0172dfc) Importer(815301076,1909f56bfc062723c751e8b465ee728b)  -> (artifact id: 'bdd372067db7e0870ad20fc4016ba677') in 0.029409 seconds 
Number of asset objects unloaded after import = 2
========================================================================
Received Import Request.
  Time since last request: 0.000035 seconds.
  path: Assets/Level2/MountainTrack2/Models/Textures/Road_winter_spec.png
  artifactKey: Guid(f8345288644652f479672a6d9abb33c1) Importer(815301076,1909f56bfc062723c751e8b465ee728b)
Number of updated assets reloaded before import = 0
Start importing Assets/Level2/MountainTrack2/Models/Textures/Road_winter_spec.png using Guid(f8345288644652f479672a6d9abb33c1) Importer(815301076,1909f56bfc062723c751e8b465ee728b)  -> (artifact id: '43a41a62a19bc523aa5dded9aefc8aa7') in 0.023253 seconds 
Number of asset objects unloaded after import = 2
========================================================================
Received Import Request.
  Time since last request: 0.000021 seconds.
  path: Assets/Level2/MountainTrack2/Models/Textures/RoadLight_Normal.png
  artifactKey: Guid(fba12c40e63302940bbd5896e810c66e) Importer(815301076,1909f56bfc062723c751e8b465ee728b)
Number of updated assets reloaded before import = 0
Start importing Assets/Level2/MountainTrack2/Models/Textures/RoadLight_Normal.png using Guid(fba12c40e63302940bbd5896e810c66e) Importer(815301076,1909f56bfc062723c751e8b465ee728b)  -> (artifact id: '0a3a4ae2682d26bd829c91ee8e867e64') in 0.026366 seconds 
Number of asset objects unloaded after import = 2
========================================================================
Received Import Request.
  Time since last request: 0.000020 seconds.
  path: Assets/Level2/MountainTrack2/Models/Textures/Ground_winter.jpg
  artifactKey: Guid(1729ff2776fc2524aacb4bb7ea22a794) Importer(815301076,1909f56bfc062723c751e8b465ee728b)
Number of updated assets reloaded before import = 0
Start importing Assets/Level2/MountainTrack2/Models/Textures/Ground_winter.jpg using Guid(1729ff2776fc2524aacb4bb7ea22a794) Importer(815301076,1909f56bfc062723c751e8b465ee728b)  -> (artifact id: 'a546180cb17ec07be8ce24f96e655a86') in 0.027098 seconds 
Number of asset objects unloaded after import = 2
========================================================================
Received Import Request.
  Time since last request: 0.000024 seconds.
  path: Assets/Level2/MountainTrack2/Models/Textures/StopRoadSigns_SpecularSmoothness.png
  artifactKey: Guid(62d1014520c65df44a0f802d2413cac2) Importer(815301076,1909f56bfc062723c751e8b465ee728b)
Number of updated assets reloaded before import = 0
Start importing Assets/Level2/MountainTrack2/Models/Textures/StopRoadSigns_SpecularSmoothness.png using Guid(62d1014520c65df44a0f802d2413cac2) Importer(815301076,1909f56bfc062723c751e8b465ee728b)  -> (artifact id: '512668996e49baaad880d4753a01eed5') in 0.027050 seconds 
Number of asset objects unloaded after import = 2
========================================================================
Received Import Request.
  Time since last request: 0.000039 seconds.
  path: Assets/Level2/MountainTrack2/Models/Textures/RoadLight_AlbedoTransparency.png
  artifactKey: Guid(b00645d075f0a5c40aded3808e121822) Importer(815301076,1909f56bfc062723c751e8b465ee728b)
Number of updated assets reloaded before import = 0
Start importing Assets/Level2/MountainTrack2/Models/Textures/RoadLight_AlbedoTransparency.png using Guid(b00645d075f0a5c40aded3808e121822) Importer(815301076,1909f56bfc062723c751e8b465ee728b)  -> (artifact id: 'c11ae1ea967c968f0b0c571db9d3c6c2') in 0.020710 seconds 
Number of asset objects unloaded after import = 2
========================================================================
Received Import Request.
  Time since last request: 0.000017 seconds.
  path: Assets/Level2/MountainTrack2/Models/Textures/Ground_autumn.jpg
  artifactKey: Guid(41d68fd70cc32bd43b3bd008cebee622) Importer(815301076,1909f56bfc062723c751e8b465ee728b)
Number of updated assets reloaded before import = 0
Start importing Assets/Level2/MountainTrack2/Models/Textures/Ground_autumn.jpg using Guid(41d68fd70cc32bd43b3bd008cebee622) Importer(815301076,1909f56bfc062723c751e8b465ee728b)  -> (artifact id: '177dc2212569f7f89969447b90e32b50') in 0.028377 seconds 
Number of asset objects unloaded after import = 2
========================================================================
Received Import Request.
  Time since last request: 0.000018 seconds.
  path: Assets/Level2/MountainTrack2/Models/Textures/StopRoadSigns_Normal.png
  artifactKey: Guid(fd9ceec1936918b4b969c3b54fe4e6f4) Importer(815301076,1909f56bfc062723c751e8b465ee728b)
Number of updated assets reloaded before import = 0
Start importing Assets/Level2/MountainTrack2/Models/Textures/StopRoadSigns_Normal.png using Guid(fd9ceec1936918b4b969c3b54fe4e6f4) Importer(815301076,1909f56bfc062723c751e8b465ee728b)  -> (artifact id: 'a9fdab5d897f3e81793ace590b7499d2') in 0.025794 seconds 
Number of asset objects unloaded after import = 2
========================================================================
Received Import Request.
  Time since last request: 0.000020 seconds.
  path: Assets/Level2/MountainTrack2/Models/Textures/Block_winter_AlbedoTransparency.png
  artifactKey: Guid(e6164936ad8f4e647b4a19dff803871d) Importer(815301076,1909f56bfc062723c751e8b465ee728b)
Number of updated assets reloaded before import = 0
Start importing Assets/Level2/MountainTrack2/Models/Textures/Block_winter_AlbedoTransparency.png using Guid(e6164936ad8f4e647b4a19dff803871d) Importer(815301076,1909f56bfc062723c751e8b465ee728b)  -> (artifact id: '6a300b6b1120d316dbd96f9c51fc692f') in 0.026410 seconds 
Number of asset objects unloaded after import = 2
========================================================================
Received Import Request.
  Time since last request: 0.000023 seconds.
  path: Assets/Level2/MountainTrack2/Models/Textures/Block_winter_SpecularSmoothness.png
  artifactKey: Guid(7f092aa56eea4484abcfca2b8aa342fc) Importer(815301076,1909f56bfc062723c751e8b465ee728b)
Number of updated assets reloaded before import = 0
Start importing Assets/Level2/MountainTrack2/Models/Textures/Block_winter_SpecularSmoothness.png using Guid(7f092aa56eea4484abcfca2b8aa342fc) Importer(815301076,1909f56bfc062723c751e8b465ee728b)  -> (artifact id: '026afe3e0c8b1df5c3dbec9bc00dd7f7') in 0.023864 seconds 
Number of asset objects unloaded after import = 2
========================================================================
Received Import Request.
  Time since last request: 0.000029 seconds.
  path: Assets/Level2/MountainTrack2/Models/Textures/Ground_autumn_norm.jpg
  artifactKey: Guid(4d4557dad78173049a02347ebfe19d8a) Importer(815301076,1909f56bfc062723c751e8b465ee728b)
Number of updated assets reloaded before import = 0
Start importing Assets/Level2/MountainTrack2/Models/Textures/Ground_autumn_norm.jpg using Guid(4d4557dad78173049a02347ebfe19d8a) Importer(815301076,1909f56bfc062723c751e8b465ee728b)  -> (artifact id: '0e74bc62902063ec028dce59241b58b8') in 0.022186 seconds 
Number of asset objects unloaded after import = 2
========================================================================
Received Import Request.
  Time since last request: 0.000019 seconds.
  path: Assets/Level2/MountainTrack2/Models/Textures/road_summer_spec.png
  artifactKey: Guid(a83aba1bcc50ae440b2acb7f47d41d8f) Importer(815301076,1909f56bfc062723c751e8b465ee728b)
Number of updated assets reloaded before import = 0
Start importing Assets/Level2/MountainTrack2/Models/Textures/road_summer_spec.png using Guid(a83aba1bcc50ae440b2acb7f47d41d8f) Importer(815301076,1909f56bfc062723c751e8b465ee728b)  -> (artifact id: '611028c5fe070bee69ceaeb110a3cc17') in 0.023155 seconds 
Number of asset objects unloaded after import = 2
========================================================================
Received Import Request.
  Time since last request: 0.000018 seconds.
  path: Assets/Level2/MountainTrack2/Models/Textures/Ground_summer_norm.jpg
  artifactKey: Guid(b0c5fd6a6228ac3458922872a89228be) Importer(815301076,1909f56bfc062723c751e8b465ee728b)
Number of updated assets reloaded before import = 0
Start importing Assets/Level2/MountainTrack2/Models/Textures/Ground_summer_norm.jpg using Guid(b0c5fd6a6228ac3458922872a89228be) Importer(815301076,1909f56bfc062723c751e8b465ee728b)  -> (artifact id: 'cadde56c63c6969b78317d0f3a560d7c') in 0.027690 seconds 
Number of asset objects unloaded after import = 2
========================================================================
Received Import Request.
  Time since last request: 0.000020 seconds.
  path: Assets/Level2/MountainTrack2/Models/Textures/tree_01_summer.png
  artifactKey: Guid(269b953cd54f3564d968751713a76702) Importer(815301076,1909f56bfc062723c751e8b465ee728b)
Number of updated assets reloaded before import = 0
Start importing Assets/Level2/MountainTrack2/Models/Textures/tree_01_summer.png using Guid(269b953cd54f3564d968751713a76702) Importer(815301076,1909f56bfc062723c751e8b465ee728b)  -> (artifact id: 'fff40af7ddad859b55eca8ad02af285e') in 0.029151 seconds 
Number of asset objects unloaded after import = 2
========================================================================
Received Import Request.
  Time since last request: 0.273354 seconds.
  path: Assets/Level2/MountainTrack2/Models/Textures/tree_02_summer.png
  artifactKey: Guid(c704c442564bed24196b7dbc4b7ef104) Importer(815301076,1909f56bfc062723c751e8b465ee728b)
Number of updated assets reloaded before import = 0
Start importing Assets/Level2/MountainTrack2/Models/Textures/tree_02_summer.png using Guid(c704c442564bed24196b7dbc4b7ef104) Importer(815301076,1909f56bfc062723c751e8b465ee728b)  -> (artifact id: 'c14c2188c08b0c337ef504b07201f0a9') in 0.022292 seconds 
Number of asset objects unloaded after import = 2
========================================================================
Received Import Request.
  Time since last request: 0.000016 seconds.
  path: Assets/Level2/MountainTrack2/Models/Textures/tunnel_AlbedoTransparency_2.png
  artifactKey: Guid(d9be9ac3c8c0c9749b3bb87cc8cbe24a) Importer(815301076,1909f56bfc062723c751e8b465ee728b)
Number of updated assets reloaded before import = 0
Start importing Assets/Level2/MountainTrack2/Models/Textures/tunnel_AlbedoTransparency_2.png using Guid(d9be9ac3c8c0c9749b3bb87cc8cbe24a) Importer(815301076,1909f56bfc062723c751e8b465ee728b)  -> (artifact id: '33bc0410777e71a88fbc9bbc82496c1c') in 0.021072 seconds 
Number of asset objects unloaded after import = 2
========================================================================
Received Import Request.
  Time since last request: 0.000022 seconds.
  path: Assets/Level2/MountainTrack2/Models/Textures/tree_03_autumn.png
  artifactKey: Guid(a88067e52488b454c8b6d79dfdb110bf) Importer(815301076,1909f56bfc062723c751e8b465ee728b)
Number of updated assets reloaded before import = 0
Start importing Assets/Level2/MountainTrack2/Models/Textures/tree_03_autumn.png using Guid(a88067e52488b454c8b6d79dfdb110bf) Importer(815301076,1909f56bfc062723c751e8b465ee728b)  -> (artifact id: 'bf57e46201ec61100f61cdb435ffe3d6') in 0.021320 seconds 
Number of asset objects unloaded after import = 2
========================================================================
Received Import Request.
  Time since last request: 0.000027 seconds.
  path: Assets/Level2/MountainTrack2/Models/Textures/TurnSign_lp_SpecularSmoothness.png
  artifactKey: Guid(3b04ecfcb9be9a84199c7c624a01708f) Importer(815301076,1909f56bfc062723c751e8b465ee728b)
Number of updated assets reloaded before import = 0
Start importing Assets/Level2/MountainTrack2/Models/Textures/TurnSign_lp_SpecularSmoothness.png using Guid(3b04ecfcb9be9a84199c7c624a01708f) Importer(815301076,1909f56bfc062723c751e8b465ee728b)  -> (artifact id: '2c7b996abe4994b01b1411232e723fe8') in 0.026873 seconds 
Number of asset objects unloaded after import = 2
========================================================================
Received Import Request.
  Time since last request: 0.000020 seconds.
  path: Assets/Level2/MountainTrack2/Models/Textures/tree_03_winter.png
  artifactKey: Guid(ff79781672b5c224db2da62e004c6ed4) Importer(815301076,1909f56bfc062723c751e8b465ee728b)
Number of updated assets reloaded before import = 0
Start importing Assets/Level2/MountainTrack2/Models/Textures/tree_03_winter.png using Guid(ff79781672b5c224db2da62e004c6ed4) Importer(815301076,1909f56bfc062723c751e8b465ee728b)  -> (artifact id: '6c98129f6e52681accdcb0b9f0994816') in 0.024367 seconds 
Number of asset objects unloaded after import = 2
========================================================================
Received Import Request.
  Time since last request: 0.000015 seconds.
  path: Assets/Level2/MountainTrack2/Models/Textures/TurnSign_lp_AlbedoTransparency.png
  artifactKey: Guid(9c281887e4f367e4793b8adb177c0d29) Importer(815301076,1909f56bfc062723c751e8b465ee728b)
Number of updated assets reloaded before import = 0
Start importing Assets/Level2/MountainTrack2/Models/Textures/TurnSign_lp_AlbedoTransparency.png using Guid(9c281887e4f367e4793b8adb177c0d29) Importer(815301076,1909f56bfc062723c751e8b465ee728b)  -> (artifact id: '1f772368bd9cb6faff68ea204ce0d619') in 0.027037 seconds 
Number of asset objects unloaded after import = 2
========================================================================
Received Import Request.
  Time since last request: 0.000022 seconds.
  path: Assets/Level2/MountainTrack2/Models/Textures/tunnel_SpecularSmoothness.png
  artifactKey: Guid(0d1bb4889d9d1054d893508d861231b7) Importer(815301076,1909f56bfc062723c751e8b465ee728b)
Number of updated assets reloaded before import = 0
Start importing Assets/Level2/MountainTrack2/Models/Textures/tunnel_SpecularSmoothness.png using Guid(0d1bb4889d9d1054d893508d861231b7) Importer(815301076,1909f56bfc062723c751e8b465ee728b)  -> (artifact id: 'd1c60de4bc2839eb0d97d7310d2d1cb8') in 0.027318 seconds 
Number of asset objects unloaded after import = 2
========================================================================
Received Import Request.
  Time since last request: 0.000063 seconds.
  path: Assets/Level2/MountainTrack2/Models/Textures/tree_04_summer.png
  artifactKey: Guid(e43b0ad5a37391747ae83179f2831193) Importer(815301076,1909f56bfc062723c751e8b465ee728b)
Number of updated assets reloaded before import = 0
Start importing Assets/Level2/MountainTrack2/Models/Textures/tree_04_summer.png using Guid(e43b0ad5a37391747ae83179f2831193) Importer(815301076,1909f56bfc062723c751e8b465ee728b)  -> (artifact id: '8331b0b3cc40beb81a6b085ac4c1397a') in 0.025865 seconds 
Number of asset objects unloaded after import = 2
========================================================================
Received Import Request.
  Time since last request: 0.000022 seconds.
  path: Assets/Level2/MountainTrack2/Models/Textures/TurnSign_lp_Normal.png
  artifactKey: Guid(38487d84ef699e7479aef6de308f7f4a) Importer(815301076,1909f56bfc062723c751e8b465ee728b)
Number of updated assets reloaded before import = 0
Start importing Assets/Level2/MountainTrack2/Models/Textures/TurnSign_lp_Normal.png using Guid(38487d84ef699e7479aef6de308f7f4a) Importer(815301076,1909f56bfc062723c751e8b465ee728b)  -> (artifact id: 'dcbcdcd1ca24a4b4f1b2c66a651ff85c') in 0.027429 seconds 
Number of asset objects unloaded after import = 2
========================================================================
Received Import Request.
  Time since last request: 401.840115 seconds.
  path: Assets/Tree 1_Textures/diffuse.png
  artifactKey: Guid(23574e25cc3928043941497ba408bdb2) Importer(815301076,1909f56bfc062723c751e8b465ee728b)
Number of updated assets reloaded before import = 0
Start importing Assets/Tree 1_Textures/diffuse.png using Guid(23574e25cc3928043941497ba408bdb2) Importer(815301076,1909f56bfc062723c751e8b465ee728b)  -> (artifact id: '80949293bc599ea8568a64d8e00e2e4f') in 0.023855 seconds 
Number of asset objects unloaded after import = 2
========================================================================
Received Import Request.
  Time since last request: 0.000080 seconds.
  path: Assets/Tree 1_Textures/translucency_gloss.png
  artifactKey: Guid(5ea16c3e122ebe6449e0817e1501e3a9) Importer(815301076,1909f56bfc062723c751e8b465ee728b)
Number of updated assets reloaded before import = 0
Start importing Assets/Tree 1_Textures/translucency_gloss.png using Guid(5ea16c3e122ebe6449e0817e1501e3a9) Importer(815301076,1909f56bfc062723c751e8b465ee728b)  -> (artifact id: 'db23d1c0cf7703cd8bc38f22687ee5a3') in 0.018244 seconds 
Number of asset objects unloaded after import = 2
========================================================================
Received Import Request.
  Time since last request: 7.244738 seconds.
  path: Assets/New Terrain.asset
  artifactKey: Guid(198576e7553a8124299c45d5f647ab30) Importer(815301076,1909f56bfc062723c751e8b465ee728b)
Number of updated assets reloaded before import = 0
Start importing Assets/New Terrain.asset using Guid(198576e7553a8124299c45d5f647ab30) Importer(815301076,1909f56bfc062723c751e8b465ee728b)  -> (artifact id: 'f85075fa5f3e3aaa273d418f740e026c') in 0.031350 seconds 
Number of asset objects unloaded after import = 1
========================================================================
Received Import Request.
  Time since last request: 0.000026 seconds.
  path: Assets/Tree.prefab
  artifactKey: Guid(015203a7115754a4e846e7dd7ee6ce42) Importer(815301076,1909f56bfc062723c751e8b465ee728b)
Number of updated assets reloaded before import = 0
Start importing Assets/Tree.prefab using Guid(015203a7115754a4e846e7dd7ee6ce42) Importer(815301076,1909f56bfc062723c751e8b465ee728b)  -> (artifact id: 'dbd8c3b849ae967424abccc78ac2263f') in 0.489470 seconds 
Number of asset objects unloaded after import = 15
========================================================================
Received Import Request.
  Time since last request: 524.458409 seconds.
  path: Assets/Level2/Prefabs/Gas_station_Props.prefab
  artifactKey: Guid(56eb707444557df42980419364ac3ee3) Importer(815301076,1909f56bfc062723c751e8b465ee728b)
Number of updated assets reloaded before import = 0
Start importing Assets/Level2/Prefabs/Gas_station_Props.prefab using Guid(56eb707444557df42980419364ac3ee3) Importer(815301076,1909f56bfc062723c751e8b465ee728b)  -> (artifact id: '1ba9ff26532682c6601d905d06e3ced2') in 0.059351 seconds 
Number of asset objects unloaded after import = 1512
========================================================================
Received Import Request.
  Time since last request: 16.784103 seconds.
  path: Assets/Level2/Prefabs/Gas_station_Props.prefab
  artifactKey: Guid(56eb707444557df42980419364ac3ee3) Importer(815301076,1909f56bfc062723c751e8b465ee728b)
Number of updated assets reloaded before import = 0
Start importing Assets/Level2/Prefabs/Gas_station_Props.prefab using Guid(56eb707444557df42980419364ac3ee3) Importer(815301076,1909f56bfc062723c751e8b465ee728b)  -> (artifact id: '99ce24cf68ead1bd853e7d2a31a9a5de') in 0.057513 seconds 
Number of asset objects unloaded after import = 1528
========================================================================
Received Import Request.
  Time since last request: 31.824179 seconds.
  path: Assets/Level2/Prefabs/Gas_station_Props.prefab
  artifactKey: Guid(56eb707444557df42980419364ac3ee3) Importer(815301076,1909f56bfc062723c751e8b465ee728b)
Number of updated assets reloaded before import = 0
Start importing Assets/Level2/Prefabs/Gas_station_Props.prefab using Guid(56eb707444557df42980419364ac3ee3) Importer(815301076,1909f56bfc062723c751e8b465ee728b)  -> (artifact id: '960f6caaad49a90a2a26b2d512d310b3') in 0.056061 seconds 
Number of asset objects unloaded after import = 1528
========================================================================
Received Import Request.
  Time since last request: 4.249750 seconds.
  path: Assets/Level2/Prefabs/Gas_station_Props (1) Variant.prefab
  artifactKey: Guid(923e5035162cebf47b1bcf2ac3b73557) Importer(815301076,1909f56bfc062723c751e8b465ee728b)
Number of updated assets reloaded before import = 0
Start importing Assets/Level2/Prefabs/Gas_station_Props (1) Variant.prefab using Guid(923e5035162cebf47b1bcf2ac3b73557) Importer(815301076,1909f56bfc062723c751e8b465ee728b)  -> (artifact id: '899e945404ee35c7d8dbc7427345b651') in 0.066498 seconds 
Number of asset objects unloaded after import = 1529
========================================================================
Received Import Request.
  Time since last request: 36.336561 seconds.
  path: Assets/Level2/Prefabs/Gas_station_Props (2) Variant.prefab
  artifactKey: Guid(aae8e51ed0927c846994e2b6623ab937) Importer(815301076,1909f56bfc062723c751e8b465ee728b)
Number of updated assets reloaded before import = 0
Start importing Assets/Level2/Prefabs/Gas_station_Props (2) Variant.prefab using Guid(aae8e51ed0927c846994e2b6623ab937) Importer(815301076,1909f56bfc062723c751e8b465ee728b)  -> (artifact id: '6eae937aabf8c663e2af8c92ed516c68') in 0.064231 seconds 
Number of asset objects unloaded after import = 1529
========================================================================
Received Import Request.
  Time since last request: 169.107576 seconds.
  path: Assets/Level2/Prefabs/Gas_station_1.prefab
  artifactKey: Guid(e0e64e1eda89ca446acf398038777659) Importer(815301076,1909f56bfc062723c751e8b465ee728b)
Number of updated assets reloaded before import = 0
Start importing Assets/Level2/Prefabs/Gas_station_1.prefab using Guid(e0e64e1eda89ca446acf398038777659) Importer(815301076,1909f56bfc062723c751e8b465ee728b)  -> (artifact id: '6aa748a405397102f6a491ccb7dd921a') in 0.068971 seconds 
Number of asset objects unloaded after import = 1528
========================================================================
Received Import Request.
  Time since last request: 3.175889 seconds.
  path: Assets/Level2/Prefabs/Gas_station_2.prefab
  artifactKey: Guid(11fe4e85e210f99499ff4d868b7e3f7e) Importer(815301076,1909f56bfc062723c751e8b465ee728b)
Number of updated assets reloaded before import = 0
Start importing Assets/Level2/Prefabs/Gas_station_2.prefab using Guid(11fe4e85e210f99499ff4d868b7e3f7e) Importer(815301076,1909f56bfc062723c751e8b465ee728b)  -> (artifact id: '1713bdf45382b4422cb187315e18b0e2') in 0.061141 seconds 
Number of asset objects unloaded after import = 1528
========================================================================
Received Import Request.
  Time since last request: 2.674170 seconds.
  path: Assets/Level2/Prefabs/Gas_station_3.prefab
  artifactKey: Guid(33b8674e5d26b0f4f98ac6f05e8acc44) Importer(815301076,1909f56bfc062723c751e8b465ee728b)
Number of updated assets reloaded before import = 0
Start importing Assets/Level2/Prefabs/Gas_station_3.prefab using Guid(33b8674e5d26b0f4f98ac6f05e8acc44) Importer(815301076,1909f56bfc062723c751e8b465ee728b)  -> (artifact id: '5a7117251582a65d9efc2d5720e48fed') in 0.075054 seconds 
Number of asset objects unloaded after import = 1528
========================================================================
Received Import Request.
  Time since last request: 66.938252 seconds.
  path: Assets/Level2/Prefabs/Gas_station_1.prefab
  artifactKey: Guid(e0e64e1eda89ca446acf398038777659) Importer(815301076,1909f56bfc062723c751e8b465ee728b)
Number of updated assets reloaded before import = 0
Start importing Assets/Level2/Prefabs/Gas_station_1.prefab using Guid(e0e64e1eda89ca446acf398038777659) Importer(815301076,1909f56bfc062723c751e8b465ee728b)  -> (artifact id: 'c445700e4e070626de79ce0a23982a04') in 0.061678 seconds 
Number of asset objects unloaded after import = 1516
========================================================================
Received Import Request.
  Time since last request: 999.251879 seconds.
  path: Assets/Level2/Prefabs/Gas_station_2.prefab
  artifactKey: Guid(11fe4e85e210f99499ff4d868b7e3f7e) Importer(815301076,1909f56bfc062723c751e8b465ee728b)
Number of updated assets reloaded before import = 0
Start importing Assets/Level2/Prefabs/Gas_station_2.prefab using Guid(11fe4e85e210f99499ff4d868b7e3f7e) Importer(815301076,1909f56bfc062723c751e8b465ee728b)  -> (artifact id: '7c8b77302920c15622f29594fe38d846') in 0.664503 seconds 
Number of asset objects unloaded after import = 1516
========================================================================
Received Import Request.
  Time since last request: 778.256824 seconds.
  path: Assets/Level2/Prefabs/Gas_station_2.prefab
  artifactKey: Guid(11fe4e85e210f99499ff4d868b7e3f7e) Importer(815301076,1909f56bfc062723c751e8b465ee728b)
Number of updated assets reloaded before import = 0
Start importing Assets/Level2/Prefabs/Gas_station_2.prefab using Guid(11fe4e85e210f99499ff4d868b7e3f7e) Importer(815301076,1909f56bfc062723c751e8b465ee728b)  -> (artifact id: 'c3bc629e1163132523955b6e98ac463e') in 0.061188 seconds 
Number of asset objects unloaded after import = 1504
========================================================================
Received Import Request.
  Time since last request: 11.591963 seconds.
  path: Assets/Level2/Prefabs/Gas_station_2.prefab
  artifactKey: Guid(11fe4e85e210f99499ff4d868b7e3f7e) Importer(815301076,1909f56bfc062723c751e8b465ee728b)
Number of updated assets reloaded before import = 0
Start importing Assets/Level2/Prefabs/Gas_station_2.prefab using Guid(11fe4e85e210f99499ff4d868b7e3f7e) Importer(815301076,1909f56bfc062723c751e8b465ee728b)  -> (artifact id: 'e1de8834881bd9ad0d345702e2a83888') in 0.056124 seconds 
Number of asset objects unloaded after import = 1504
========================================================================
Received Import Request.
  Time since last request: 38.855670 seconds.
  path: Assets/Level2/Prefabs/Gas_station_2.prefab
  artifactKey: Guid(11fe4e85e210f99499ff4d868b7e3f7e) Importer(815301076,1909f56bfc062723c751e8b465ee728b)
Number of updated assets reloaded before import = 0
Start importing Assets/Level2/Prefabs/Gas_station_2.prefab using Guid(11fe4e85e210f99499ff4d868b7e3f7e) Importer(815301076,1909f56bfc062723c751e8b465ee728b)  -> (artifact id: 'a77d4238cfda44a82a5676f14f949f2c') in 0.065726 seconds 
Number of asset objects unloaded after import = 1504
========================================================================
Received Import Request.
  Time since last request: 76.798705 seconds.
  path: Assets/Level2/Prefabs/Gas_station_2.prefab
  artifactKey: Guid(11fe4e85e210f99499ff4d868b7e3f7e) Importer(815301076,1909f56bfc062723c751e8b465ee728b)
Number of updated assets reloaded before import = 0
Start importing Assets/Level2/Prefabs/Gas_station_2.prefab using Guid(11fe4e85e210f99499ff4d868b7e3f7e) Importer(815301076,1909f56bfc062723c751e8b465ee728b)  -> (artifact id: 'cb722714084d475268e662e75eaf8674') in 0.067651 seconds 
Number of asset objects unloaded after import = 1504
========================================================================
Received Import Request.
  Time since last request: 365.063322 seconds.
  path: Assets/Level2/Prefabs/Gas_station_2.prefab
  artifactKey: Guid(11fe4e85e210f99499ff4d868b7e3f7e) Importer(815301076,1909f56bfc062723c751e8b465ee728b)
Number of updated assets reloaded before import = 0
Start importing Assets/Level2/Prefabs/Gas_station_2.prefab using Guid(11fe4e85e210f99499ff4d868b7e3f7e) Importer(815301076,1909f56bfc062723c751e8b465ee728b)  -> (artifact id: '046e06aa35dcb178bc60c4b906d53677') in 0.057218 seconds 
Number of asset objects unloaded after import = 1676
========================================================================
Received Import Request.
  Time since last request: 346.694491 seconds.
  path: Assets/Level2/Prefabs/Gas_station_3.prefab
  artifactKey: Guid(33b8674e5d26b0f4f98ac6f05e8acc44) Importer(815301076,1909f56bfc062723c751e8b465ee728b)
Number of updated assets reloaded before import = 0
Start importing Assets/Level2/Prefabs/Gas_station_3.prefab using Guid(33b8674e5d26b0f4f98ac6f05e8acc44) Importer(815301076,1909f56bfc062723c751e8b465ee728b)  -> (artifact id: 'aca04318d5254d4bd83eace3fcd905f9') in 0.066076 seconds 
Number of asset objects unloaded after import = 1516
========================================================================
Received Import Request.
  Time since last request: 2170.665463 seconds.
  path: Packages/com.unity.probuilder/Content/Resources/Materials/UnlitVertexColor.mat
  artifactKey: Guid(29966c3c0907b49b58c4e59342d020cf) Importer(815301076,1909f56bfc062723c751e8b465ee728b)
Number of updated assets reloaded before import = 0
Start importing Packages/com.unity.probuilder/Content/Resources/Materials/UnlitVertexColor.mat using Guid(29966c3c0907b49b58c4e59342d020cf) Importer(815301076,1909f56bfc062723c751e8b465ee728b)  -> (artifact id: '7e71d223ef12d08d7564871dd24e7e35') in 0.059834 seconds 
Number of asset objects unloaded after import = 1
========================================================================
Received Import Request.
  Time since last request: 0.000027 seconds.
  path: Packages/com.unity.probuilder/Content/Resources/Materials/VertexPickerHDRP.mat
  artifactKey: Guid(7d5c9fc287a2aa945a98203d41282923) Importer(815301076,1909f56bfc062723c751e8b465ee728b)
Number of updated assets reloaded before import = 0
Start importing Packages/com.unity.probuilder/Content/Resources/Materials/VertexPickerHDRP.mat using Guid(7d5c9fc287a2aa945a98203d41282923) Importer(815301076,1909f56bfc062723c751e8b465ee728b)  -> (artifact id: '638fb61b95ffcdc04490f76f256551e6') in 0.040505 seconds 
Number of asset objects unloaded after import = 1
========================================================================
Received Import Request.
  Time since last request: 44.940884 seconds.
  path: Packages/com.unity.probuilder/Content/Resources/Materials/NoDraw.mat
  artifactKey: Guid(8cb4d6fee77fd4ee6895f08b240d625f) Importer(815301076,1909f56bfc062723c751e8b465ee728b)
Number of updated assets reloaded before import = 0
Start importing Packages/com.unity.probuilder/Content/Resources/Materials/NoDraw.mat using Guid(8cb4d6fee77fd4ee6895f08b240d625f) Importer(815301076,1909f56bfc062723c751e8b465ee728b)  -> (artifact id: '1a1321a3d7f6b059f570bc600a64f28e') in 0.084493 seconds 
Number of asset objects unloaded after import = 2
========================================================================
Received Import Request.
  Time since last request: 0.000025 seconds.
  path: Packages/com.unity.probuilder/Content/Resources/Materials/StandardVertexColorLWRP.mat
  artifactKey: Guid(077a003b1de1e4c35923be7a21b5d948) Importer(815301076,1909f56bfc062723c751e8b465ee728b)
Number of updated assets reloaded before import = 0
Start importing Packages/com.unity.probuilder/Content/Resources/Materials/StandardVertexColorLWRP.mat using Guid(077a003b1de1e4c35923be7a21b5d948) Importer(815301076,1909f56bfc062723c751e8b465ee728b)  -> (artifact id: 'c27574ab40e78053c99a3cc74e623b2c') in 0.045557 seconds 
Number of asset objects unloaded after import = 2
========================================================================
Received Import Request.
  Time since last request: 1529.474304 seconds.
  path: Assets/Level2/MountainTrack2/Scenes_Night/Winter_6_night.unity
  artifactKey: Guid(071ae5171721c412bab8fd6b89fba789) Importer(815301076,1909f56bfc062723c751e8b465ee728b)
Number of updated assets reloaded before import = 0
Start importing Assets/Level2/MountainTrack2/Scenes_Night/Winter_6_night.unity using Guid(071ae5171721c412bab8fd6b89fba789) Importer(815301076,1909f56bfc062723c751e8b465ee728b)  -> (artifact id: '71394ba10de3dc924c74cd54fa641746') in 0.022611 seconds 
Number of asset objects unloaded after import = 0
========================================================================
Received Import Request.
  Time since last request: 12.938252 seconds.
  path: Assets/Level2/MountainTrack2/Scenes_Night/Winter_5_night.unity
  artifactKey: Guid(24f10f471812c4d0ea9775a657dd2a37) Importer(815301076,1909f56bfc062723c751e8b465ee728b)
Number of updated assets reloaded before import = 0
Start importing Assets/Level2/MountainTrack2/Scenes_Night/Winter_5_night.unity using Guid(24f10f471812c4d0ea9775a657dd2a37) Importer(815301076,1909f56bfc062723c751e8b465ee728b)  -> (artifact id: '5836f1df1e2c0efbeb3227e2125781ab') in 0.022679 seconds 
Number of asset objects unloaded after import = 0
========================================================================
Received Import Request.
  Time since last request: 18.558495 seconds.
  path: Assets/Level2/MountainTrack2/Scenes_Night/Winter_4_night.unity
  artifactKey: Guid(a81eed7f3959e4e7fbc9d1e0de4e2d6f) Importer(815301076,1909f56bfc062723c751e8b465ee728b)
Number of updated assets reloaded before import = 0
Start importing Assets/Level2/MountainTrack2/Scenes_Night/Winter_4_night.unity using Guid(a81eed7f3959e4e7fbc9d1e0de4e2d6f) Importer(815301076,1909f56bfc062723c751e8b465ee728b)  -> (artifact id: '08584a5000befbef9a54df1c9ddf87c2') in 0.025361 seconds 
Number of asset objects unloaded after import = 0
========================================================================
Received Import Request.
  Time since last request: 65.515960 seconds.
  path: Assets/Level2/Scenes/MainScene_Level2.unity
  artifactKey: Guid(7f6b6f470239e7e43b1b94fc8f5f3606) Importer(815301076,1909f56bfc062723c751e8b465ee728b)
Number of updated assets reloaded before import = 0
Start importing Assets/Level2/Scenes/MainScene_Level2.unity using Guid(7f6b6f470239e7e43b1b94fc8f5f3606) Importer(815301076,1909f56bfc062723c751e8b465ee728b)  -> (artifact id: '99c523b703eb72d8abb3f0cf485f29f3') in 0.023974 seconds 
Number of asset objects unloaded after import = 0
========================================================================
Received Import Request.
  Time since last request: 170.050427 seconds.
  path: Assets/Level2/Ruins
  artifactKey: Guid(29df725fa7bfcd54dbfe6efbf51a6669) Importer(815301076,1909f56bfc062723c751e8b465ee728b)
Number of updated assets reloaded before import = 0
Start importing Assets/Level2/Ruins using Guid(29df725fa7bfcd54dbfe6efbf51a6669) Importer(815301076,1909f56bfc062723c751e8b465ee728b)  -> (artifact id: '3ac3d8517eeec84834e8a2b2902aecb7') in 0.020859 seconds 
Number of asset objects unloaded after import = 0
========================================================================
Received Import Request.
  Time since last request: 15.662669 seconds.
  path: Assets/Level2/Ruins/textures
  artifactKey: Guid(c4d53842a1a35c847bb9dcd670fcc2c0) Importer(815301076,1909f56bfc062723c751e8b465ee728b)
Number of updated assets reloaded before import = 0
Start importing Assets/Level2/Ruins/textures using Guid(c4d53842a1a35c847bb9dcd670fcc2c0) Importer(815301076,1909f56bfc062723c751e8b465ee728b)  -> (artifact id: '3ad403d094e437aa5799c60f08a6ec15') in 0.019036 seconds 
Number of asset objects unloaded after import = 0
========================================================================
Received Import Request.
  Time since last request: 0.038595 seconds.
  path: Assets/Level2/Ruins/textures/SpeicherLindenau_01_250K_v08_Material.1001.jpg
  artifactKey: Guid(981a648b366790544bcb030baa330613) Importer(815301076,1909f56bfc062723c751e8b465ee728b)
Number of updated assets reloaded before import = 0
Start importing Assets/Level2/Ruins/textures/SpeicherLindenau_01_250K_v08_Material.1001.jpg using Guid(981a648b366790544bcb030baa330613) Importer(815301076,1909f56bfc062723c751e8b465ee728b)  -> (artifact id: 'ab95a02b19b653df285a6bd816f56151') in 0.025094 seconds 
Number of asset objects unloaded after import = 2
========================================================================
Received Import Request.
  Time since last request: 0.023063 seconds.
  path: Assets/Level2/Ruins/textures/SpeicherLindenau_01_250K_v08_Material.1004.jpg
  artifactKey: Guid(2b01af5d63df98449b609dbbc8f1a0f1) Importer(815301076,1909f56bfc062723c751e8b465ee728b)
Number of updated assets reloaded before import = 0
Start importing Assets/Level2/Ruins/textures/SpeicherLindenau_01_250K_v08_Material.1004.jpg using Guid(2b01af5d63df98449b609dbbc8f1a0f1) Importer(815301076,1909f56bfc062723c751e8b465ee728b)  -> (artifact id: '40a6d08dfb2363be80518274cf40df2c') in 0.029765 seconds 
Number of asset objects unloaded after import = 2
========================================================================
Received Import Request.
  Time since last request: 0.000023 seconds.
  path: Assets/Level2/Ruins/textures/SpeicherLindenau_01_250K_v08_Material.1006.jpg
  artifactKey: Guid(ce4e5677735e1354fba5033c92862061) Importer(815301076,1909f56bfc062723c751e8b465ee728b)
Number of updated assets reloaded before import = 0
Start importing Assets/Level2/Ruins/textures/SpeicherLindenau_01_250K_v08_Material.1006.jpg using Guid(ce4e5677735e1354fba5033c92862061) Importer(815301076,1909f56bfc062723c751e8b465ee728b)  -> (artifact id: 'd651a33e2edfc673d4dbf3a9f5c0de80') in 0.031170 seconds 
Number of asset objects unloaded after import = 2
========================================================================
Received Import Request.
  Time since last request: 14.862007 seconds.
  path: Assets/Level2/Ruins/source
  artifactKey: Guid(c3d82b90a9199fb44ad1d4cb330ed318) Importer(815301076,1909f56bfc062723c751e8b465ee728b)
Number of updated assets reloaded before import = 0
Start importing Assets/Level2/Ruins/source using Guid(c3d82b90a9199fb44ad1d4cb330ed318) Importer(815301076,1909f56bfc062723c751e8b465ee728b)  -> (artifact id: '87f29a22865779f33b7a4bdad46f5626') in 0.018650 seconds 
Number of asset objects unloaded after import = 0
========================================================================
Received Import Request.
  Time since last request: 0.050924 seconds.
  path: Assets/Level2/Ruins/source/SpeicherLindenau_01_250K_v08.fbx
  artifactKey: Guid(8a32f05c5a3d4c94993d77a72f87acfa) Importer(815301076,1909f56bfc062723c751e8b465ee728b)
Number of updated assets reloaded before import = 0
Start importing Assets/Level2/Ruins/source/SpeicherLindenau_01_250K_v08.fbx using Guid(8a32f05c5a3d4c94993d77a72f87acfa) Importer(815301076,1909f56bfc062723c751e8b465ee728b)  -> (artifact id: '0ed153a5fa92b07551d902eb6aef38c7') in 0.062811 seconds 
Number of asset objects unloaded after import = 13
========================================================================
Received Import Request.
  Time since last request: 73.329139 seconds.
  path: Assets/Level2/Prefabs/Gas_station_3.prefab
  artifactKey: Guid(33b8674e5d26b0f4f98ac6f05e8acc44) Importer(815301076,1909f56bfc062723c751e8b465ee728b)
Number of updated assets reloaded before import = 0
Start importing Assets/Level2/Prefabs/Gas_station_3.prefab using Guid(33b8674e5d26b0f4f98ac6f05e8acc44) Importer(815301076,1909f56bfc062723c751e8b465ee728b)  -> (artifact id: '2de806939e51db260967bd6d7eff7092') in 0.065819 seconds 
Number of asset objects unloaded after import = 1676
