Using pre-set license
Built from '2021.3/staging' branch; Version is '2021.3.39f1 (fb3b7b32f191) revision 16464763'; Using compiler version '192829333'; Build Type 'Release'
OS: 'Windows 11  (10.0.26100) 64bit Professional' Language: 'en' Physical Memory: 32306 MB
BatchMode: 1, IsHumanControllingUs: 0, StartBugReporterOnCrash: 0, Is64bit: 1, IsPro: 1

COMMAND LINE ARGUMENTS:
C:\Program Files\Unity\Hub\Editor\2021.3.39f1\Editor\Unity.exe
-adb2
-batchMode
-noUpm
-name
AssetImportWorker6
-projectPath
C:/Users/mario/source/repos/GameDev/OperationExoQuest/OperationExoQuest
-logFile
Logs/AssetImportWorker6.log
-srvPort
50516
Successfully changed project path to: C:/Users/mario/source/repos/GameDev/OperationExoQuest/OperationExoQuest
C:/Users/mario/source/repos/GameDev/OperationExoQuest/OperationExoQuest
[UnityMemory] Configuration Parameters - Can be set up in boot.config
    "memorysetup-bucket-allocator-granularity=16"
    "memorysetup-bucket-allocator-bucket-count=8"
    "memorysetup-bucket-allocator-block-size=33554432"
    "memorysetup-bucket-allocator-block-count=8"
    "memorysetup-main-allocator-block-size=16777216"
    "memorysetup-thread-allocator-block-size=16777216"
    "memorysetup-gfx-main-allocator-block-size=16777216"
    "memorysetup-gfx-thread-allocator-block-size=16777216"
    "memorysetup-cache-allocator-block-size=4194304"
    "memorysetup-typetree-allocator-block-size=2097152"
    "memorysetup-profiler-bucket-allocator-granularity=16"
    "memorysetup-profiler-bucket-allocator-bucket-count=8"
    "memorysetup-profiler-bucket-allocator-block-size=33554432"
    "memorysetup-profiler-bucket-allocator-block-count=8"
    "memorysetup-profiler-allocator-block-size=16777216"
    "memorysetup-profiler-editor-allocator-block-size=1048576"
    "memorysetup-temp-allocator-size-main=16777216"
    "memorysetup-job-temp-allocator-block-size=2097152"
    "memorysetup-job-temp-allocator-block-size-background=1048576"
    "memorysetup-job-temp-allocator-reduction-small-platforms=262144"
    "memorysetup-temp-allocator-size-background-worker=32768"
    "memorysetup-temp-allocator-size-job-worker=262144"
    "memorysetup-temp-allocator-size-preload-manager=33554432"
    "memorysetup-temp-allocator-size-nav-mesh-worker=65536"
    "memorysetup-temp-allocator-size-audio-worker=65536"
    "memorysetup-temp-allocator-size-cloud-worker=32768"
    "memorysetup-temp-allocator-size-gi-baking-worker=262144"
    "memorysetup-temp-allocator-size-gfx=262144"
Player connection [26408] Host "[IP] 192.168.100.110 [Port] 0 [Flags] 2 [Guid] 781158093 [EditorId] 781158093 [Version] 1048832 [Id] WindowsEditor(7,DESKTOP-QHJK815) [Debug] 1 [PackageName] WindowsEditor [ProjectName] Editor" joined multi-casting on [225.0.0.222:54997]...

Player connection [26408] Host "[IP] 192.168.100.110 [Port] 0 [Flags] 2 [Guid] 781158093 [EditorId] 781158093 [Version] 1048832 [Id] WindowsEditor(7,DESKTOP-QHJK815) [Debug] 1 [PackageName] WindowsEditor [ProjectName] Editor" joined alternative multi-casting on [225.0.0.222:34997]...

[Physics::Module] Initialized MultithreadedJobDispatcher with {0} workers.
Refreshing native plugins compatible for Editor in 56.34 ms, found 3 plugins.
Preloading 0 native plugins for Editor in 0.00 ms.
Initialize engine version: 2021.3.39f1 (fb3b7b32f191)
[Subsystems] Discovering subsystems at path C:/Program Files/Unity/Hub/Editor/2021.3.39f1/Editor/Data/Resources/UnitySubsystems
[Subsystems] Discovering subsystems at path C:/Users/mario/source/repos/GameDev/OperationExoQuest/OperationExoQuest/Assets
GfxDevice: creating device client; threaded=0; jobified=0
Direct3D:
    Version:  Direct3D 11.0 [level 11.1]
    Renderer: Intel(R) Arc(TM) Graphics (ID=0x7d55)
    Vendor:   Intel
    VRAM:     18414 MB
    Driver:   32.0.101.6129
Initialize mono
Mono path[0] = 'C:/Program Files/Unity/Hub/Editor/2021.3.39f1/Editor/Data/Managed'
Mono path[1] = 'C:/Program Files/Unity/Hub/Editor/2021.3.39f1/Editor/Data/MonoBleedingEdge/lib/mono/unityjit-win32'
Mono config path = 'C:/Program Files/Unity/Hub/Editor/2021.3.39f1/Editor/Data/MonoBleedingEdge/etc'
Using monoOptions --debugger-agent=transport=dt_socket,embedding=1,server=y,suspend=n,address=127.0.0.1:56512
Begin MonoManager ReloadAssembly
Registering precompiled unity dll's ...
Register platform support module: C:/Program Files/Unity/Hub/Editor/2021.3.39f1/Editor/Data/PlaybackEngines/WindowsStandaloneSupport/UnityEditor.WindowsStandalone.Extensions.dll
Registered in 0.002776 seconds.
Native extension for WindowsStandalone target not found
Refreshing native plugins compatible for Editor in 52.54 ms, found 3 plugins.
Preloading 0 native plugins for Editor in 0.00 ms.
Mono: successfully reloaded assembly
- Completed reload, in  0.488 seconds
Domain Reload Profiling:
	ReloadAssembly (488ms)
		BeginReloadAssembly (74ms)
			ExecutionOrderSort (0ms)
			DisableScriptedObjects (0ms)
			BackupInstance (0ms)
			ReleaseScriptingObjects (0ms)
			CreateAndSetChildDomain (1ms)
		EndReloadAssembly (339ms)
			LoadAssemblies (73ms)
			RebuildTransferFunctionScriptingTraits (0ms)
			SetupTypeCache (79ms)
			ReleaseScriptCaches (0ms)
			RebuildScriptCaches (22ms)
			SetupLoadedEditorAssemblies (206ms)
				LogAssemblyErrors (0ms)
				InitializePlatformSupportModulesInManaged (6ms)
				SetLoadedEditorAssemblies (0ms)
				RefreshPlugins (53ms)
				BeforeProcessingInitializeOnLoad (1ms)
				ProcessInitializeOnLoadAttributes (105ms)
				ProcessInitializeOnLoadMethodAttributes (41ms)
				AfterProcessingInitializeOnLoad (0ms)
				EditorAssembliesLoaded (0ms)
			ExecutionOrderSort2 (0ms)
			AwakeInstancesAfterBackupRestoration (0ms)
Platform modules already initialized, skipping
Registering precompiled user dll's ...
Registered in 0.003346 seconds.
Begin MonoManager ReloadAssembly
Native extension for WindowsStandalone target not found
Refreshing native plugins compatible for Editor in 0.56 ms, found 3 plugins.
Preloading 0 native plugins for Editor in 0.00 ms.
Package Manager log level set to [2]
[Package Manager] Server::EnsureServerProcessIsRunning -- launch failed, reason: Unity was launched with the -noUpm command-line argument
[Package Manager] Cannot connect to Unity Package Manager local server
Mono: successfully reloaded assembly
- Completed reload, in  1.219 seconds
Domain Reload Profiling:
	ReloadAssembly (1220ms)
		BeginReloadAssembly (104ms)
			ExecutionOrderSort (0ms)
			DisableScriptedObjects (6ms)
			BackupInstance (0ms)
			ReleaseScriptingObjects (0ms)
			CreateAndSetChildDomain (16ms)
		EndReloadAssembly (1039ms)
			LoadAssemblies (79ms)
			RebuildTransferFunctionScriptingTraits (0ms)
			SetupTypeCache (201ms)
			ReleaseScriptCaches (0ms)
			RebuildScriptCaches (41ms)
			SetupLoadedEditorAssemblies (695ms)
				LogAssemblyErrors (0ms)
				InitializePlatformSupportModulesInManaged (4ms)
				SetLoadedEditorAssemblies (1ms)
				RefreshPlugins (1ms)
				BeforeProcessingInitializeOnLoad (58ms)
				ProcessInitializeOnLoadAttributes (609ms)
				ProcessInitializeOnLoadMethodAttributes (19ms)
				AfterProcessingInitializeOnLoad (4ms)
				EditorAssembliesLoaded (0ms)
			ExecutionOrderSort2 (0ms)
			AwakeInstancesAfterBackupRestoration (5ms)
Platform modules already initialized, skipping
========================================================================
Worker process is ready to serve import requests
Launched and connected shader compiler UnityShaderCompiler.exe after 0.03 seconds
Refreshing native plugins compatible for Editor in 0.59 ms, found 3 plugins.
Preloading 0 native plugins for Editor in 0.00 ms.
Unloading 3457 Unused Serialized files (Serialized files now loaded: 0)
Unloading 25 unused Assets / (109.0 KB). Loaded Objects now: 3945.
Memory consumption went from 139.5 MB to 139.4 MB.
Total: 2.788900 ms (FindLiveObjects: 0.226200 ms CreateObjectMapping: 0.053000 ms MarkObjects: 2.382100 ms  DeleteObjects: 0.125800 ms)

AssetImportParameters requested are different than current active one (requested -> active):
  custom:video-decoder-ogg-theora: a1e56fd34408186e4bbccfd4996cb3dc -> 
  custom:container-muxer-webm: aa71ff27fc2769a1b78a27578f13a17b -> 
  custom:container-demuxer-webm: 4f35f7cbe854078d1ac9338744f61a02 -> 
  custom:video-encoder-webm-vp8: eb34c28f22e8b96e1ab97ce403110664 -> 
  custom:video-codec-MediaFoundation-h265: 746d11721c4dcdbdad8f713fa42b33f4 -> 
  custom:CustomObjectIndexerAttribute: bc11b3a6c3213fcdd17b65e7da85e133 -> 
  custom:audio-encoder-webm-vorbis: bf7c407c2cedff20999df2af8eb42d56 -> 
  custom:framework-win-MediaFoundation: 216162199b28c13a410421893ffa2e32 -> 
  custom:SearchIndexIgnoredProperties: e643bd26f0fe6173181afceb89e7c659 -> 
  custom:container-demuxer-ogg: 62fdf1f143b41e24485cea50d1cbac27 -> 
  custom:video-decoder-webm-vp8: 9c59270c3fd7afecdb556c50c9e8de78 -> 
  custom:audio-decoder-ogg-vorbis: bf7c407c2cedff20999df2af8eb42d56 -> 
========================================================================
Received Import Request.
  Time since last request: 7011.394009 seconds.
  path: Assets/Level1/Prefabs/Crate2.prefab
  artifactKey: Guid(213049dd5434eb14f9b1a7341ffb342c) Importer(815301076,1909f56bfc062723c751e8b465ee728b)
Number of updated assets reloaded before import = 0
Start importing Assets/Level1/Prefabs/Crate2.prefab using Guid(213049dd5434eb14f9b1a7341ffb342c) Importer(815301076,1909f56bfc062723c751e8b465ee728b)  -> (artifact id: 'ad122c39783004f05e452861f7c4937a') in 0.112277 seconds 
Number of asset objects unloaded after import = 48
========================================================================
Received Import Request.
  Time since last request: 81.113997 seconds.
  path: Assets/Level1/basic-sci-fi-crate
  artifactKey: Guid(afa77d9fc01b35f4b9e5fb9671aa2fd7) Importer(815301076,1909f56bfc062723c751e8b465ee728b)
Number of updated assets reloaded before import = 0
Start importing Assets/Level1/basic-sci-fi-crate using Guid(afa77d9fc01b35f4b9e5fb9671aa2fd7) Importer(815301076,1909f56bfc062723c751e8b465ee728b)  -> (artifact id: 'b8c26321da8dde7f03955936fe5d6fc3') in 0.019920 seconds 
Number of asset objects unloaded after import = 0
========================================================================
Received Import Request.
  Time since last request: 0.860290 seconds.
  path: Assets/Level1/basic-sci-fi-crate/source
  artifactKey: Guid(73a0aa2e7e04ae742b987f850bca025a) Importer(815301076,1909f56bfc062723c751e8b465ee728b)
Number of updated assets reloaded before import = 0
Start importing Assets/Level1/basic-sci-fi-crate/source using Guid(73a0aa2e7e04ae742b987f850bca025a) Importer(815301076,1909f56bfc062723c751e8b465ee728b)  -> (artifact id: '6af3012ea0b6106e1f2f4c708ac68ad0') in 0.004170 seconds 
Number of asset objects unloaded after import = 0
========================================================================
Received Import Request.
  Time since last request: 2.759953 seconds.
  path: Assets/Level1/basic-sci-fi-crate/source/a75dbc8eef1c44509053b107e0a95f83.zip
  artifactKey: Guid(f30cde521bc044e45bf6f099b47d30ed) Importer(815301076,1909f56bfc062723c751e8b465ee728b)
Number of updated assets reloaded before import = 0
Start importing Assets/Level1/basic-sci-fi-crate/source/a75dbc8eef1c44509053b107e0a95f83.zip using Guid(f30cde521bc044e45bf6f099b47d30ed) Importer(815301076,1909f56bfc062723c751e8b465ee728b)  -> (artifact id: '8bd0ca6703bffe98b94bb4018ec30331') in 0.022166 seconds 
Number of asset objects unloaded after import = 1
========================================================================
Received Import Request.
  Time since last request: 38.500345 seconds.
  path: Assets/Level1/basic-sci-fi-crate/source/a75dbc8eef1c44509053b107e0a95f83
  artifactKey: Guid(9e61b5138bdf61242a14be7e1ba6b967) Importer(815301076,1909f56bfc062723c751e8b465ee728b)
Number of updated assets reloaded before import = 0
Start importing Assets/Level1/basic-sci-fi-crate/source/a75dbc8eef1c44509053b107e0a95f83 using Guid(9e61b5138bdf61242a14be7e1ba6b967) Importer(815301076,1909f56bfc062723c751e8b465ee728b)  -> (artifact id: '81c7eb1a1ab0fbf29c5b35005893bbad') in 0.003073 seconds 
Number of asset objects unloaded after import = 0
========================================================================
Received Import Request.
  Time since last request: 0.922198 seconds.
  path: Assets/Level1/basic-sci-fi-crate/source/a75dbc8eef1c44509053b107e0a95f83/model
  artifactKey: Guid(48ab80d002da1254aa0bdb82ea175cd0) Importer(815301076,1909f56bfc062723c751e8b465ee728b)
Number of updated assets reloaded before import = 0
Start importing Assets/Level1/basic-sci-fi-crate/source/a75dbc8eef1c44509053b107e0a95f83/model using Guid(48ab80d002da1254aa0bdb82ea175cd0) Importer(815301076,1909f56bfc062723c751e8b465ee728b)  -> (artifact id: 'b893bda257bb2f8bafa188877e3aaccc') in 0.018940 seconds 
Number of asset objects unloaded after import = 0
========================================================================
Received Import Request.
  Time since last request: 0.044923 seconds.
  path: Assets/Level1/basic-sci-fi-crate/source/a75dbc8eef1c44509053b107e0a95f83/model/basic_sci-fi_crate.fbx
  artifactKey: Guid(e092e62d9d9c64b41b1d6ec766ebb929) Importer(815301076,1909f56bfc062723c751e8b465ee728b)
Number of updated assets reloaded before import = 0
Start importing Assets/Level1/basic-sci-fi-crate/source/a75dbc8eef1c44509053b107e0a95f83/model/basic_sci-fi_crate.fbx using Guid(e092e62d9d9c64b41b1d6ec766ebb929) Importer(815301076,1909f56bfc062723c751e8b465ee728b)  -> (artifact id: '6d59851f00575e707ba6f0c345a1a531') in 0.079037 seconds 
Number of asset objects unloaded after import = 27
========================================================================
Received Import Request.
  Time since last request: 52.240918 seconds.
  path: Assets/Level1/basic-sci-fi-crate/source/a75dbc8eef1c44509053b107e0a95f83/model/textures
  artifactKey: Guid(cd69369731a866c46b467b179e1e6eb0) Importer(815301076,1909f56bfc062723c751e8b465ee728b)
Number of updated assets reloaded before import = 0
Start importing Assets/Level1/basic-sci-fi-crate/source/a75dbc8eef1c44509053b107e0a95f83/model/textures using Guid(cd69369731a866c46b467b179e1e6eb0) Importer(815301076,1909f56bfc062723c751e8b465ee728b)  -> (artifact id: '0ff172e80cf231e9f15f71bbee88eb36') in 0.002933 seconds 
Number of asset objects unloaded after import = 0
========================================================================
Received Import Request.
  Time since last request: 0.058889 seconds.
  path: Assets/Level1/basic-sci-fi-crate/source/a75dbc8eef1c44509053b107e0a95f83/model/textures/DefaultMaterial_albedo.jpg
  artifactKey: Guid(088e01c15f246324d861a6bd74a8cf8c) Importer(815301076,1909f56bfc062723c751e8b465ee728b)
Number of updated assets reloaded before import = 0
Start importing Assets/Level1/basic-sci-fi-crate/source/a75dbc8eef1c44509053b107e0a95f83/model/textures/DefaultMaterial_albedo.jpg using Guid(088e01c15f246324d861a6bd74a8cf8c) Importer(815301076,1909f56bfc062723c751e8b465ee728b)  -> (artifact id: 'ff552f4d034a955686c19c5b25497e3d') in 0.038768 seconds 
Number of asset objects unloaded after import = 2
========================================================================
Received Import Request.
  Time since last request: 0.000020 seconds.
  path: Assets/Level1/basic-sci-fi-crate/source/a75dbc8eef1c44509053b107e0a95f83/model/textures/DefaultMaterial_roughness.jpg
  artifactKey: Guid(4d8a8d01792c7a44e92ff1917c032408) Importer(815301076,1909f56bfc062723c751e8b465ee728b)
Number of updated assets reloaded before import = 0
Start importing Assets/Level1/basic-sci-fi-crate/source/a75dbc8eef1c44509053b107e0a95f83/model/textures/DefaultMaterial_roughness.jpg using Guid(4d8a8d01792c7a44e92ff1917c032408) Importer(815301076,1909f56bfc062723c751e8b465ee728b)  -> (artifact id: 'd163f10ad4f9a425b748e2320a419a3c') in 0.029854 seconds 
Number of asset objects unloaded after import = 2
Editor requested this worker to shutdown with reason: Scaling down because of idle timeout
AssetImportWorker is now disconnected from the server
Process exiting
Exiting without the bug reporter. Application will terminate with return code 0