Using pre-set license
Built from '2021.3/staging' branch; Version is '2021.3.39f1 (fb3b7b32f191) revision 16464763'; Using compiler version '192829333'; Build Type 'Release'
OS: 'Windows 11  (10.0.26100) 64bit Professional' Language: 'en' Physical Memory: 32306 MB
BatchMode: 1, IsHumanControllingUs: 0, StartBugReporterOnCrash: 0, Is64bit: 1, IsPro: 1

COMMAND LINE ARGUMENTS:
C:\Program Files\Unity\Hub\Editor\2021.3.39f1\Editor\Unity.exe
-adb2
-batchMode
-noUpm
-name
AssetImportWorker8
-projectPath
C:/Users/mario/source/repos/GameDev/OperationExoQuest/OperationExoQuest
-logFile
Logs/AssetImportWorker8.log
-srvPort
50516
Successfully changed project path to: C:/Users/mario/source/repos/GameDev/OperationExoQuest/OperationExoQuest
C:/Users/mario/source/repos/GameDev/OperationExoQuest/OperationExoQuest
[UnityMemory] Configuration Parameters - Can be set up in boot.config
    "memorysetup-bucket-allocator-granularity=16"
    "memorysetup-bucket-allocator-bucket-count=8"
    "memorysetup-bucket-allocator-block-size=33554432"
    "memorysetup-bucket-allocator-block-count=8"
    "memorysetup-main-allocator-block-size=16777216"
    "memorysetup-thread-allocator-block-size=16777216"
    "memorysetup-gfx-main-allocator-block-size=16777216"
    "memorysetup-gfx-thread-allocator-block-size=16777216"
    "memorysetup-cache-allocator-block-size=4194304"
    "memorysetup-typetree-allocator-block-size=2097152"
    "memorysetup-profiler-bucket-allocator-granularity=16"
    "memorysetup-profiler-bucket-allocator-bucket-count=8"
    "memorysetup-profiler-bucket-allocator-block-size=33554432"
    "memorysetup-profiler-bucket-allocator-block-count=8"
    "memorysetup-profiler-allocator-block-size=16777216"
    "memorysetup-profiler-editor-allocator-block-size=1048576"
    "memorysetup-temp-allocator-size-main=16777216"
    "memorysetup-job-temp-allocator-block-size=2097152"
    "memorysetup-job-temp-allocator-block-size-background=1048576"
    "memorysetup-job-temp-allocator-reduction-small-platforms=262144"
    "memorysetup-temp-allocator-size-background-worker=32768"
    "memorysetup-temp-allocator-size-job-worker=262144"
    "memorysetup-temp-allocator-size-preload-manager=33554432"
    "memorysetup-temp-allocator-size-nav-mesh-worker=65536"
    "memorysetup-temp-allocator-size-audio-worker=65536"
    "memorysetup-temp-allocator-size-cloud-worker=32768"
    "memorysetup-temp-allocator-size-gi-baking-worker=262144"
    "memorysetup-temp-allocator-size-gfx=262144"
Player connection [31436] Host "[IP] 192.168.100.110 [Port] 0 [Flags] 2 [Guid] 2452674673 [EditorId] 2452674673 [Version] 1048832 [Id] WindowsEditor(7,DESKTOP-QHJK815) [Debug] 1 [PackageName] WindowsEditor [ProjectName] Editor" joined multi-casting on [225.0.0.222:54997]...

Player connection [31436] Host "[IP] 192.168.100.110 [Port] 0 [Flags] 2 [Guid] 2452674673 [EditorId] 2452674673 [Version] 1048832 [Id] WindowsEditor(7,DESKTOP-QHJK815) [Debug] 1 [PackageName] WindowsEditor [ProjectName] Editor" joined alternative multi-casting on [225.0.0.222:34997]...

[Physics::Module] Initialized MultithreadedJobDispatcher with {0} workers.
Refreshing native plugins compatible for Editor in 68.41 ms, found 3 plugins.
Preloading 0 native plugins for Editor in 0.00 ms.
Initialize engine version: 2021.3.39f1 (fb3b7b32f191)
[Subsystems] Discovering subsystems at path C:/Program Files/Unity/Hub/Editor/2021.3.39f1/Editor/Data/Resources/UnitySubsystems
[Subsystems] Discovering subsystems at path C:/Users/mario/source/repos/GameDev/OperationExoQuest/OperationExoQuest/Assets
GfxDevice: creating device client; threaded=0; jobified=0
Direct3D:
    Version:  Direct3D 11.0 [level 11.1]
    Renderer: Intel(R) Arc(TM) Graphics (ID=0x7d55)
    Vendor:   Intel
    VRAM:     18414 MB
    Driver:   32.0.101.6129
Initialize mono
Mono path[0] = 'C:/Program Files/Unity/Hub/Editor/2021.3.39f1/Editor/Data/Managed'
Mono path[1] = 'C:/Program Files/Unity/Hub/Editor/2021.3.39f1/Editor/Data/MonoBleedingEdge/lib/mono/unityjit-win32'
Mono config path = 'C:/Program Files/Unity/Hub/Editor/2021.3.39f1/Editor/Data/MonoBleedingEdge/etc'
Using monoOptions --debugger-agent=transport=dt_socket,embedding=1,server=y,suspend=n,address=127.0.0.1:56164
Begin MonoManager ReloadAssembly
Registering precompiled unity dll's ...
Register platform support module: C:/Program Files/Unity/Hub/Editor/2021.3.39f1/Editor/Data/PlaybackEngines/WindowsStandaloneSupport/UnityEditor.WindowsStandalone.Extensions.dll
Registered in 0.003203 seconds.
Native extension for WindowsStandalone target not found
Refreshing native plugins compatible for Editor in 55.73 ms, found 3 plugins.
Preloading 0 native plugins for Editor in 0.00 ms.
Mono: successfully reloaded assembly
- Completed reload, in  0.491 seconds
Domain Reload Profiling:
	ReloadAssembly (492ms)
		BeginReloadAssembly (74ms)
			ExecutionOrderSort (0ms)
			DisableScriptedObjects (0ms)
			BackupInstance (0ms)
			ReleaseScriptingObjects (0ms)
			CreateAndSetChildDomain (1ms)
		EndReloadAssembly (348ms)
			LoadAssemblies (73ms)
			RebuildTransferFunctionScriptingTraits (0ms)
			SetupTypeCache (83ms)
			ReleaseScriptCaches (0ms)
			RebuildScriptCaches (22ms)
			SetupLoadedEditorAssemblies (210ms)
				LogAssemblyErrors (0ms)
				InitializePlatformSupportModulesInManaged (7ms)
				SetLoadedEditorAssemblies (0ms)
				RefreshPlugins (56ms)
				BeforeProcessingInitializeOnLoad (1ms)
				ProcessInitializeOnLoadAttributes (107ms)
				ProcessInitializeOnLoadMethodAttributes (39ms)
				AfterProcessingInitializeOnLoad (0ms)
				EditorAssembliesLoaded (0ms)
			ExecutionOrderSort2 (0ms)
			AwakeInstancesAfterBackupRestoration (0ms)
Platform modules already initialized, skipping
Registering precompiled user dll's ...
Registered in 0.003200 seconds.
Begin MonoManager ReloadAssembly
Native extension for WindowsStandalone target not found
Refreshing native plugins compatible for Editor in 0.71 ms, found 3 plugins.
Preloading 0 native plugins for Editor in 0.00 ms.
Package Manager log level set to [2]
[Package Manager] Server::EnsureServerProcessIsRunning -- launch failed, reason: Unity was launched with the -noUpm command-line argument
[Package Manager] Cannot connect to Unity Package Manager local server
Mono: successfully reloaded assembly
- Completed reload, in  1.238 seconds
Domain Reload Profiling:
	ReloadAssembly (1239ms)
		BeginReloadAssembly (135ms)
			ExecutionOrderSort (0ms)
			DisableScriptedObjects (5ms)
			BackupInstance (0ms)
			ReleaseScriptingObjects (0ms)
			CreateAndSetChildDomain (22ms)
		EndReloadAssembly (1018ms)
			LoadAssemblies (101ms)
			RebuildTransferFunctionScriptingTraits (0ms)
			SetupTypeCache (212ms)
			ReleaseScriptCaches (0ms)
			RebuildScriptCaches (47ms)
			SetupLoadedEditorAssemblies (667ms)
				LogAssemblyErrors (0ms)
				InitializePlatformSupportModulesInManaged (5ms)
				SetLoadedEditorAssemblies (0ms)
				RefreshPlugins (1ms)
				BeforeProcessingInitializeOnLoad (58ms)
				ProcessInitializeOnLoadAttributes (582ms)
				ProcessInitializeOnLoadMethodAttributes (17ms)
				AfterProcessingInitializeOnLoad (4ms)
				EditorAssembliesLoaded (0ms)
			ExecutionOrderSort2 (0ms)
			AwakeInstancesAfterBackupRestoration (4ms)
Platform modules already initialized, skipping
========================================================================
Worker process is ready to serve import requests
Launched and connected shader compiler UnityShaderCompiler.exe after 0.04 seconds
Refreshing native plugins compatible for Editor in 0.58 ms, found 3 plugins.
Preloading 0 native plugins for Editor in 0.00 ms.
Unloading 3457 Unused Serialized files (Serialized files now loaded: 0)
Unloading 25 unused Assets / (85.4 KB). Loaded Objects now: 3945.
Memory consumption went from 139.7 MB to 139.6 MB.
Total: 3.141900 ms (FindLiveObjects: 0.220700 ms CreateObjectMapping: 0.052400 ms MarkObjects: 2.764900 ms  DeleteObjects: 0.102500 ms)

AssetImportParameters requested are different than current active one (requested -> active):
  custom:video-decoder-ogg-theora: a1e56fd34408186e4bbccfd4996cb3dc -> 
  custom:container-muxer-webm: aa71ff27fc2769a1b78a27578f13a17b -> 
  custom:container-demuxer-webm: 4f35f7cbe854078d1ac9338744f61a02 -> 
  custom:video-encoder-webm-vp8: eb34c28f22e8b96e1ab97ce403110664 -> 
  custom:video-codec-MediaFoundation-h265: 746d11721c4dcdbdad8f713fa42b33f4 -> 
  custom:CustomObjectIndexerAttribute: bc11b3a6c3213fcdd17b65e7da85e133 -> 
  custom:audio-encoder-webm-vorbis: bf7c407c2cedff20999df2af8eb42d56 -> 
  custom:framework-win-MediaFoundation: 216162199b28c13a410421893ffa2e32 -> 
  custom:SearchIndexIgnoredProperties: e643bd26f0fe6173181afceb89e7c659 -> 
  custom:container-demuxer-ogg: 62fdf1f143b41e24485cea50d1cbac27 -> 
  custom:video-decoder-webm-vp8: 9c59270c3fd7afecdb556c50c9e8de78 -> 
  custom:audio-decoder-ogg-vorbis: bf7c407c2cedff20999df2af8eb42d56 -> 
========================================================================
Received Import Request.
  Time since last request: 8115.635350 seconds.
  path: Assets/Level1/Prefabs/Crates.prefab
  artifactKey: Guid(cf834e1d35149f845b0f1722e44545c4) Importer(815301076,1909f56bfc062723c751e8b465ee728b)
Number of updated assets reloaded before import = 0
Start importing Assets/Level1/Prefabs/Crates.prefab using Guid(cf834e1d35149f845b0f1722e44545c4) Importer(815301076,1909f56bfc062723c751e8b465ee728b)  -> (artifact id: 'db73dda018372ec6c12171e598b4bd0e') in 0.152309 seconds 
Number of asset objects unloaded after import = 262
========================================================================
Received Import Request.
  Time since last request: 45.945443 seconds.
  path: Assets/Level1/Prefabs/robotSphere.prefab
  artifactKey: Guid(4b15f4005b2d80d49b312a1bada693cc) Importer(815301076,1909f56bfc062723c751e8b465ee728b)
Number of updated assets reloaded before import = 0
Start importing Assets/Level1/Prefabs/robotSphere.prefab using Guid(4b15f4005b2d80d49b312a1bada693cc) Importer(815301076,1909f56bfc062723c751e8b465ee728b)  -> (artifact id: 'ff0749b66ea7e084531e268e6d282062') in 0.099070 seconds 
Number of asset objects unloaded after import = 255
========================================================================
Received Import Request.
  Time since last request: 68.266411 seconds.
  path: Assets/Level1/New Folder
  artifactKey: Guid(a70f843907e371546b0f552355e06012) Importer(815301076,1909f56bfc062723c751e8b465ee728b)
Number of updated assets reloaded before import = 0
Start importing Assets/Level1/New Folder using Guid(a70f843907e371546b0f552355e06012) Importer(815301076,1909f56bfc062723c751e8b465ee728b)  -> (artifact id: 'eadbb6615880c1040ae59279e66c47b4') in 0.018583 seconds 
Number of asset objects unloaded after import = 0
========================================================================
Received Import Request.
  Time since last request: 14.100218 seconds.
  path: Assets/Level1/Wooden_Creates
  artifactKey: Guid(a70f843907e371546b0f552355e06012) Importer(815301076,1909f56bfc062723c751e8b465ee728b)
Number of updated assets reloaded before import = 0
Start importing Assets/Level1/Wooden_Creates using Guid(a70f843907e371546b0f552355e06012) Importer(815301076,1909f56bfc062723c751e8b465ee728b)  -> (artifact id: '2f91c943f0e1d56e52aa8c0e416f8b09') in 0.017976 seconds 
Number of asset objects unloaded after import = 0
========================================================================
Received Import Request.
  Time since last request: 34.330361 seconds.
  path: Assets/Level1/SciFi_Creates
  artifactKey: Guid(55c4902ca2560f545b39da08e1b41534) Importer(815301076,1909f56bfc062723c751e8b465ee728b)
Number of updated assets reloaded before import = 0
Start importing Assets/Level1/SciFi_Creates using Guid(55c4902ca2560f545b39da08e1b41534) Importer(815301076,1909f56bfc062723c751e8b465ee728b)  -> (artifact id: 'b27437988700fedbcbc58d4c04a6fdff') in 0.020348 seconds 
Number of asset objects unloaded after import = 0
========================================================================
Received Import Request.
  Time since last request: 110.123874 seconds.
  path: Assets/Level1/Prefabs/basic_sci-fi_crate.prefab
  artifactKey: Guid(b16067724ab038b46965842787a1b9c7) Importer(815301076,1909f56bfc062723c751e8b465ee728b)
Number of updated assets reloaded before import = 0
Start importing Assets/Level1/Prefabs/basic_sci-fi_crate.prefab using Guid(b16067724ab038b46965842787a1b9c7) Importer(815301076,1909f56bfc062723c751e8b465ee728b)  -> (artifact id: '9cc6d1bbb136a69ea6798e82b4b11e53') in 0.038449 seconds 
Number of asset objects unloaded after import = 45
========================================================================
Received Import Request.
  Time since last request: 0.000025 seconds.
  path: Assets/Level1/Prefabs/Crates.prefab
  artifactKey: Guid(cf834e1d35149f845b0f1722e44545c4) Importer(815301076,1909f56bfc062723c751e8b465ee728b)
Number of updated assets reloaded before import = 0
Start importing Assets/Level1/Prefabs/Crates.prefab using Guid(cf834e1d35149f845b0f1722e44545c4) Importer(815301076,1909f56bfc062723c751e8b465ee728b)  -> (artifact id: 'e0a2052307e9ea31410adaf8469f96b5') in 0.021144 seconds 
Number of asset objects unloaded after import = 262
========================================================================
Received Import Request.
  Time since last request: 0.000033 seconds.
  path: Assets/Level1/Prefabs/Scifi Crate_Pile.prefab
  artifactKey: Guid(b047a15b6547dae4694ed792209f8d9c) Importer(815301076,1909f56bfc062723c751e8b465ee728b)
Number of updated assets reloaded before import = 0
Start importing Assets/Level1/Prefabs/Scifi Crate_Pile.prefab using Guid(b047a15b6547dae4694ed792209f8d9c) Importer(815301076,1909f56bfc062723c751e8b465ee728b)  -> (artifact id: '2193183746e4d69d649fe5f683af297c') in 0.019187 seconds 
Number of asset objects unloaded after import = 36
========================================================================
Received Import Request.
  Time since last request: 13.064511 seconds.
  path: Assets/Level1/Packages
  artifactKey: Guid(016d01bacab92f740956f3b347b02429) Importer(815301076,1909f56bfc062723c751e8b465ee728b)
Number of updated assets reloaded before import = 0
Start importing Assets/Level1/Packages using Guid(016d01bacab92f740956f3b347b02429) Importer(815301076,1909f56bfc062723c751e8b465ee728b)  -> (artifact id: '8371edbe4b2b64bfc8f005c9ab8b247e') in 0.018687 seconds 
Number of asset objects unloaded after import = 0
========================================================================
Received Import Request.
  Time since last request: 18.352818 seconds.
  path: Assets/Level1/Prefabs/basic_sci-fi_crate.prefab
  artifactKey: Guid(b16067724ab038b46965842787a1b9c7) Importer(815301076,1909f56bfc062723c751e8b465ee728b)
Number of updated assets reloaded before import = 0
Start importing Assets/Level1/Prefabs/basic_sci-fi_crate.prefab using Guid(b16067724ab038b46965842787a1b9c7) Importer(815301076,1909f56bfc062723c751e8b465ee728b)  -> (artifact id: 'a5f39a9d1ccb7972565ed4a72b74cae2') in 0.029301 seconds 
Number of asset objects unloaded after import = 45
========================================================================
Received Import Request.
  Time since last request: 0.000019 seconds.
  path: Assets/Level1/Prefabs/Crates.prefab
  artifactKey: Guid(cf834e1d35149f845b0f1722e44545c4) Importer(815301076,1909f56bfc062723c751e8b465ee728b)
Number of updated assets reloaded before import = 0
Start importing Assets/Level1/Prefabs/Crates.prefab using Guid(cf834e1d35149f845b0f1722e44545c4) Importer(815301076,1909f56bfc062723c751e8b465ee728b)  -> (artifact id: '8c1482cf1795b928050d8379ad495727') in 0.019608 seconds 
Number of asset objects unloaded after import = 262
========================================================================
Received Import Request.
  Time since last request: 0.000078 seconds.
  path: Assets/Level1/Prefabs/SciFiCrate_1.prefab
  artifactKey: Guid(7fa62a12580ce504387290a24b62a4d2) Importer(815301076,1909f56bfc062723c751e8b465ee728b)
Number of updated assets reloaded before import = 0
Start importing Assets/Level1/Prefabs/SciFiCrate_1.prefab using Guid(7fa62a12580ce504387290a24b62a4d2) Importer(815301076,1909f56bfc062723c751e8b465ee728b)  -> (artifact id: '436bb82d8208987baac5e8aff11a7f97') in 0.030985 seconds 
Number of asset objects unloaded after import = 16
========================================================================
Received Prepare
Registering precompiled user dll's ...
Registered in 0.004633 seconds.
Begin MonoManager ReloadAssembly
Native extension for WindowsStandalone target not found
Refreshing native plugins compatible for Editor in 0.53 ms, found 3 plugins.
Preloading 0 native plugins for Editor in 0.00 ms.
[Package Manager] Server::EnsureServerProcessIsRunning -- launch failed, reason: Unity was launched with the -noUpm command-line argument
[Package Manager] Cannot connect to Unity Package Manager local server
Mono: successfully reloaded assembly
- Completed reload, in  1.142 seconds
Domain Reload Profiling:
	ReloadAssembly (1143ms)
		BeginReloadAssembly (125ms)
			ExecutionOrderSort (0ms)
			DisableScriptedObjects (3ms)
			BackupInstance (0ms)
			ReleaseScriptingObjects (0ms)
			CreateAndSetChildDomain (35ms)
		EndReloadAssembly (944ms)
			LoadAssemblies (75ms)
			RebuildTransferFunctionScriptingTraits (0ms)
			SetupTypeCache (193ms)
			ReleaseScriptCaches (1ms)
			RebuildScriptCaches (32ms)
			SetupLoadedEditorAssemblies (632ms)
				LogAssemblyErrors (0ms)
				InitializePlatformSupportModulesInManaged (4ms)
				SetLoadedEditorAssemblies (0ms)
				RefreshPlugins (1ms)
				BeforeProcessingInitializeOnLoad (44ms)
				ProcessInitializeOnLoadAttributes (563ms)
				ProcessInitializeOnLoadMethodAttributes (15ms)
				AfterProcessingInitializeOnLoad (4ms)
				EditorAssembliesLoaded (0ms)
			ExecutionOrderSort2 (0ms)
			AwakeInstancesAfterBackupRestoration (5ms)
Platform modules already initialized, skipping
Refreshing native plugins compatible for Editor in 0.58 ms, found 3 plugins.
Preloading 0 native plugins for Editor in 0.00 ms.
Unloading 3430 Unused Serialized files (Serialized files now loaded: 0)
Unloading 20 unused Assets / (67.0 KB). Loaded Objects now: 3956.
Memory consumption went from 142.0 MB to 141.9 MB.
Total: 2.291100 ms (FindLiveObjects: 0.211300 ms CreateObjectMapping: 0.052700 ms MarkObjects: 1.948500 ms  DeleteObjects: 0.076700 ms)

AssetImportParameters requested are different than current active one (requested -> active):
  custom:video-decoder-ogg-theora: a1e56fd34408186e4bbccfd4996cb3dc -> 
  custom:container-muxer-webm: aa71ff27fc2769a1b78a27578f13a17b -> 
  custom:container-demuxer-webm: 4f35f7cbe854078d1ac9338744f61a02 -> 
  custom:video-encoder-webm-vp8: eb34c28f22e8b96e1ab97ce403110664 -> 
  custom:video-codec-MediaFoundation-h265: 746d11721c4dcdbdad8f713fa42b33f4 -> 
  custom:CustomObjectIndexerAttribute: bc11b3a6c3213fcdd17b65e7da85e133 -> 
  custom:audio-encoder-webm-vorbis: bf7c407c2cedff20999df2af8eb42d56 -> 
  custom:framework-win-MediaFoundation: 216162199b28c13a410421893ffa2e32 -> 
  custom:SearchIndexIgnoredProperties: e643bd26f0fe6173181afceb89e7c659 -> 
  custom:container-demuxer-ogg: 62fdf1f143b41e24485cea50d1cbac27 -> 
  custom:video-decoder-webm-vp8: 9c59270c3fd7afecdb556c50c9e8de78 -> 
  custom:audio-decoder-ogg-vorbis: bf7c407c2cedff20999df2af8eb42d56 -> 
========================================================================
Received Import Request.
  Time since last request: 24.463905 seconds.
  path: Assets/Level1/Packages/Map_Asset
  artifactKey: Guid(7399cab0cdc468740a4e29d1defae547) Importer(815301076,1909f56bfc062723c751e8b465ee728b)
Number of updated assets reloaded before import = 0
Start importing Assets/Level1/Packages/Map_Asset using Guid(7399cab0cdc468740a4e29d1defae547) Importer(815301076,1909f56bfc062723c751e8b465ee728b)  -> (artifact id: 'f4975f3f23162da8799b38f4e5387a6e') in 0.023753 seconds 
Number of asset objects unloaded after import = 0
========================================================================
Received Import Request.
  Time since last request: 24.291812 seconds.
  path: Assets/Level1/Packages/RobotSphere(Assistant Charactere)
  artifactKey: Guid(cdbe9fbadcef0264392b3adb62505a22) Importer(815301076,1909f56bfc062723c751e8b465ee728b)
Number of updated assets reloaded before import = 0
Start importing Assets/Level1/Packages/RobotSphere(Assistant Charactere) using Guid(cdbe9fbadcef0264392b3adb62505a22) Importer(815301076,1909f56bfc062723c751e8b465ee728b)  -> (artifact id: 'c7180b7e7876f46b4e4eb3f1f86222fa') in 0.014443 seconds 
Number of asset objects unloaded after import = 0
========================================================================
Received Prepare
Registering precompiled user dll's ...
Registered in 0.003181 seconds.
Begin MonoManager ReloadAssembly
Native extension for WindowsStandalone target not found
Refreshing native plugins compatible for Editor in 0.61 ms, found 3 plugins.
Preloading 0 native plugins for Editor in 0.00 ms.
[Package Manager] Server::EnsureServerProcessIsRunning -- launch failed, reason: Unity was launched with the -noUpm command-line argument
[Package Manager] Cannot connect to Unity Package Manager local server
Mono: successfully reloaded assembly
- Completed reload, in  1.242 seconds
Domain Reload Profiling:
	ReloadAssembly (1243ms)
		BeginReloadAssembly (159ms)
			ExecutionOrderSort (0ms)
			DisableScriptedObjects (3ms)
			BackupInstance (0ms)
			ReleaseScriptingObjects (0ms)
			CreateAndSetChildDomain (29ms)
		EndReloadAssembly (981ms)
			LoadAssemblies (120ms)
			RebuildTransferFunctionScriptingTraits (0ms)
			SetupTypeCache (204ms)
			ReleaseScriptCaches (2ms)
			RebuildScriptCaches (34ms)
			SetupLoadedEditorAssemblies (649ms)
				LogAssemblyErrors (0ms)
				InitializePlatformSupportModulesInManaged (4ms)
				SetLoadedEditorAssemblies (0ms)
				RefreshPlugins (1ms)
				BeforeProcessingInitializeOnLoad (44ms)
				ProcessInitializeOnLoadAttributes (579ms)
				ProcessInitializeOnLoadMethodAttributes (16ms)
				AfterProcessingInitializeOnLoad (5ms)
				EditorAssembliesLoaded (0ms)
			ExecutionOrderSort2 (0ms)
			AwakeInstancesAfterBackupRestoration (5ms)
Platform modules already initialized, skipping
Refreshing native plugins compatible for Editor in 0.57 ms, found 3 plugins.
Preloading 0 native plugins for Editor in 0.00 ms.
Unloading 3430 Unused Serialized files (Serialized files now loaded: 0)
Unloading 20 unused Assets / (59.3 KB). Loaded Objects now: 3959.
Memory consumption went from 142.0 MB to 141.9 MB.
Total: 2.286200 ms (FindLiveObjects: 0.214400 ms CreateObjectMapping: 0.052200 ms MarkObjects: 1.939800 ms  DeleteObjects: 0.078400 ms)

AssetImportParameters requested are different than current active one (requested -> active):
  custom:video-decoder-ogg-theora: a1e56fd34408186e4bbccfd4996cb3dc -> 
  custom:container-muxer-webm: aa71ff27fc2769a1b78a27578f13a17b -> 
  custom:container-demuxer-webm: 4f35f7cbe854078d1ac9338744f61a02 -> 
  custom:video-encoder-webm-vp8: eb34c28f22e8b96e1ab97ce403110664 -> 
  custom:video-codec-MediaFoundation-h265: 746d11721c4dcdbdad8f713fa42b33f4 -> 
  custom:CustomObjectIndexerAttribute: bc11b3a6c3213fcdd17b65e7da85e133 -> 
  custom:audio-encoder-webm-vorbis: bf7c407c2cedff20999df2af8eb42d56 -> 
  custom:framework-win-MediaFoundation: 216162199b28c13a410421893ffa2e32 -> 
  custom:SearchIndexIgnoredProperties: e643bd26f0fe6173181afceb89e7c659 -> 
  custom:container-demuxer-ogg: 62fdf1f143b41e24485cea50d1cbac27 -> 
  custom:video-decoder-webm-vp8: 9c59270c3fd7afecdb556c50c9e8de78 -> 
  custom:audio-decoder-ogg-vorbis: bf7c407c2cedff20999df2af8eb42d56 -> 
========================================================================
Received Import Request.
  Time since last request: 17.936518 seconds.
  path: Assets/Level1/Packages/Mine_Asset
  artifactKey: Guid(aadb0011b7bd29a4db434a4aed497eeb) Importer(815301076,1909f56bfc062723c751e8b465ee728b)
Number of updated assets reloaded before import = 0
Start importing Assets/Level1/Packages/Mine_Asset using Guid(aadb0011b7bd29a4db434a4aed497eeb) Importer(815301076,1909f56bfc062723c751e8b465ee728b)  -> (artifact id: '6d84f997e19d60bf55c7e111ff57d7c2') in 0.022968 seconds 
Number of asset objects unloaded after import = 0
========================================================================
Received Import Request.
  Time since last request: 46.818371 seconds.
  path: Assets/Level1/Packages/RobotSphere(Assistant Character)
  artifactKey: Guid(cdbe9fbadcef0264392b3adb62505a22) Importer(815301076,1909f56bfc062723c751e8b465ee728b)
Number of updated assets reloaded before import = 0
Start importing Assets/Level1/Packages/RobotSphere(Assistant Character) using Guid(cdbe9fbadcef0264392b3adb62505a22) Importer(815301076,1909f56bfc062723c751e8b465ee728b)  -> (artifact id: 'b10043a07f6fd6bb5962ccb2c92a77ce') in 0.012635 seconds 
Number of asset objects unloaded after import = 0
========================================================================
Received Prepare
Registering precompiled user dll's ...
Registered in 0.002820 seconds.
Begin MonoManager ReloadAssembly
Native extension for WindowsStandalone target not found
Refreshing native plugins compatible for Editor in 0.60 ms, found 3 plugins.
Preloading 0 native plugins for Editor in 0.00 ms.
[Package Manager] Server::EnsureServerProcessIsRunning -- launch failed, reason: Unity was launched with the -noUpm command-line argument
[Package Manager] Cannot connect to Unity Package Manager local server
Mono: successfully reloaded assembly
- Completed reload, in  1.130 seconds
Domain Reload Profiling:
	ReloadAssembly (1131ms)
		BeginReloadAssembly (123ms)
			ExecutionOrderSort (0ms)
			DisableScriptedObjects (3ms)
			BackupInstance (0ms)
			ReleaseScriptingObjects (0ms)
			CreateAndSetChildDomain (27ms)
		EndReloadAssembly (940ms)
			LoadAssemblies (83ms)
			RebuildTransferFunctionScriptingTraits (0ms)
			SetupTypeCache (177ms)
			ReleaseScriptCaches (1ms)
			RebuildScriptCaches (29ms)
			SetupLoadedEditorAssemblies (646ms)
				LogAssemblyErrors (0ms)
				InitializePlatformSupportModulesInManaged (4ms)
				SetLoadedEditorAssemblies (0ms)
				RefreshPlugins (1ms)
				BeforeProcessingInitializeOnLoad (45ms)
				ProcessInitializeOnLoadAttributes (574ms)
				ProcessInitializeOnLoadMethodAttributes (16ms)
				AfterProcessingInitializeOnLoad (5ms)
				EditorAssembliesLoaded (0ms)
			ExecutionOrderSort2 (0ms)
			AwakeInstancesAfterBackupRestoration (5ms)
Platform modules already initialized, skipping
Refreshing native plugins compatible for Editor in 1.15 ms, found 3 plugins.
Preloading 0 native plugins for Editor in 0.00 ms.
Unloading 3430 Unused Serialized files (Serialized files now loaded: 0)
Unloading 20 unused Assets / (74.9 KB). Loaded Objects now: 3962.
Memory consumption went from 142.0 MB to 141.9 MB.
Total: 2.351300 ms (FindLiveObjects: 0.226800 ms CreateObjectMapping: 0.052400 ms MarkObjects: 1.982700 ms  DeleteObjects: 0.088100 ms)

AssetImportParameters requested are different than current active one (requested -> active):
  custom:video-decoder-ogg-theora: a1e56fd34408186e4bbccfd4996cb3dc -> 
  custom:container-muxer-webm: aa71ff27fc2769a1b78a27578f13a17b -> 
  custom:container-demuxer-webm: 4f35f7cbe854078d1ac9338744f61a02 -> 
  custom:video-encoder-webm-vp8: eb34c28f22e8b96e1ab97ce403110664 -> 
  custom:video-codec-MediaFoundation-h265: 746d11721c4dcdbdad8f713fa42b33f4 -> 
  custom:CustomObjectIndexerAttribute: bc11b3a6c3213fcdd17b65e7da85e133 -> 
  custom:audio-encoder-webm-vorbis: bf7c407c2cedff20999df2af8eb42d56 -> 
  custom:framework-win-MediaFoundation: 216162199b28c13a410421893ffa2e32 -> 
  custom:SearchIndexIgnoredProperties: e643bd26f0fe6173181afceb89e7c659 -> 
  custom:container-demuxer-ogg: 62fdf1f143b41e24485cea50d1cbac27 -> 
  custom:video-decoder-webm-vp8: 9c59270c3fd7afecdb556c50c9e8de78 -> 
  custom:audio-decoder-ogg-vorbis: bf7c407c2cedff20999df2af8eb42d56 -> 
========================================================================
Received Import Request.
  Time since last request: 15.913844 seconds.
  path: Assets/Level1/Packages/Patch101(Assistant Character)
  artifactKey: Guid(cdbe9fbadcef0264392b3adb62505a22) Importer(815301076,1909f56bfc062723c751e8b465ee728b)
Number of updated assets reloaded before import = 0
Start importing Assets/Level1/Packages/Patch101(Assistant Character) using Guid(cdbe9fbadcef0264392b3adb62505a22) Importer(815301076,1909f56bfc062723c751e8b465ee728b)  -> (artifact id: 'e1f955dab720e1e3473d3055c51083a4') in 0.018625 seconds 
Number of asset objects unloaded after import = 0
========================================================================
Received Prepare
Registering precompiled user dll's ...
Registered in 0.002916 seconds.
Begin MonoManager ReloadAssembly
Native extension for WindowsStandalone target not found
Refreshing native plugins compatible for Editor in 0.61 ms, found 3 plugins.
Preloading 0 native plugins for Editor in 0.00 ms.
[Package Manager] Server::EnsureServerProcessIsRunning -- launch failed, reason: Unity was launched with the -noUpm command-line argument
[Package Manager] Cannot connect to Unity Package Manager local server
Mono: successfully reloaded assembly
- Completed reload, in  1.120 seconds
Domain Reload Profiling:
	ReloadAssembly (1121ms)
		BeginReloadAssembly (115ms)
			ExecutionOrderSort (0ms)
			DisableScriptedObjects (4ms)
			BackupInstance (0ms)
			ReleaseScriptingObjects (0ms)
			CreateAndSetChildDomain (26ms)
		EndReloadAssembly (937ms)
			LoadAssemblies (77ms)
			RebuildTransferFunctionScriptingTraits (0ms)
			SetupTypeCache (179ms)
			ReleaseScriptCaches (1ms)
			RebuildScriptCaches (30ms)
			SetupLoadedEditorAssemblies (641ms)
				LogAssemblyErrors (0ms)
				InitializePlatformSupportModulesInManaged (4ms)
				SetLoadedEditorAssemblies (0ms)
				RefreshPlugins (1ms)
				BeforeProcessingInitializeOnLoad (44ms)
				ProcessInitializeOnLoadAttributes (573ms)
				ProcessInitializeOnLoadMethodAttributes (15ms)
				AfterProcessingInitializeOnLoad (4ms)
				EditorAssembliesLoaded (0ms)
			ExecutionOrderSort2 (0ms)
			AwakeInstancesAfterBackupRestoration (5ms)
Platform modules already initialized, skipping
Refreshing native plugins compatible for Editor in 0.58 ms, found 3 plugins.
Preloading 0 native plugins for Editor in 0.00 ms.
Unloading 3430 Unused Serialized files (Serialized files now loaded: 0)
Unloading 20 unused Assets / (59.3 KB). Loaded Objects now: 3965.
Memory consumption went from 142.0 MB to 141.9 MB.
Total: 2.740300 ms (FindLiveObjects: 0.232700 ms CreateObjectMapping: 0.054100 ms MarkObjects: 2.340900 ms  DeleteObjects: 0.111200 ms)

AssetImportParameters requested are different than current active one (requested -> active):
  custom:video-decoder-ogg-theora: a1e56fd34408186e4bbccfd4996cb3dc -> 
  custom:container-muxer-webm: aa71ff27fc2769a1b78a27578f13a17b -> 
  custom:container-demuxer-webm: 4f35f7cbe854078d1ac9338744f61a02 -> 
  custom:video-encoder-webm-vp8: eb34c28f22e8b96e1ab97ce403110664 -> 
  custom:video-codec-MediaFoundation-h265: 746d11721c4dcdbdad8f713fa42b33f4 -> 
  custom:CustomObjectIndexerAttribute: bc11b3a6c3213fcdd17b65e7da85e133 -> 
  custom:audio-encoder-webm-vorbis: bf7c407c2cedff20999df2af8eb42d56 -> 
  custom:framework-win-MediaFoundation: 216162199b28c13a410421893ffa2e32 -> 
  custom:SearchIndexIgnoredProperties: e643bd26f0fe6173181afceb89e7c659 -> 
  custom:container-demuxer-ogg: 62fdf1f143b41e24485cea50d1cbac27 -> 
  custom:video-decoder-webm-vp8: 9c59270c3fd7afecdb556c50c9e8de78 -> 
  custom:audio-decoder-ogg-vorbis: bf7c407c2cedff20999df2af8eb42d56 -> 
========================================================================
Received Import Request.
  Time since last request: 232.553038 seconds.
  path: Assets/Level1/Packages/Wooden_Creates/antique-wooden-milk-crates/Materials
  artifactKey: Guid(513b05f8b82baf84aba459c32201735e) Importer(815301076,1909f56bfc062723c751e8b465ee728b)
Number of updated assets reloaded before import = 0
Start importing Assets/Level1/Packages/Wooden_Creates/antique-wooden-milk-crates/Materials using Guid(513b05f8b82baf84aba459c32201735e) Importer(815301076,1909f56bfc062723c751e8b465ee728b)  -> (artifact id: '6470a4612c20bd4a0be6c857e6cbeb66') in 0.007043 seconds 
Number of asset objects unloaded after import = 0
========================================================================
Received Import Request.
  Time since last request: 17.462188 seconds.
  path: Assets/Level1/Packages/Wooden_Creates/Create001
  artifactKey: Guid(f1a348fead85b1c46b6347290a803231) Importer(815301076,1909f56bfc062723c751e8b465ee728b)
Number of updated assets reloaded before import = 0
Start importing Assets/Level1/Packages/Wooden_Creates/Create001 using Guid(f1a348fead85b1c46b6347290a803231) Importer(815301076,1909f56bfc062723c751e8b465ee728b)  -> (artifact id: '1b74c8e8d7917a7bfed83e381a853731') in 0.018965 seconds 
Number of asset objects unloaded after import = 0
========================================================================
Received Import Request.
  Time since last request: 87.320626 seconds.
  path: Assets/Level1/Packages/SciFi_Creates/sci-fi-crate/source/Crate2.fbx
  artifactKey: Guid(9db372773432c604183c1f44ad7e063f) Importer(815301076,1909f56bfc062723c751e8b465ee728b)
Number of updated assets reloaded before import = 0
Start importing Assets/Level1/Packages/SciFi_Creates/sci-fi-crate/source/Crate2.fbx using Guid(9db372773432c604183c1f44ad7e063f) Importer(815301076,1909f56bfc062723c751e8b465ee728b)  -> (artifact id: '1802f0f9408fc170d09675bdc1b8da86') in 0.175957 seconds 
Number of asset objects unloaded after import = 41
========================================================================
Received Import Request.
  Time since last request: 65.001261 seconds.
  path: Assets/Level1/Packages/SciFi_Creates/Create002
  artifactKey: Guid(cefc60a5c8bf3b04885585ffd37bb9c8) Importer(815301076,1909f56bfc062723c751e8b465ee728b)
Number of updated assets reloaded before import = 0
Start importing Assets/Level1/Packages/SciFi_Creates/Create002 using Guid(cefc60a5c8bf3b04885585ffd37bb9c8) Importer(815301076,1909f56bfc062723c751e8b465ee728b)  -> (artifact id: '5f8b32d5e2f2b75c0b1e9b0d444d15d6') in 0.018346 seconds 
Number of asset objects unloaded after import = 0
========================================================================
Received Import Request.
  Time since last request: 4.430972 seconds.
  path: Assets/Level1/Packages/SciFi_Creates/Create002/source/Crate2.fbx
  artifactKey: Guid(9db372773432c604183c1f44ad7e063f) Importer(815301076,1909f56bfc062723c751e8b465ee728b)
Number of updated assets reloaded before import = 0
Start importing Assets/Level1/Packages/SciFi_Creates/Create002/source/Crate2.fbx using Guid(9db372773432c604183c1f44ad7e063f) Importer(815301076,1909f56bfc062723c751e8b465ee728b)  -> (artifact id: '3500e94b8f3c2e0c8e21685fe3ac53b2') in 0.096840 seconds 
Number of asset objects unloaded after import = 41
========================================================================
Received Import Request.
  Time since last request: 7.958288 seconds.
  path: Assets/Level1/Packages/SciFi_Creates/basic-sci-fi-crate/source/a75dbc8eef1c44509053b107e0a95f83/model/basic_sci-fi_crate.fbx
  artifactKey: Guid(e092e62d9d9c64b41b1d6ec766ebb929) Importer(815301076,1909f56bfc062723c751e8b465ee728b)
Number of updated assets reloaded before import = 0
Start importing Assets/Level1/Packages/SciFi_Creates/basic-sci-fi-crate/source/a75dbc8eef1c44509053b107e0a95f83/model/basic_sci-fi_crate.fbx using Guid(e092e62d9d9c64b41b1d6ec766ebb929) Importer(815301076,1909f56bfc062723c751e8b465ee728b)  -> (artifact id: '07a48762cc9d70babcd6c85943665187') in 0.054898 seconds 
Number of asset objects unloaded after import = 27
========================================================================
Received Import Request.
  Time since last request: 16.193154 seconds.
  path: Assets/Level1/Packages/SciFi_Creates/Create003
  artifactKey: Guid(afa77d9fc01b35f4b9e5fb9671aa2fd7) Importer(815301076,1909f56bfc062723c751e8b465ee728b)
Number of updated assets reloaded before import = 0
Start importing Assets/Level1/Packages/SciFi_Creates/Create003 using Guid(afa77d9fc01b35f4b9e5fb9671aa2fd7) Importer(815301076,1909f56bfc062723c751e8b465ee728b)  -> (artifact id: 'e6d0a05b9085f51b01f97705a0917842') in 0.019658 seconds 
Number of asset objects unloaded after import = 0
========================================================================
Received Import Request.
  Time since last request: 61.530582 seconds.
  path: Assets/Level1/Packages/Wooden_Creates/simple-wooden-crate/source/Crate/Source/Crate_Final.fbx
  artifactKey: Guid(674e9479da1965e4b9a7666677e39006) Importer(815301076,1909f56bfc062723c751e8b465ee728b)
Number of updated assets reloaded before import = 0
Start importing Assets/Level1/Packages/Wooden_Creates/simple-wooden-crate/source/Crate/Source/Crate_Final.fbx using Guid(674e9479da1965e4b9a7666677e39006) Importer(815301076,1909f56bfc062723c751e8b465ee728b)  -> (artifact id: '5a63642ddff4efe195e80891e9d72e84') in 0.057516 seconds 
Number of asset objects unloaded after import = 27
========================================================================
Received Import Request.
  Time since last request: 20.902692 seconds.
  path: Assets/Level1/Packages/Wooden_Creates/Create002
  artifactKey: Guid(c8dbdc2f048fc7f48a611722a22e35ce) Importer(815301076,1909f56bfc062723c751e8b465ee728b)
Number of updated assets reloaded before import = 0
Start importing Assets/Level1/Packages/Wooden_Creates/Create002 using Guid(c8dbdc2f048fc7f48a611722a22e35ce) Importer(815301076,1909f56bfc062723c751e8b465ee728b)  -> (artifact id: '767019ecc5860409026098644476c3f2') in 0.002413 seconds 
Number of asset objects unloaded after import = 0
========================================================================
Received Import Request.
  Time since last request: 14.144896 seconds.
  path: Assets/Level1/Packages/Wooden_Creates/CreateProp002
  artifactKey: Guid(c8dbdc2f048fc7f48a611722a22e35ce) Importer(815301076,1909f56bfc062723c751e8b465ee728b)
Number of updated assets reloaded before import = 0
Start importing Assets/Level1/Packages/Wooden_Creates/CreateProp002 using Guid(c8dbdc2f048fc7f48a611722a22e35ce) Importer(815301076,1909f56bfc062723c751e8b465ee728b)  -> (artifact id: '8d96344452d1aa15b773ddfbf4b872b7') in 0.016170 seconds 
Number of asset objects unloaded after import = 0
========================================================================
Received Import Request.
  Time since last request: 14.786357 seconds.
  path: Assets/Level1/Packages/Wooden_Creates/CreatesSet
  artifactKey: Guid(1b932d53c9dd0df458f1296421b55229) Importer(815301076,1909f56bfc062723c751e8b465ee728b)
Number of updated assets reloaded before import = 0
Start importing Assets/Level1/Packages/Wooden_Creates/CreatesSet using Guid(1b932d53c9dd0df458f1296421b55229) Importer(815301076,1909f56bfc062723c751e8b465ee728b)  -> (artifact id: '056531d5fccfdff47ee3b442e288fbcc') in 0.018229 seconds 
Number of asset objects unloaded after import = 0
========================================================================
Received Import Request.
  Time since last request: 50.106532 seconds.
  path: Assets/Level1/Packages/SciFi_Creates/scifi-crate/source/Scifi Crate.fbx
  artifactKey: Guid(6d57539d4405f354aa1d206459133463) Importer(815301076,1909f56bfc062723c751e8b465ee728b)
Number of updated assets reloaded before import = 0
Start importing Assets/Level1/Packages/SciFi_Creates/scifi-crate/source/Scifi Crate.fbx using Guid(6d57539d4405f354aa1d206459133463) Importer(815301076,1909f56bfc062723c751e8b465ee728b)  -> (artifact id: '145fa6cf9765de2e9f97afee14008ee6') in 0.074958 seconds 
Number of asset objects unloaded after import = 25
========================================================================
Received Import Request.
  Time since last request: 3.225601 seconds.
  path: Assets/Level1/Packages/SciFi_Creates/scifi-crate (1)/Materials
  artifactKey: Guid(504e804ef03643047a8669e086cdb31c) Importer(815301076,1909f56bfc062723c751e8b465ee728b)
Number of updated assets reloaded before import = 0
Start importing Assets/Level1/Packages/SciFi_Creates/scifi-crate (1)/Materials using Guid(504e804ef03643047a8669e086cdb31c) Importer(815301076,1909f56bfc062723c751e8b465ee728b)  -> (artifact id: 'd07fdbdd01ee778faa80ede602f8c5af') in 0.005131 seconds 
Number of asset objects unloaded after import = 0
========================================================================
Received Import Request.
  Time since last request: 0.683499 seconds.
  path: Assets/Level1/Packages/SciFi_Creates/scifi-crate (1)/source/SciFiCrate_low.fbx
  artifactKey: Guid(f237b5be862adf544a0ab7d95e54e542) Importer(815301076,1909f56bfc062723c751e8b465ee728b)
Number of updated assets reloaded before import = 0
Start importing Assets/Level1/Packages/SciFi_Creates/scifi-crate (1)/source/SciFiCrate_low.fbx using Guid(f237b5be862adf544a0ab7d95e54e542) Importer(815301076,1909f56bfc062723c751e8b465ee728b)  -> (artifact id: 'e980982f08ec9e534c32672b2077238b') in 0.051397 seconds 
Number of asset objects unloaded after import = 19
========================================================================
Received Import Request.
  Time since last request: 25.642783 seconds.
  path: Assets/Level1/Packages/SciFi_Creates/Create004
  artifactKey: Guid(9a5ee36f57c502c428c4795e0e4840c5) Importer(815301076,1909f56bfc062723c751e8b465ee728b)
Number of updated assets reloaded before import = 0
Start importing Assets/Level1/Packages/SciFi_Creates/Create004 using Guid(9a5ee36f57c502c428c4795e0e4840c5) Importer(815301076,1909f56bfc062723c751e8b465ee728b)  -> (artifact id: 'b1f6fccb84f85b1fb3052c52da01e93e') in 0.018550 seconds 
Number of asset objects unloaded after import = 0
========================================================================
Received Import Request.
  Time since last request: 40.725073 seconds.
  path: Assets/Level1/Packages/SciFi_Creates/CreateProp001
  artifactKey: Guid(bafaeffe3ce5cac40ac0d514849fca67) Importer(815301076,1909f56bfc062723c751e8b465ee728b)
Number of updated assets reloaded before import = 0
Start importing Assets/Level1/Packages/SciFi_Creates/CreateProp001 using Guid(bafaeffe3ce5cac40ac0d514849fca67) Importer(815301076,1909f56bfc062723c751e8b465ee728b)  -> (artifact id: '7758ab937955e44238792b9a5224bc06') in 0.016366 seconds 
Number of asset objects unloaded after import = 0
========================================================================
Received Import Request.
  Time since last request: 22.348173 seconds.
  path: Assets/Level1/Packages/SciFi_Creates/Scifi Crate_Pile
  artifactKey: Guid(5527abfc8fd46d94db50288bd2603dcc) Importer(815301076,1909f56bfc062723c751e8b465ee728b)
Number of updated assets reloaded before import = 0
Start importing Assets/Level1/Packages/SciFi_Creates/Scifi Crate_Pile using Guid(5527abfc8fd46d94db50288bd2603dcc) Importer(815301076,1909f56bfc062723c751e8b465ee728b)  -> (artifact id: 'a9f51adbcd8946a805994e3536e72fef') in 0.003928 seconds 
Number of asset objects unloaded after import = 0
========================================================================
Received Import Request.
  Time since last request: 4.213499 seconds.
  path: Assets/Level1/Packages/SciFi_Creates/Scifi Crate_Pile/source/Scifi Crate.fbx
  artifactKey: Guid(6d57539d4405f354aa1d206459133463) Importer(815301076,1909f56bfc062723c751e8b465ee728b)
Number of updated assets reloaded before import = 0
Start importing Assets/Level1/Packages/SciFi_Creates/Scifi Crate_Pile/source/Scifi Crate.fbx using Guid(6d57539d4405f354aa1d206459133463) Importer(815301076,1909f56bfc062723c751e8b465ee728b)  -> (artifact id: 'cb1e6f379b371de9a2dd9629a9ef2e0f') in 0.080077 seconds 
Number of asset objects unloaded after import = 25
========================================================================
Received Import Request.
  Time since last request: 2.093291 seconds.
  path: Assets/Level1/Packages/SciFi_Creates/Scifi Crate_Pile/textures
  artifactKey: Guid(0f6c64768e78b2f4cbf3abace254e42e) Importer(815301076,1909f56bfc062723c751e8b465ee728b)
Number of updated assets reloaded before import = 0
Start importing Assets/Level1/Packages/SciFi_Creates/Scifi Crate_Pile/textures using Guid(0f6c64768e78b2f4cbf3abace254e42e) Importer(815301076,1909f56bfc062723c751e8b465ee728b)  -> (artifact id: 'd48ad86c856a1949dbae5d13231c255a') in 0.003771 seconds 
Number of asset objects unloaded after import = 0
========================================================================
Received Import Request.
  Time since last request: 0.070177 seconds.
  path: Assets/Level1/Packages/SciFi_Creates/Scifi Crate_Pile/textures/BumpGrey2.png
  artifactKey: Guid(f550bde6ca80dd5489b789bfa67a5619) Importer(815301076,1909f56bfc062723c751e8b465ee728b)
Number of updated assets reloaded before import = 0
Start importing Assets/Level1/Packages/SciFi_Creates/Scifi Crate_Pile/textures/BumpGrey2.png using Guid(f550bde6ca80dd5489b789bfa67a5619) Importer(815301076,1909f56bfc062723c751e8b465ee728b)  -> (artifact id: 'b893aae759b8035f18fdf28ed2f22797') in 0.070014 seconds 
Number of asset objects unloaded after import = 2
========================================================================
Received Import Request.
  Time since last request: 0.000020 seconds.
  path: Assets/Level1/Packages/SciFi_Creates/Scifi Crate_Pile/textures/grey3.png
  artifactKey: Guid(61a4da419cca2df4aa1396b2c799efef) Importer(815301076,1909f56bfc062723c751e8b465ee728b)
Number of updated assets reloaded before import = 0
Start importing Assets/Level1/Packages/SciFi_Creates/Scifi Crate_Pile/textures/grey3.png using Guid(61a4da419cca2df4aa1396b2c799efef) Importer(815301076,1909f56bfc062723c751e8b465ee728b)  -> (artifact id: '869aaa385225466689af8d4a8699a2c1') in 0.023307 seconds 
Number of asset objects unloaded after import = 2
========================================================================
Received Import Request.
  Time since last request: 0.000024 seconds.
  path: Assets/Level1/Packages/SciFi_Creates/Scifi Crate_Pile/textures/Power_box.png
  artifactKey: Guid(21fd73a792bec5343af311a48b603d80) Importer(815301076,1909f56bfc062723c751e8b465ee728b)
Number of updated assets reloaded before import = 0
Start importing Assets/Level1/Packages/SciFi_Creates/Scifi Crate_Pile/textures/Power_box.png using Guid(21fd73a792bec5343af311a48b603d80) Importer(815301076,1909f56bfc062723c751e8b465ee728b)  -> (artifact id: '2dcc045b2edd0780e5c7afc2415476e2') in 0.024783 seconds 
Number of asset objects unloaded after import = 2
========================================================================
Received Import Request.
  Time since last request: 0.000024 seconds.
  path: Assets/Level1/Packages/SciFi_Creates/Scifi Crate_Pile/textures/Grey_hull.png
  artifactKey: Guid(543e4aae006fde44eb8a673ebc4fe07f) Importer(815301076,1909f56bfc062723c751e8b465ee728b)
Number of updated assets reloaded before import = 0
Start importing Assets/Level1/Packages/SciFi_Creates/Scifi Crate_Pile/textures/Grey_hull.png using Guid(543e4aae006fde44eb8a673ebc4fe07f) Importer(815301076,1909f56bfc062723c751e8b465ee728b)  -> (artifact id: 'aef2b2a579aab60012f87a3d8732a479') in 0.023623 seconds 
Number of asset objects unloaded after import = 2
========================================================================
Received Import Request.
  Time since last request: 15.793425 seconds.
  path: Assets/Level1/Packages/SciFi_Creates/Create004/source/SciFiCrate_low.fbx
  artifactKey: Guid(f237b5be862adf544a0ab7d95e54e542) Importer(815301076,1909f56bfc062723c751e8b465ee728b)
Number of updated assets reloaded before import = 0
Start importing Assets/Level1/Packages/SciFi_Creates/Create004/source/SciFiCrate_low.fbx using Guid(f237b5be862adf544a0ab7d95e54e542) Importer(815301076,1909f56bfc062723c751e8b465ee728b)  -> (artifact id: '0ef616519ebd8c62f9f201a33b6bddd7') in 0.048835 seconds 
Number of asset objects unloaded after import = 19
========================================================================
Received Import Request.
  Time since last request: 22.173560 seconds.
  path: Assets/Level1/Packages/SciFi_Creates/Create003/source/model/basic_sci-fi_crate.fbx
  artifactKey: Guid(e092e62d9d9c64b41b1d6ec766ebb929) Importer(815301076,1909f56bfc062723c751e8b465ee728b)
Number of updated assets reloaded before import = 0
Start importing Assets/Level1/Packages/SciFi_Creates/Create003/source/model/basic_sci-fi_crate.fbx using Guid(e092e62d9d9c64b41b1d6ec766ebb929) Importer(815301076,1909f56bfc062723c751e8b465ee728b)  -> (artifact id: '44a6c9b8f40f6b0e57e439546bcf889f') in 0.046134 seconds 
Number of asset objects unloaded after import = 27
========================================================================
Received Import Request.
  Time since last request: 0.793783 seconds.
  path: Assets/Level1/Packages/SciFi_Creates/Create003/source/model/basic_sci-fi_c4d.zip
  artifactKey: Guid(399e729815c64414fa1df67719212e58) Importer(815301076,1909f56bfc062723c751e8b465ee728b)
Number of updated assets reloaded before import = 0
Start importing Assets/Level1/Packages/SciFi_Creates/Create003/source/model/basic_sci-fi_c4d.zip using Guid(399e729815c64414fa1df67719212e58) Importer(815301076,1909f56bfc062723c751e8b465ee728b)  -> (artifact id: 'cd17c0341d578db3c5f31abc34279f17') in 0.024513 seconds 
Number of asset objects unloaded after import = 1
========================================================================
Received Import Request.
  Time since last request: 267.733387 seconds.
  path: Assets/Level1/Packages/SciFi_Creates/Create002/source/Crate2.fbx
  artifactKey: Guid(9db372773432c604183c1f44ad7e063f) Importer(815301076,1909f56bfc062723c751e8b465ee728b)
Number of updated assets reloaded before import = 0
Start importing Assets/Level1/Packages/SciFi_Creates/Create002/source/Crate2.fbx using Guid(9db372773432c604183c1f44ad7e063f) Importer(815301076,1909f56bfc062723c751e8b465ee728b)  -> (artifact id: '376d8f2ce1b810cdf19a4f63c6ae9023') in 0.122613 seconds 
Number of asset objects unloaded after import = 41
========================================================================
Received Prepare
Registering precompiled user dll's ...
Registered in 0.004112 seconds.
Begin MonoManager ReloadAssembly
Native extension for WindowsStandalone target not found
Refreshing native plugins compatible for Editor in 1.73 ms, found 3 plugins.
Preloading 0 native plugins for Editor in 0.00 ms.
[Package Manager] Server::EnsureServerProcessIsRunning -- launch failed, reason: Unity was launched with the -noUpm command-line argument
[Package Manager] Cannot connect to Unity Package Manager local server
Mono: successfully reloaded assembly
- Completed reload, in  1.555 seconds
Domain Reload Profiling:
	ReloadAssembly (1555ms)
		BeginReloadAssembly (137ms)
			ExecutionOrderSort (0ms)
			DisableScriptedObjects (3ms)
			BackupInstance (0ms)
			ReleaseScriptingObjects (0ms)
			CreateAndSetChildDomain (36ms)
		EndReloadAssembly (1347ms)
			LoadAssemblies (90ms)
			RebuildTransferFunctionScriptingTraits (0ms)
			SetupTypeCache (278ms)
			ReleaseScriptCaches (4ms)
			RebuildScriptCaches (75ms)
			SetupLoadedEditorAssemblies (848ms)
				LogAssemblyErrors (0ms)
				InitializePlatformSupportModulesInManaged (8ms)
				SetLoadedEditorAssemblies (1ms)
				RefreshPlugins (2ms)
				BeforeProcessingInitializeOnLoad (69ms)
				ProcessInitializeOnLoadAttributes (739ms)
				ProcessInitializeOnLoadMethodAttributes (23ms)
				AfterProcessingInitializeOnLoad (5ms)
				EditorAssembliesLoaded (0ms)
			ExecutionOrderSort2 (0ms)
			AwakeInstancesAfterBackupRestoration (8ms)
Platform modules already initialized, skipping
Refreshing native plugins compatible for Editor in 1.48 ms, found 3 plugins.
Preloading 0 native plugins for Editor in 0.00 ms.
Unloading 3430 Unused Serialized files (Serialized files now loaded: 0)
Unloading 20 unused Assets / (67.1 KB). Loaded Objects now: 4007.
Memory consumption went from 142.5 MB to 142.4 MB.
Total: 3.926200 ms (FindLiveObjects: 0.407600 ms CreateObjectMapping: 0.069000 ms MarkObjects: 3.327500 ms  DeleteObjects: 0.119900 ms)

AssetImportParameters requested are different than current active one (requested -> active):
  custom:video-decoder-ogg-theora: a1e56fd34408186e4bbccfd4996cb3dc -> 
  custom:container-muxer-webm: aa71ff27fc2769a1b78a27578f13a17b -> 
  custom:container-demuxer-webm: 4f35f7cbe854078d1ac9338744f61a02 -> 
  custom:video-encoder-webm-vp8: eb34c28f22e8b96e1ab97ce403110664 -> 
  custom:video-codec-MediaFoundation-h265: 746d11721c4dcdbdad8f713fa42b33f4 -> 
  custom:CustomObjectIndexerAttribute: bc11b3a6c3213fcdd17b65e7da85e133 -> 
  custom:audio-encoder-webm-vorbis: bf7c407c2cedff20999df2af8eb42d56 -> 
  custom:framework-win-MediaFoundation: 216162199b28c13a410421893ffa2e32 -> 
  custom:SearchIndexIgnoredProperties: e643bd26f0fe6173181afceb89e7c659 -> 
  custom:container-demuxer-ogg: 62fdf1f143b41e24485cea50d1cbac27 -> 
  custom:video-decoder-webm-vp8: 9c59270c3fd7afecdb556c50c9e8de78 -> 
  custom:audio-decoder-ogg-vorbis: bf7c407c2cedff20999df2af8eb42d56 -> 
========================================================================
Received Prepare
Registering precompiled user dll's ...
Registered in 0.002764 seconds.
Begin MonoManager ReloadAssembly
Native extension for WindowsStandalone target not found
Refreshing native plugins compatible for Editor in 1.06 ms, found 3 plugins.
Preloading 0 native plugins for Editor in 0.00 ms.
[Package Manager] Server::EnsureServerProcessIsRunning -- launch failed, reason: Unity was launched with the -noUpm command-line argument
[Package Manager] Cannot connect to Unity Package Manager local server
Mono: successfully reloaded assembly
- Completed reload, in  1.395 seconds
Domain Reload Profiling:
	ReloadAssembly (1396ms)
		BeginReloadAssembly (133ms)
			ExecutionOrderSort (0ms)
			DisableScriptedObjects (4ms)
			BackupInstance (0ms)
			ReleaseScriptingObjects (0ms)
			CreateAndSetChildDomain (28ms)
		EndReloadAssembly (1192ms)
			LoadAssemblies (90ms)
			RebuildTransferFunctionScriptingTraits (0ms)
			SetupTypeCache (240ms)
			ReleaseScriptCaches (2ms)
			RebuildScriptCaches (45ms)
			SetupLoadedEditorAssemblies (799ms)
				LogAssemblyErrors (0ms)
				InitializePlatformSupportModulesInManaged (6ms)
				SetLoadedEditorAssemblies (1ms)
				RefreshPlugins (1ms)
				BeforeProcessingInitializeOnLoad (63ms)
				ProcessInitializeOnLoadAttributes (701ms)
				ProcessInitializeOnLoadMethodAttributes (21ms)
				AfterProcessingInitializeOnLoad (5ms)
				EditorAssembliesLoaded (0ms)
			ExecutionOrderSort2 (0ms)
			AwakeInstancesAfterBackupRestoration (7ms)
Platform modules already initialized, skipping
Refreshing native plugins compatible for Editor in 1.37 ms, found 3 plugins.
Preloading 0 native plugins for Editor in 0.00 ms.
Unloading 3430 Unused Serialized files (Serialized files now loaded: 0)
Unloading 20 unused Assets / (59.3 KB). Loaded Objects now: 4010.
Memory consumption went from 142.5 MB to 142.4 MB.
Total: 2.948200 ms (FindLiveObjects: 0.264800 ms CreateObjectMapping: 0.053500 ms MarkObjects: 2.545100 ms  DeleteObjects: 0.083400 ms)

AssetImportParameters requested are different than current active one (requested -> active):
  custom:video-decoder-ogg-theora: a1e56fd34408186e4bbccfd4996cb3dc -> 
  custom:container-muxer-webm: aa71ff27fc2769a1b78a27578f13a17b -> 
  custom:container-demuxer-webm: 4f35f7cbe854078d1ac9338744f61a02 -> 
  custom:video-encoder-webm-vp8: eb34c28f22e8b96e1ab97ce403110664 -> 
  custom:video-codec-MediaFoundation-h265: 746d11721c4dcdbdad8f713fa42b33f4 -> 
  custom:CustomObjectIndexerAttribute: bc11b3a6c3213fcdd17b65e7da85e133 -> 
  custom:audio-encoder-webm-vorbis: bf7c407c2cedff20999df2af8eb42d56 -> 
  custom:framework-win-MediaFoundation: 216162199b28c13a410421893ffa2e32 -> 
  custom:SearchIndexIgnoredProperties: e643bd26f0fe6173181afceb89e7c659 -> 
  custom:container-demuxer-ogg: 62fdf1f143b41e24485cea50d1cbac27 -> 
  custom:video-decoder-webm-vp8: 9c59270c3fd7afecdb556c50c9e8de78 -> 
  custom:audio-decoder-ogg-vorbis: bf7c407c2cedff20999df2af8eb42d56 -> 
========================================================================
Received Import Request.
  Time since last request: 175.914081 seconds.
  path: Assets
  artifactKey: Guid(00000000000000001000000000000000) Importer(815301076,1909f56bfc062723c751e8b465ee728b)
Number of updated assets reloaded before import = 0
Start importing Assets using Guid(00000000000000001000000000000000) Importer(815301076,1909f56bfc062723c751e8b465ee728b)  -> (artifact id: '242eb3f8ccddee1d20804eaa3e2360db') in 0.028130 seconds 
Number of asset objects unloaded after import = 0
========================================================================
Received Import Request.
  Time since last request: 14.643583 seconds.
  path: Assets/Collectables_Asset
  artifactKey: Guid(3f3ba6a770dcacd46937c12a643c403c) Importer(815301076,1909f56bfc062723c751e8b465ee728b)
Number of updated assets reloaded before import = 0
Start importing Assets/Collectables_Asset using Guid(3f3ba6a770dcacd46937c12a643c403c) Importer(815301076,1909f56bfc062723c751e8b465ee728b)  -> (artifact id: 'd6c06d816339af60729b99a013269cfa') in 0.018176 seconds 
Number of asset objects unloaded after import = 0
========================================================================
Received Import Request.
  Time since last request: 345.311570 seconds.
  path: Assets/ForDownloads
  artifactKey: Guid(2e249bab9cbd90d41aec6b1deeb18628) Importer(815301076,1909f56bfc062723c751e8b465ee728b)
Number of updated assets reloaded before import = 0
Start importing Assets/ForDownloads using Guid(2e249bab9cbd90d41aec6b1deeb18628) Importer(815301076,1909f56bfc062723c751e8b465ee728b)  -> (artifact id: 'b06b79c2590fd34f25ebc77edcc3799f') in 0.020618 seconds 
Number of asset objects unloaded after import = 0
========================================================================
Received Import Request.
  Time since last request: 1.067218 seconds.
  path: Assets/ForDownloads/Hammer
  artifactKey: Guid(3d23cf1399da52d42ad835b6851b09f7) Importer(815301076,1909f56bfc062723c751e8b465ee728b)
Number of updated assets reloaded before import = 0
Start importing Assets/ForDownloads/Hammer using Guid(3d23cf1399da52d42ad835b6851b09f7) Importer(815301076,1909f56bfc062723c751e8b465ee728b)  -> (artifact id: 'e5987f078675bcd257c2891a9b83f641') in 0.021252 seconds 
Number of asset objects unloaded after import = 0
========================================================================
Received Import Request.
  Time since last request: 0.039570 seconds.
  path: Assets/ForDownloads/Hammer/Hammer-D.tga
  artifactKey: Guid(557421e9a204b47408a9ab0ec3f5ba93) Importer(815301076,1909f56bfc062723c751e8b465ee728b)
Number of updated assets reloaded before import = 0
Start importing Assets/ForDownloads/Hammer/Hammer-D.tga using Guid(557421e9a204b47408a9ab0ec3f5ba93) Importer(815301076,1909f56bfc062723c751e8b465ee728b)  -> (artifact id: '3d7e44a3597dbaa3a080462443440a60') in 0.055685 seconds 
Number of asset objects unloaded after import = 2
========================================================================
Received Import Request.
  Time since last request: 0.000023 seconds.
  path: Assets/ForDownloads/Hammer/Hammer-N.tga
  artifactKey: Guid(7245d9b25bbf09a4abd8e9c4bd425ed1) Importer(815301076,1909f56bfc062723c751e8b465ee728b)
Number of updated assets reloaded before import = 0
Start importing Assets/ForDownloads/Hammer/Hammer-N.tga using Guid(7245d9b25bbf09a4abd8e9c4bd425ed1) Importer(815301076,1909f56bfc062723c751e8b465ee728b)  -> (artifact id: 'a0d0bee9e0cdaaa264f716f1eb1fb413') in 0.041569 seconds 
Number of asset objects unloaded after import = 2
========================================================================
Received Import Request.
  Time since last request: 14.652410 seconds.
  path: Assets/Hammer
  artifactKey: Guid(2e249bab9cbd90d41aec6b1deeb18628) Importer(815301076,1909f56bfc062723c751e8b465ee728b)
Number of updated assets reloaded before import = 0
Start importing Assets/Hammer using Guid(2e249bab9cbd90d41aec6b1deeb18628) Importer(815301076,1909f56bfc062723c751e8b465ee728b)  -> (artifact id: 'ef98e9a77fbb187a1267a355711bed03') in 0.003025 seconds 
Number of asset objects unloaded after import = 0
========================================================================
Received Import Request.
  Time since last request: 5.212091 seconds.
  path: Assets/Boltset
  artifactKey: Guid(3c87bd5d427914f46b2fd34fc4a842eb) Importer(815301076,1909f56bfc062723c751e8b465ee728b)
Number of updated assets reloaded before import = 0
Start importing Assets/Boltset using Guid(3c87bd5d427914f46b2fd34fc4a842eb) Importer(815301076,1909f56bfc062723c751e8b465ee728b)  -> (artifact id: '3ae23f0596cdab9a110ffee603b25034') in 0.020827 seconds 
Number of asset objects unloaded after import = 0
========================================================================
Received Import Request.
  Time since last request: 2.038452 seconds.
  path: Assets/Boltset/bolt1
  artifactKey: Guid(cc31cdd98b04d40429953ac6042b8354) Importer(815301076,1909f56bfc062723c751e8b465ee728b)
Number of updated assets reloaded before import = 0
Start importing Assets/Boltset/bolt1 using Guid(cc31cdd98b04d40429953ac6042b8354) Importer(815301076,1909f56bfc062723c751e8b465ee728b)  -> (artifact id: '5427032ff94ad8a5afbcbc2fbb44e494') in 0.022325 seconds 
Number of asset objects unloaded after import = 0
========================================================================
Received Import Request.
  Time since last request: 0.052805 seconds.
  path: Assets/Boltset/bolt1/bolt1-collider.fbx
  artifactKey: Guid(f05e76bb4860642869ba8c6d7e50e554) Importer(815301076,1909f56bfc062723c751e8b465ee728b)
Number of updated assets reloaded before import = 0
Start importing Assets/Boltset/bolt1/bolt1-collider.fbx using Guid(f05e76bb4860642869ba8c6d7e50e554) Importer(815301076,1909f56bfc062723c751e8b465ee728b)  -> (artifact id: '7f8b7281fe377d7391e7dd41ec2f63a5') in 0.061456 seconds 
Number of asset objects unloaded after import = 9
========================================================================
Received Import Request.
  Time since last request: 0.000020 seconds.
  path: Assets/Boltset/bolt1/bolt1bit.fbx
  artifactKey: Guid(4bf8c45e682934c56bd1d5e5a57d521b) Importer(815301076,1909f56bfc062723c751e8b465ee728b)
Number of updated assets reloaded before import = 0
Start importing Assets/Boltset/bolt1/bolt1bit.fbx using Guid(4bf8c45e682934c56bd1d5e5a57d521b) Importer(815301076,1909f56bfc062723c751e8b465ee728b)  -> (artifact id: '1c00d60dd705537a702f54b3add04167') in 0.032588 seconds 
Number of asset objects unloaded after import = 10
========================================================================
Received Import Request.
  Time since last request: 16.250692 seconds.
  path: Assets/Bolt&Nut
  artifactKey: Guid(3c87bd5d427914f46b2fd34fc4a842eb) Importer(815301076,1909f56bfc062723c751e8b465ee728b)
Number of updated assets reloaded before import = 0
Start importing Assets/Bolt&Nut using Guid(3c87bd5d427914f46b2fd34fc4a842eb) Importer(815301076,1909f56bfc062723c751e8b465ee728b)  -> (artifact id: '2f9d5bd40c1425702a87fb41c7849e3d') in 0.015039 seconds 
Number of asset objects unloaded after import = 0
========================================================================
Received Import Request.
  Time since last request: 21.264880 seconds.
  path: Assets/Game Assets
  artifactKey: Guid(869125fec6c050c41abdfff1a103e0ee) Importer(815301076,1909f56bfc062723c751e8b465ee728b)
Number of updated assets reloaded before import = 0
Start importing Assets/Game Assets using Guid(869125fec6c050c41abdfff1a103e0ee) Importer(815301076,1909f56bfc062723c751e8b465ee728b)  -> (artifact id: 'f64e709930481d9657aceb5b8f597e2d') in 0.018826 seconds 
Number of asset objects unloaded after import = 0
========================================================================
Received Import Request.
  Time since last request: 1.086178 seconds.
  path: Assets/Game Assets/Aegis77
  artifactKey: Guid(4e0ac286a5f64b04499980663df91d5a) Importer(815301076,1909f56bfc062723c751e8b465ee728b)
Number of updated assets reloaded before import = 0
Start importing Assets/Game Assets/Aegis77 using Guid(4e0ac286a5f64b04499980663df91d5a) Importer(815301076,1909f56bfc062723c751e8b465ee728b)  -> (artifact id: '01f0748d9600bb49a0a8db002f9f235d') in 0.020894 seconds 
Number of asset objects unloaded after import = 0
========================================================================
Received Import Request.
  Time since last request: 0.750169 seconds.
  path: Assets/Game Assets/Aegis77/Wooden Planks
  artifactKey: Guid(b3f400a7f883d464b9919045b0fc3831) Importer(815301076,1909f56bfc062723c751e8b465ee728b)
Number of updated assets reloaded before import = 0
Start importing Assets/Game Assets/Aegis77/Wooden Planks using Guid(b3f400a7f883d464b9919045b0fc3831) Importer(815301076,1909f56bfc062723c751e8b465ee728b)  -> (artifact id: '96a585a02de4d668af7c9969d204a3f4') in 0.022420 seconds 
Number of asset objects unloaded after import = 0
========================================================================
Received Import Request.
  Time since last request: 3.166307 seconds.
  path: Assets/Game Assets/Aegis77/Wooden Planks/Materials
  artifactKey: Guid(c6ba6c1970b80b8459e5eb33cd4bf7ee) Importer(815301076,1909f56bfc062723c751e8b465ee728b)
Number of updated assets reloaded before import = 0
Start importing Assets/Game Assets/Aegis77/Wooden Planks/Materials using Guid(c6ba6c1970b80b8459e5eb33cd4bf7ee) Importer(815301076,1909f56bfc062723c751e8b465ee728b)  -> (artifact id: 'f41b096414c3f69031f9f544a5a2c06c') in 0.004525 seconds 
Number of asset objects unloaded after import = 0
========================================================================
Received Import Request.
  Time since last request: 0.079354 seconds.
  path: Assets/Game Assets/Aegis77/Wooden Planks/Materials/Plank_physic_mat.physicMaterial
  artifactKey: Guid(dbe2fc50374f5e148bfa19664b14f704) Importer(815301076,1909f56bfc062723c751e8b465ee728b)
Number of updated assets reloaded before import = 0
Start importing Assets/Game Assets/Aegis77/Wooden Planks/Materials/Plank_physic_mat.physicMaterial using Guid(dbe2fc50374f5e148bfa19664b14f704) Importer(815301076,1909f56bfc062723c751e8b465ee728b)  -> (artifact id: '68eb2bd7f28356870f4bc23c39f421c7') in 0.020294 seconds 
Number of asset objects unloaded after import = 1
========================================================================
Received Import Request.
  Time since last request: 0.000021 seconds.
  path: Assets/Game Assets/Aegis77/Wooden Planks/Materials/Planks_mat_light.mat
  artifactKey: Guid(4c80165dc0d49094c9dbc8f50539580d) Importer(815301076,1909f56bfc062723c751e8b465ee728b)
Number of updated assets reloaded before import = 0
Start importing Assets/Game Assets/Aegis77/Wooden Planks/Materials/Planks_mat_light.mat using Guid(4c80165dc0d49094c9dbc8f50539580d) Importer(815301076,1909f56bfc062723c751e8b465ee728b)  -> (artifact id: 'fb2584794b75753a7100762a294bf16e') in 0.032976 seconds 
Number of asset objects unloaded after import = 2
========================================================================
Received Import Request.
  Time since last request: 0.000024 seconds.
  path: Assets/Game Assets/Aegis77/Wooden Planks/Materials/Planks_mat_dark.mat
  artifactKey: Guid(189e57d10c00ef546881d8cf7990888f) Importer(815301076,1909f56bfc062723c751e8b465ee728b)
Number of updated assets reloaded before import = 0
Start importing Assets/Game Assets/Aegis77/Wooden Planks/Materials/Planks_mat_dark.mat using Guid(189e57d10c00ef546881d8cf7990888f) Importer(815301076,1909f56bfc062723c751e8b465ee728b)  -> (artifact id: '134f5ed474e0e8c66f1920b2b0eeb2d1') in 0.025433 seconds 
Number of asset objects unloaded after import = 2
========================================================================
Received Import Request.
  Time since last request: 2.463997 seconds.
  path: Assets/Game Assets/Aegis77/Wooden Planks/Prefabs
  artifactKey: Guid(72a5f57275fbfe74a8e63b3700a92759) Importer(815301076,1909f56bfc062723c751e8b465ee728b)
Number of updated assets reloaded before import = 0
Start importing Assets/Game Assets/Aegis77/Wooden Planks/Prefabs using Guid(72a5f57275fbfe74a8e63b3700a92759) Importer(815301076,1909f56bfc062723c751e8b465ee728b)  -> (artifact id: '655c23eb49dd82bdf3d0c29064f0ffd8') in 0.019743 seconds 
Number of asset objects unloaded after import = 0
========================================================================
Received Import Request.
  Time since last request: 1.539870 seconds.
  path: Assets/Game Assets/Aegis77/Wooden Planks/Prefabs/Basic/Plank2.prefab
  artifactKey: Guid(de2c112d0fe2ad143afbb298f660acb2) Importer(815301076,1909f56bfc062723c751e8b465ee728b)
Number of updated assets reloaded before import = 0
Start importing Assets/Game Assets/Aegis77/Wooden Planks/Prefabs/Basic/Plank2.prefab using Guid(de2c112d0fe2ad143afbb298f660acb2) Importer(815301076,1909f56bfc062723c751e8b465ee728b)  -> (artifact id: 'e0bdeece77d1726d0aee89828cc4868d') in 0.023963 seconds 
Number of asset objects unloaded after import = 13
========================================================================
Received Import Request.
  Time since last request: 0.000016 seconds.
  path: Assets/Game Assets/Aegis77/Wooden Planks/Prefabs/Basic/Plank4.prefab
  artifactKey: Guid(cee85f17e4a32e64ba94e3a4edfcac9b) Importer(815301076,1909f56bfc062723c751e8b465ee728b)
Number of updated assets reloaded before import = 0
Start importing Assets/Game Assets/Aegis77/Wooden Planks/Prefabs/Basic/Plank4.prefab using Guid(cee85f17e4a32e64ba94e3a4edfcac9b) Importer(815301076,1909f56bfc062723c751e8b465ee728b)  -> (artifact id: '498bf8c35e4f3d35dda808983f5674dd') in 0.023797 seconds 
Number of asset objects unloaded after import = 13
========================================================================
Received Import Request.
  Time since last request: 35.990134 seconds.
  path: Assets/Models/Metal_Plates/Materials/Metal_Plate_2.mat
  artifactKey: Guid(cde9e112a3fe3ba479ca1aad187f62a5) Importer(815301076,1909f56bfc062723c751e8b465ee728b)
Number of updated assets reloaded before import = 0
Start importing Assets/Models/Metal_Plates/Materials/Metal_Plate_2.mat using Guid(cde9e112a3fe3ba479ca1aad187f62a5) Importer(815301076,1909f56bfc062723c751e8b465ee728b)  -> (artifact id: 'bcb38df1c9574ff54b8eb86ff0b41a6a') in 0.038082 seconds 
Number of asset objects unloaded after import = 4
========================================================================
Received Import Request.
  Time since last request: 0.000021 seconds.
  path: Assets/Models/Metal_Plates/Materials/Metal_Plate_4.mat
  artifactKey: Guid(7d8c569bb6a82e847885c8937c7658c5) Importer(815301076,1909f56bfc062723c751e8b465ee728b)
Number of updated assets reloaded before import = 0
Start importing Assets/Models/Metal_Plates/Materials/Metal_Plate_4.mat using Guid(7d8c569bb6a82e847885c8937c7658c5) Importer(815301076,1909f56bfc062723c751e8b465ee728b)  -> (artifact id: '76003ca6fd6b618023d9b1fb0a8ef465') in 0.036731 seconds 
Number of asset objects unloaded after import = 4
========================================================================
Received Import Request.
  Time since last request: 268.300480 seconds.
  path: Assets/Collectables_Asset/Bolt&Nut/bolt1/Materials/Bolt1.mat
  artifactKey: Guid(8ce0432ff570c42a59b8dd6d4ecf7491) Importer(815301076,1909f56bfc062723c751e8b465ee728b)
Number of updated assets reloaded before import = 0
Start importing Assets/Collectables_Asset/Bolt&Nut/bolt1/Materials/Bolt1.mat using Guid(8ce0432ff570c42a59b8dd6d4ecf7491) Importer(815301076,1909f56bfc062723c751e8b465ee728b)  -> (artifact id: '4b7044e2be9bb13d523219866ff7c38d') in 0.103878 seconds 
Number of asset objects unloaded after import = 3
========================================================================
Received Import Request.
  Time since last request: 0.000037 seconds.
  path: Assets/Collectables_Asset/Bolt&Nut/bolt1/Materials/BoltM6bit.mat
  artifactKey: Guid(81082d9e7394a4b4aab0ead0655d9497) Importer(815301076,1909f56bfc062723c751e8b465ee728b)
Number of updated assets reloaded before import = 0
Start importing Assets/Collectables_Asset/Bolt&Nut/bolt1/Materials/BoltM6bit.mat using Guid(81082d9e7394a4b4aab0ead0655d9497) Importer(815301076,1909f56bfc062723c751e8b465ee728b)  -> (artifact id: 'd8210496ef0e3c0fe4206e256abdf089') in 0.026555 seconds 
Number of asset objects unloaded after import = 1
========================================================================
Received Import Request.
  Time since last request: 5.954377 seconds.
  path: Assets/Level1/Packages/SciFi_Creates/Create004/Materials/crateOpenFinal_low_CrateTexture_Emissive.mat
  artifactKey: Guid(9aa6bfa4ac57db14ebb93bdfba552741) Importer(815301076,1909f56bfc062723c751e8b465ee728b)
Number of updated assets reloaded before import = 0
Start importing Assets/Level1/Packages/SciFi_Creates/Create004/Materials/crateOpenFinal_low_CrateTexture_Emissive.mat using Guid(9aa6bfa4ac57db14ebb93bdfba552741) Importer(815301076,1909f56bfc062723c751e8b465ee728b)  -> (artifact id: '7ae70eacaf2b13a8502828ce3a1b9d90') in 0.028564 seconds 
Number of asset objects unloaded after import = 2
========================================================================
Received Import Request.
  Time since last request: 0.000018 seconds.
  path: Assets/Level1/Packages/Wooden_Creates/Create001/Materials/MilkCratePaintReady_initialShadingGroup_Ro.mat
  artifactKey: Guid(c146e237d84e6e646b7e25341c5267d3) Importer(815301076,1909f56bfc062723c751e8b465ee728b)
Number of updated assets reloaded before import = 0
Start importing Assets/Level1/Packages/Wooden_Creates/Create001/Materials/MilkCratePaintReady_initialShadingGroup_Ro.mat using Guid(c146e237d84e6e646b7e25341c5267d3) Importer(815301076,1909f56bfc062723c751e8b465ee728b)  -> (artifact id: '8127df772239422e29f907b85e131a4b') in 0.027466 seconds 
Number of asset objects unloaded after import = 2
========================================================================
Received Import Request.
  Time since last request: 0.000024 seconds.
  path: Assets/Level1/Packages/SciFi_Creates/Create004/Materials/crateOpenFinal_low_CrateTexture_Metallic.mat
  artifactKey: Guid(104c5623c151ea044b607cff677a4e29) Importer(815301076,1909f56bfc062723c751e8b465ee728b)
Number of updated assets reloaded before import = 0
Start importing Assets/Level1/Packages/SciFi_Creates/Create004/Materials/crateOpenFinal_low_CrateTexture_Metallic.mat using Guid(104c5623c151ea044b607cff677a4e29) Importer(815301076,1909f56bfc062723c751e8b465ee728b)  -> (artifact id: '9820f1523e94d5a4dd442dacfb59b65c') in 0.025022 seconds 
Number of asset objects unloaded after import = 2
Editor requested this worker to shutdown with reason: Scaling down because of idle timeout
AssetImportWorker is now disconnected from the server
Process exiting
Exiting without the bug reporter. Application will terminate with return code 0