Using pre-set license
Built from '2021.3/staging' branch; Version is '2021.3.39f1 (fb3b7b32f191) revision 16464763'; Using compiler version '192829333'; Build Type 'Release'
OS: 'Windows 11  (10.0.26100) 64bit Professional' Language: 'en' Physical Memory: 32306 MB
BatchMode: 1, IsHumanControllingUs: 0, StartBugReporterOnCrash: 0, Is64bit: 1, IsPro: 1

COMMAND LINE ARGUMENTS:
C:\Program Files\Unity\Hub\Editor\2021.3.39f1\Editor\Unity.exe
-adb2
-batchMode
-noUpm
-name
AssetImportWorker3
-projectPath
C:/Users/mario/source/repos/GameDev/OperationExoQuest/OperationExoQuest
-logFile
Logs/AssetImportWorker3.log
-srvPort
50516
Successfully changed project path to: C:/Users/mario/source/repos/GameDev/OperationExoQuest/OperationExoQuest
C:/Users/mario/source/repos/GameDev/OperationExoQuest/OperationExoQuest
[UnityMemory] Configuration Parameters - Can be set up in boot.config
    "memorysetup-bucket-allocator-granularity=16"
    "memorysetup-bucket-allocator-bucket-count=8"
    "memorysetup-bucket-allocator-block-size=33554432"
    "memorysetup-bucket-allocator-block-count=8"
    "memorysetup-main-allocator-block-size=16777216"
    "memorysetup-thread-allocator-block-size=16777216"
    "memorysetup-gfx-main-allocator-block-size=16777216"
    "memorysetup-gfx-thread-allocator-block-size=16777216"
    "memorysetup-cache-allocator-block-size=4194304"
    "memorysetup-typetree-allocator-block-size=2097152"
    "memorysetup-profiler-bucket-allocator-granularity=16"
    "memorysetup-profiler-bucket-allocator-bucket-count=8"
    "memorysetup-profiler-bucket-allocator-block-size=33554432"
    "memorysetup-profiler-bucket-allocator-block-count=8"
    "memorysetup-profiler-allocator-block-size=16777216"
    "memorysetup-profiler-editor-allocator-block-size=1048576"
    "memorysetup-temp-allocator-size-main=16777216"
    "memorysetup-job-temp-allocator-block-size=2097152"
    "memorysetup-job-temp-allocator-block-size-background=1048576"
    "memorysetup-job-temp-allocator-reduction-small-platforms=262144"
    "memorysetup-temp-allocator-size-background-worker=32768"
    "memorysetup-temp-allocator-size-job-worker=262144"
    "memorysetup-temp-allocator-size-preload-manager=33554432"
    "memorysetup-temp-allocator-size-nav-mesh-worker=65536"
    "memorysetup-temp-allocator-size-audio-worker=65536"
    "memorysetup-temp-allocator-size-cloud-worker=32768"
    "memorysetup-temp-allocator-size-gi-baking-worker=262144"
    "memorysetup-temp-allocator-size-gfx=262144"
Player connection [23168] Host "[IP] 192.168.100.110 [Port] 0 [Flags] 2 [Guid] 3521203788 [EditorId] 3521203788 [Version] 1048832 [Id] WindowsEditor(7,DESKTOP-QHJK815) [Debug] 1 [PackageName] WindowsEditor [ProjectName] Editor" joined multi-casting on [225.0.0.222:54997]...

Player connection [23168] Host "[IP] 192.168.100.110 [Port] 0 [Flags] 2 [Guid] 3521203788 [EditorId] 3521203788 [Version] 1048832 [Id] WindowsEditor(7,DESKTOP-QHJK815) [Debug] 1 [PackageName] WindowsEditor [ProjectName] Editor" joined alternative multi-casting on [225.0.0.222:34997]...

[Physics::Module] Initialized MultithreadedJobDispatcher with {0} workers.
Refreshing native plugins compatible for Editor in 61.57 ms, found 3 plugins.
Preloading 0 native plugins for Editor in 0.00 ms.
Initialize engine version: 2021.3.39f1 (fb3b7b32f191)
[Subsystems] Discovering subsystems at path C:/Program Files/Unity/Hub/Editor/2021.3.39f1/Editor/Data/Resources/UnitySubsystems
[Subsystems] Discovering subsystems at path C:/Users/mario/source/repos/GameDev/OperationExoQuest/OperationExoQuest/Assets
GfxDevice: creating device client; threaded=0; jobified=0
Direct3D:
    Version:  Direct3D 11.0 [level 11.1]
    Renderer: Intel(R) Arc(TM) Graphics (ID=0x7d55)
    Vendor:   Intel
    VRAM:     18414 MB
    Driver:   32.0.101.6129
Initialize mono
Mono path[0] = 'C:/Program Files/Unity/Hub/Editor/2021.3.39f1/Editor/Data/Managed'
Mono path[1] = 'C:/Program Files/Unity/Hub/Editor/2021.3.39f1/Editor/Data/MonoBleedingEdge/lib/mono/unityjit-win32'
Mono config path = 'C:/Program Files/Unity/Hub/Editor/2021.3.39f1/Editor/Data/MonoBleedingEdge/etc'
Using monoOptions --debugger-agent=transport=dt_socket,embedding=1,server=y,suspend=n,address=127.0.0.1:56656
Begin MonoManager ReloadAssembly
Registering precompiled unity dll's ...
Register platform support module: C:/Program Files/Unity/Hub/Editor/2021.3.39f1/Editor/Data/PlaybackEngines/WindowsStandaloneSupport/UnityEditor.WindowsStandalone.Extensions.dll
Registered in 0.002817 seconds.
Native extension for WindowsStandalone target not found
Refreshing native plugins compatible for Editor in 51.30 ms, found 3 plugins.
Preloading 0 native plugins for Editor in 0.00 ms.
Mono: successfully reloaded assembly
- Completed reload, in  0.467 seconds
Domain Reload Profiling:
	ReloadAssembly (467ms)
		BeginReloadAssembly (70ms)
			ExecutionOrderSort (0ms)
			DisableScriptedObjects (0ms)
			BackupInstance (0ms)
			ReleaseScriptingObjects (0ms)
			CreateAndSetChildDomain (1ms)
		EndReloadAssembly (329ms)
			LoadAssemblies (69ms)
			RebuildTransferFunctionScriptingTraits (0ms)
			SetupTypeCache (77ms)
			ReleaseScriptCaches (0ms)
			RebuildScriptCaches (20ms)
			SetupLoadedEditorAssemblies (200ms)
				LogAssemblyErrors (0ms)
				InitializePlatformSupportModulesInManaged (6ms)
				SetLoadedEditorAssemblies (0ms)
				RefreshPlugins (51ms)
				BeforeProcessingInitializeOnLoad (1ms)
				ProcessInitializeOnLoadAttributes (103ms)
				ProcessInitializeOnLoadMethodAttributes (39ms)
				AfterProcessingInitializeOnLoad (0ms)
				EditorAssembliesLoaded (0ms)
			ExecutionOrderSort2 (0ms)
			AwakeInstancesAfterBackupRestoration (0ms)
Platform modules already initialized, skipping
Registering precompiled user dll's ...
Registered in 0.003182 seconds.
Begin MonoManager ReloadAssembly
Native extension for WindowsStandalone target not found
Refreshing native plugins compatible for Editor in 0.56 ms, found 3 plugins.
Preloading 0 native plugins for Editor in 0.00 ms.
Package Manager log level set to [2]
[Package Manager] Server::EnsureServerProcessIsRunning -- launch failed, reason: Unity was launched with the -noUpm command-line argument
[Package Manager] Cannot connect to Unity Package Manager local server
Mono: successfully reloaded assembly
- Completed reload, in  1.187 seconds
Domain Reload Profiling:
	ReloadAssembly (1188ms)
		BeginReloadAssembly (95ms)
			ExecutionOrderSort (0ms)
			DisableScriptedObjects (4ms)
			BackupInstance (0ms)
			ReleaseScriptingObjects (0ms)
			CreateAndSetChildDomain (17ms)
		EndReloadAssembly (1003ms)
			LoadAssemblies (72ms)
			RebuildTransferFunctionScriptingTraits (0ms)
			SetupTypeCache (191ms)
			ReleaseScriptCaches (0ms)
			RebuildScriptCaches (37ms)
			SetupLoadedEditorAssemblies (688ms)
				LogAssemblyErrors (0ms)
				InitializePlatformSupportModulesInManaged (4ms)
				SetLoadedEditorAssemblies (0ms)
				RefreshPlugins (1ms)
				BeforeProcessingInitializeOnLoad (55ms)
				ProcessInitializeOnLoadAttributes (608ms)
				ProcessInitializeOnLoadMethodAttributes (16ms)
				AfterProcessingInitializeOnLoad (4ms)
				EditorAssembliesLoaded (0ms)
			ExecutionOrderSort2 (0ms)
			AwakeInstancesAfterBackupRestoration (5ms)
Platform modules already initialized, skipping
========================================================================
Worker process is ready to serve import requests
Launched and connected shader compiler UnityShaderCompiler.exe after 0.03 seconds
Refreshing native plugins compatible for Editor in 0.56 ms, found 3 plugins.
Preloading 0 native plugins for Editor in 0.00 ms.
Unloading 3457 Unused Serialized files (Serialized files now loaded: 0)
Unloading 25 unused Assets / (100.5 KB). Loaded Objects now: 3945.
Memory consumption went from 139.5 MB to 139.4 MB.
Total: 2.723700 ms (FindLiveObjects: 0.223700 ms CreateObjectMapping: 0.052600 ms MarkObjects: 2.343800 ms  DeleteObjects: 0.102300 ms)

AssetImportParameters requested are different than current active one (requested -> active):
  custom:video-decoder-ogg-theora: a1e56fd34408186e4bbccfd4996cb3dc -> 
  custom:container-muxer-webm: aa71ff27fc2769a1b78a27578f13a17b -> 
  custom:container-demuxer-webm: 4f35f7cbe854078d1ac9338744f61a02 -> 
  custom:video-encoder-webm-vp8: eb34c28f22e8b96e1ab97ce403110664 -> 
  custom:video-codec-MediaFoundation-h265: 746d11721c4dcdbdad8f713fa42b33f4 -> 
  custom:CustomObjectIndexerAttribute: bc11b3a6c3213fcdd17b65e7da85e133 -> 
  custom:audio-encoder-webm-vorbis: bf7c407c2cedff20999df2af8eb42d56 -> 
  custom:framework-win-MediaFoundation: 216162199b28c13a410421893ffa2e32 -> 
  custom:SearchIndexIgnoredProperties: e643bd26f0fe6173181afceb89e7c659 -> 
  custom:container-demuxer-ogg: 62fdf1f143b41e24485cea50d1cbac27 -> 
  custom:video-decoder-webm-vp8: 9c59270c3fd7afecdb556c50c9e8de78 -> 
  custom:audio-decoder-ogg-vorbis: bf7c407c2cedff20999df2af8eb42d56 -> 
========================================================================
Received Import Request.
  Time since last request: 4180.468385 seconds.
  path: Assets/Level2/Medieval_Buildings_Modular/Materials/Roof_Tiles.mat
  artifactKey: Guid(8d81d23f2df56684f9e0b89df4286861) Importer(815301076,1909f56bfc062723c751e8b465ee728b)
Number of updated assets reloaded before import = 0
Start importing Assets/Level2/Medieval_Buildings_Modular/Materials/Roof_Tiles.mat using Guid(8d81d23f2df56684f9e0b89df4286861) Importer(815301076,1909f56bfc062723c751e8b465ee728b)  -> (artifact id: 'd8f953dddb0cef83dbd015186dccdddc') in 0.206783 seconds 
Number of asset objects unloaded after import = 4
========================================================================
Received Import Request.
  Time since last request: 0.000055 seconds.
  path: Assets/Level2/Medieval_Buildings_Modular/Materials/Roof_Wall_Wood.mat
  artifactKey: Guid(f725f68138562004690132251caddfef) Importer(815301076,1909f56bfc062723c751e8b465ee728b)
Number of updated assets reloaded before import = 0
Start importing Assets/Level2/Medieval_Buildings_Modular/Materials/Roof_Wall_Wood.mat using Guid(f725f68138562004690132251caddfef) Importer(815301076,1909f56bfc062723c751e8b465ee728b)  -> (artifact id: '9ae3f729b736be979766d608cb92d8d3') in 0.060357 seconds 
Number of asset objects unloaded after import = 4
========================================================================
Received Import Request.
  Time since last request: 462.008841 seconds.
  path: Assets/Level2/Medieval_Buildings_Modular/Materials/H_B_Brick.mat
  artifactKey: Guid(cb545f92d795ebf43b4737a32c4e00dc) Importer(815301076,1909f56bfc062723c751e8b465ee728b)
Number of updated assets reloaded before import = 0
Start importing Assets/Level2/Medieval_Buildings_Modular/Materials/H_B_Brick.mat using Guid(cb545f92d795ebf43b4737a32c4e00dc) Importer(815301076,1909f56bfc062723c751e8b465ee728b)  -> (artifact id: '750cf561c4cb5c8e5a7024837a820dee') in 0.049091 seconds 
Number of asset objects unloaded after import = 4
========================================================================
Received Import Request.
  Time since last request: 0.000020 seconds.
  path: Assets/Level2/Medieval_Buildings_Modular/Materials/H_A_Wall.mat
  artifactKey: Guid(e0d122159cad9ed4682cc466d28993ee) Importer(815301076,1909f56bfc062723c751e8b465ee728b)
Number of updated assets reloaded before import = 0
Start importing Assets/Level2/Medieval_Buildings_Modular/Materials/H_A_Wall.mat using Guid(e0d122159cad9ed4682cc466d28993ee) Importer(815301076,1909f56bfc062723c751e8b465ee728b)  -> (artifact id: '386508d604fc8a1a45049ab341744c19') in 0.037470 seconds 
Number of asset objects unloaded after import = 4
========================================================================
Received Import Request.
  Time since last request: 0.217977 seconds.
  path: Assets/Level2/Medieval_Buildings_Modular/Materials/Gallows_Stairs.mat
  artifactKey: Guid(0747b3e74ddd4184caadc571bebf26d9) Importer(815301076,1909f56bfc062723c751e8b465ee728b)
Number of updated assets reloaded before import = 0
Start importing Assets/Level2/Medieval_Buildings_Modular/Materials/Gallows_Stairs.mat using Guid(0747b3e74ddd4184caadc571bebf26d9) Importer(815301076,1909f56bfc062723c751e8b465ee728b)  -> (artifact id: '7de56c78675b0a99b8e915ac355ffd15') in 0.033699 seconds 
Number of asset objects unloaded after import = 4
========================================================================
Received Import Request.
  Time since last request: 0.000021 seconds.
  path: Assets/Level2/Medieval_Buildings_Modular/Materials/Door_Frame.mat
  artifactKey: Guid(b849cb62825e4e748930bddcb11b8789) Importer(815301076,1909f56bfc062723c751e8b465ee728b)
Number of updated assets reloaded before import = 0
Start importing Assets/Level2/Medieval_Buildings_Modular/Materials/Door_Frame.mat using Guid(b849cb62825e4e748930bddcb11b8789) Importer(815301076,1909f56bfc062723c751e8b465ee728b)  -> (artifact id: 'dd9f7846855a9af3ac731ce3e8e1fa10') in 0.032465 seconds 
Number of asset objects unloaded after import = 4
========================================================================
Received Import Request.
  Time since last request: 1027.575843 seconds.
  path: Assets/Level1/scifi-crate (1)/textures/crateOpenFinal_low_CrateTexture_BaseColor.png
  artifactKey: Guid(eba807164e82da74e892bef4270c3395) Importer(815301076,1909f56bfc062723c751e8b465ee728b)
Number of updated assets reloaded before import = 0
Start importing Assets/Level1/scifi-crate (1)/textures/crateOpenFinal_low_CrateTexture_BaseColor.png using Guid(eba807164e82da74e892bef4270c3395) Importer(815301076,1909f56bfc062723c751e8b465ee728b)  -> (artifact id: '7572fa50644ee095ef120cb7a2f2650b') in 0.043412 seconds 
Number of asset objects unloaded after import = 2
========================================================================
Received Import Request.
  Time since last request: 0.000028 seconds.
  path: Assets/Level1/scifi-crate (1)/textures/crateOpenFinal_low_CrateTexture_Normal.png
  artifactKey: Guid(86431d68222bbf940b44a484bb368268) Importer(815301076,1909f56bfc062723c751e8b465ee728b)
Number of updated assets reloaded before import = 0
Start importing Assets/Level1/scifi-crate (1)/textures/crateOpenFinal_low_CrateTexture_Normal.png using Guid(86431d68222bbf940b44a484bb368268) Importer(815301076,1909f56bfc062723c751e8b465ee728b)  -> (artifact id: '847e189f8a66decf36e3ecba6d5efd0a') in 0.033791 seconds 
Number of asset objects unloaded after import = 2
========================================================================
Received Import Request.
  Time since last request: 0.000029 seconds.
  path: Assets/Level1/scifi-crate (1)/textures/crateOpenFinal_low_CrateTexture_Roughness.png
  artifactKey: Guid(e6f024576ddd88443a2e006d7aab3f56) Importer(815301076,1909f56bfc062723c751e8b465ee728b)
Number of updated assets reloaded before import = 0
Start importing Assets/Level1/scifi-crate (1)/textures/crateOpenFinal_low_CrateTexture_Roughness.png using Guid(e6f024576ddd88443a2e006d7aab3f56) Importer(815301076,1909f56bfc062723c751e8b465ee728b)  -> (artifact id: '48301dff7a464a46404a53577bccb304') in 0.024415 seconds 
Number of asset objects unloaded after import = 2
========================================================================
Received Import Request.
  Time since last request: 798.393481 seconds.
  path: Assets/Level1/Prefabs/Player.prefab
  artifactKey: Guid(da80a74ef72eb704a9330f97e62a0898) Importer(815301076,1909f56bfc062723c751e8b465ee728b)
Number of updated assets reloaded before import = 0
Start importing Assets/Level1/Prefabs/Player.prefab using Guid(da80a74ef72eb704a9330f97e62a0898) Importer(815301076,1909f56bfc062723c751e8b465ee728b)  -> (artifact id: '00f580090c352a16a0779da8f47f9ef6') in 0.045847 seconds 
Number of asset objects unloaded after import = 139
========================================================================
Received Import Request.
  Time since last request: 28.533706 seconds.
  path: Assets/Level2/Scenes/MainScene_Level2.unity
  artifactKey: Guid(7f6b6f470239e7e43b1b94fc8f5f3606) Importer(815301076,1909f56bfc062723c751e8b465ee728b)
Number of updated assets reloaded before import = 0
Start importing Assets/Level2/Scenes/MainScene_Level2.unity using Guid(7f6b6f470239e7e43b1b94fc8f5f3606) Importer(815301076,1909f56bfc062723c751e8b465ee728b)  -> (artifact id: '887911cd5459a01a1ce44ccaccc97a85') in 0.004457 seconds 
Number of asset objects unloaded after import = 0
========================================================================
Received Import Request.
  Time since last request: 83.799719 seconds.
  path: Assets/Level2/NEON 2.png
  artifactKey: Guid(ae57193d0fa5bd04c82929881258bfb9) Importer(815301076,1909f56bfc062723c751e8b465ee728b)
Number of updated assets reloaded before import = 0
Start importing Assets/Level2/NEON 2.png using Guid(ae57193d0fa5bd04c82929881258bfb9) Importer(815301076,1909f56bfc062723c751e8b465ee728b)  -> (artifact id: '88e35bd2894b7035f6719fd077f9f571') in 0.020401 seconds 
Number of asset objects unloaded after import = 2
========================================================================
Received Import Request.
  Time since last request: 31.292489 seconds.
  path: Assets/Level2/neon 1.png
  artifactKey: Guid(f7ba4f5e1e2024248bd0cd46a94bab0a) Importer(815301076,1909f56bfc062723c751e8b465ee728b)
Number of updated assets reloaded before import = 0
Start importing Assets/Level2/neon 1.png using Guid(f7ba4f5e1e2024248bd0cd46a94bab0a) Importer(815301076,1909f56bfc062723c751e8b465ee728b)  -> (artifact id: '48637a948d0c15fa36cdec14d55ee841') in 0.041244 seconds 
Number of asset objects unloaded after import = 2
========================================================================
Received Import Request.
  Time since last request: 37.649979 seconds.
  path: Assets/Level1/scifi-crate (1)/Materials/crateOpenFinal_low_CrateTexture_Roughness.mat
  artifactKey: Guid(d6d32b13656214f49a6d779b1b5ec523) Importer(815301076,1909f56bfc062723c751e8b465ee728b)
Number of updated assets reloaded before import = 0
Start importing Assets/Level1/scifi-crate (1)/Materials/crateOpenFinal_low_CrateTexture_Roughness.mat using Guid(d6d32b13656214f49a6d779b1b5ec523) Importer(815301076,1909f56bfc062723c751e8b465ee728b)  -> (artifact id: '603fd286c32aa2a3b310baabc1c3b136') in 0.030724 seconds 
Number of asset objects unloaded after import = 2
========================================================================
Received Import Request.
  Time since last request: 106.007013 seconds.
  path: Assets/Level2/Materials/NEON 2.mat
  artifactKey: Guid(fa5c4d3f192144f4c9f6d2c2ad64a889) Importer(815301076,1909f56bfc062723c751e8b465ee728b)
Number of updated assets reloaded before import = 0
Start importing Assets/Level2/Materials/NEON 2.mat using Guid(fa5c4d3f192144f4c9f6d2c2ad64a889) Importer(815301076,1909f56bfc062723c751e8b465ee728b)  -> (artifact id: 'b76f73b6fef783590d39a59916470acd') in 0.040831 seconds 
Number of asset objects unloaded after import = 2
========================================================================
Received Import Request.
  Time since last request: 42.842577 seconds.
  path: Assets/Level1/Scenes/Level1 - Map.unity
  artifactKey: Guid(73aad95aa2eee5b44b42665ab0735030) Importer(815301076,1909f56bfc062723c751e8b465ee728b)
Number of updated assets reloaded before import = 0
Start importing Assets/Level1/Scenes/Level1 - Map.unity using Guid(73aad95aa2eee5b44b42665ab0735030) Importer(815301076,1909f56bfc062723c751e8b465ee728b)  -> (artifact id: 'ebbd1a417f4a6e11c2efaae45bbf91c9') in 0.003744 seconds 
Number of asset objects unloaded after import = 0
========================================================================
Received Import Request.
  Time since last request: 29.124211 seconds.
  path: Assets/Level1/Prefabs
  artifactKey: Guid(8de9da073c0159f4ea3921ea927a98cc) Importer(815301076,1909f56bfc062723c751e8b465ee728b)
Number of updated assets reloaded before import = 0
Start importing Assets/Level1/Prefabs using Guid(8de9da073c0159f4ea3921ea927a98cc) Importer(815301076,1909f56bfc062723c751e8b465ee728b)  -> (artifact id: 'e90308f79a59d4cb66ea3b7d40e70da7') in 0.002859 seconds 
Number of asset objects unloaded after import = 0
========================================================================
Received Import Request.
  Time since last request: 3.912141 seconds.
  path: Assets/Level1/Prefabs/SciFiCrate_1.prefab
  artifactKey: Guid(7fa62a12580ce504387290a24b62a4d2) Importer(815301076,1909f56bfc062723c751e8b465ee728b)
Number of updated assets reloaded before import = 0
Start importing Assets/Level1/Prefabs/SciFiCrate_1.prefab using Guid(7fa62a12580ce504387290a24b62a4d2) Importer(815301076,1909f56bfc062723c751e8b465ee728b)  -> (artifact id: '70fae8a135bb9266f971f4d8179da914') in 0.032510 seconds 
Number of asset objects unloaded after import = 16
========================================================================
Received Import Request.
  Time since last request: 20.441496 seconds.
  path: Assets/Level1/Prefabs/Scifi Crate_Pile.prefab
  artifactKey: Guid(b047a15b6547dae4694ed792209f8d9c) Importer(815301076,1909f56bfc062723c751e8b465ee728b)
Number of updated assets reloaded before import = 0
Start importing Assets/Level1/Prefabs/Scifi Crate_Pile.prefab using Guid(b047a15b6547dae4694ed792209f8d9c) Importer(815301076,1909f56bfc062723c751e8b465ee728b)  -> (artifact id: '05fa6718c3cdfcc821ef694a6222fac8') in 0.034492 seconds 
Number of asset objects unloaded after import = 36
========================================================================
Received Import Request.
  Time since last request: 108.134562 seconds.
  path: Assets/Level1/sci-fi-crate
  artifactKey: Guid(cefc60a5c8bf3b04885585ffd37bb9c8) Importer(815301076,1909f56bfc062723c751e8b465ee728b)
Number of updated assets reloaded before import = 0
Start importing Assets/Level1/sci-fi-crate using Guid(cefc60a5c8bf3b04885585ffd37bb9c8) Importer(815301076,1909f56bfc062723c751e8b465ee728b)  -> (artifact id: '0aeb7041505199935b308a3890de9a3a') in 0.019823 seconds 
Number of asset objects unloaded after import = 0
========================================================================
Received Import Request.
  Time since last request: 1.093659 seconds.
  path: Assets/Level1/sci-fi-crate/source
  artifactKey: Guid(aa0b995cbea93a2409aef9468de1695d) Importer(815301076,1909f56bfc062723c751e8b465ee728b)
Number of updated assets reloaded before import = 0
Start importing Assets/Level1/sci-fi-crate/source using Guid(aa0b995cbea93a2409aef9468de1695d) Importer(815301076,1909f56bfc062723c751e8b465ee728b)  -> (artifact id: 'de944ed74b1e23e6675caf4e48554daa') in 0.002781 seconds 
Number of asset objects unloaded after import = 0
========================================================================
Received Import Request.
  Time since last request: 0.084005 seconds.
  path: Assets/Level1/sci-fi-crate/source/Crate2.fbx
  artifactKey: Guid(9db372773432c604183c1f44ad7e063f) Importer(815301076,1909f56bfc062723c751e8b465ee728b)
Number of updated assets reloaded before import = 0
Start importing Assets/Level1/sci-fi-crate/source/Crate2.fbx using Guid(9db372773432c604183c1f44ad7e063f) Importer(815301076,1909f56bfc062723c751e8b465ee728b)  -> (artifact id: '92341feb524a52f2dc3f09410e70c94a') in 0.126167 seconds 
Number of asset objects unloaded after import = 41
========================================================================
Received Import Request.
  Time since last request: 32.668526 seconds.
  path: Assets/Level1/sci-fi-crate/textures
  artifactKey: Guid(36079f874b9a3aa43855b4754bf6398d) Importer(815301076,1909f56bfc062723c751e8b465ee728b)
Number of updated assets reloaded before import = 0
Start importing Assets/Level1/sci-fi-crate/textures using Guid(36079f874b9a3aa43855b4754bf6398d) Importer(815301076,1909f56bfc062723c751e8b465ee728b)  -> (artifact id: '05c0bb9f9b854a2cf53590a4d2139f18') in 0.022015 seconds 
Number of asset objects unloaded after import = 0
========================================================================
Received Import Request.
  Time since last request: 0.057531 seconds.
  path: Assets/Level1/sci-fi-crate/textures/Crate.png
  artifactKey: Guid(000d93f838c4fa242904c08c42a8456e) Importer(815301076,1909f56bfc062723c751e8b465ee728b)
Number of updated assets reloaded before import = 0
Start importing Assets/Level1/sci-fi-crate/textures/Crate.png using Guid(000d93f838c4fa242904c08c42a8456e) Importer(815301076,1909f56bfc062723c751e8b465ee728b)  -> (artifact id: 'fe565e99fde2d466c83eb030090afdd3') in 0.025071 seconds 
Number of asset objects unloaded after import = 2
========================================================================
Received Import Request.
  Time since last request: 0.000020 seconds.
  path: Assets/Level1/sci-fi-crate/textures/TARSTextMetallic.png
  artifactKey: Guid(c7853f2e97b30844981edf41c7d7c1a3) Importer(815301076,1909f56bfc062723c751e8b465ee728b)
Number of updated assets reloaded before import = 0
Start importing Assets/Level1/sci-fi-crate/textures/TARSTextMetallic.png using Guid(c7853f2e97b30844981edf41c7d7c1a3) Importer(815301076,1909f56bfc062723c751e8b465ee728b)  -> (artifact id: '347da5ea5659267c383a59bd38c2807b') in 0.025484 seconds 
Number of asset objects unloaded after import = 2
========================================================================
Received Import Request.
  Time since last request: 0.000024 seconds.
  path: Assets/Level1/sci-fi-crate/textures/HandlesMetallic.png
  artifactKey: Guid(3eae2887f833634429f7cc6fc60788b4) Importer(815301076,1909f56bfc062723c751e8b465ee728b)
Number of updated assets reloaded before import = 0
Start importing Assets/Level1/sci-fi-crate/textures/HandlesMetallic.png using Guid(3eae2887f833634429f7cc6fc60788b4) Importer(815301076,1909f56bfc062723c751e8b465ee728b)  -> (artifact id: '13e796cc3cd6abed97479dd33165e923') in 0.028513 seconds 
Number of asset objects unloaded after import = 2
========================================================================
Received Import Request.
  Time since last request: 0.000023 seconds.
  path: Assets/Level1/sci-fi-crate/textures/HandlesRoughness.png
  artifactKey: Guid(69d49c891789dbc46ae90aed6678793c) Importer(815301076,1909f56bfc062723c751e8b465ee728b)
Number of updated assets reloaded before import = 0
Start importing Assets/Level1/sci-fi-crate/textures/HandlesRoughness.png using Guid(69d49c891789dbc46ae90aed6678793c) Importer(815301076,1909f56bfc062723c751e8b465ee728b)  -> (artifact id: '160c751cb46da2ce13dbfa8e618af80e') in 0.022373 seconds 
Number of asset objects unloaded after import = 2
========================================================================
Received Import Request.
  Time since last request: 0.000035 seconds.
  path: Assets/Level1/sci-fi-crate/textures/TARSTextDiffuse.png
  artifactKey: Guid(e540533e149d04149b98011e328ee494) Importer(815301076,1909f56bfc062723c751e8b465ee728b)
Number of updated assets reloaded before import = 0
Start importing Assets/Level1/sci-fi-crate/textures/TARSTextDiffuse.png using Guid(e540533e149d04149b98011e328ee494) Importer(815301076,1909f56bfc062723c751e8b465ee728b)  -> (artifact id: 'b859900493f28f8a51ed20049bdd6dc1') in 0.033387 seconds 
Number of asset objects unloaded after import = 2
========================================================================
Received Import Request.
  Time since last request: 0.000023 seconds.
  path: Assets/Level1/sci-fi-crate/textures/CrateNormal.png
  artifactKey: Guid(5201530dceadf384ea6df196461e248f) Importer(815301076,1909f56bfc062723c751e8b465ee728b)
Number of updated assets reloaded before import = 0
Start importing Assets/Level1/sci-fi-crate/textures/CrateNormal.png using Guid(5201530dceadf384ea6df196461e248f) Importer(815301076,1909f56bfc062723c751e8b465ee728b)  -> (artifact id: 'ffe32edbdf7c24799caf619e888e27a3') in 0.027728 seconds 
Number of asset objects unloaded after import = 2
========================================================================
Received Import Request.
  Time since last request: 0.000019 seconds.
  path: Assets/Level1/sci-fi-crate/textures/MetalSidesDiffuse.png
  artifactKey: Guid(2f92c70faf79dc640b5b9c043425e48a) Importer(815301076,1909f56bfc062723c751e8b465ee728b)
Number of updated assets reloaded before import = 0
Start importing Assets/Level1/sci-fi-crate/textures/MetalSidesDiffuse.png using Guid(2f92c70faf79dc640b5b9c043425e48a) Importer(815301076,1909f56bfc062723c751e8b465ee728b)  -> (artifact id: '9cea7c658b65b8a78f6489ee0b7a36be') in 0.026326 seconds 
Number of asset objects unloaded after import = 2
========================================================================
Received Import Request.
  Time since last request: 0.000020 seconds.
  path: Assets/Level1/sci-fi-crate/textures/TARSTextRoughness.png
  artifactKey: Guid(4ca784d8dc816834eb5100df1a4b74d1) Importer(815301076,1909f56bfc062723c751e8b465ee728b)
Number of updated assets reloaded before import = 0
Start importing Assets/Level1/sci-fi-crate/textures/TARSTextRoughness.png using Guid(4ca784d8dc816834eb5100df1a4b74d1) Importer(815301076,1909f56bfc062723c751e8b465ee728b)  -> (artifact id: '0db5211959f0563febc97d633af43d4e') in 0.024739 seconds 
Number of asset objects unloaded after import = 2
Editor requested this worker to shutdown with reason: Scaling down because of idle timeout
AssetImportWorker is now disconnected from the server
Process exiting
Exiting without the bug reporter. Application will terminate with return code 0