Using pre-set license
Built from '2021.3/staging' branch; Version is '2021.3.39f1 (fb3b7b32f191) revision 16464763'; Using compiler version '192829333'; Build Type 'Release'
OS: 'Windows 11  (10.0.26100) 64bit Professional' Language: 'en' Physical Memory: 32306 MB
BatchMode: 1, IsHumanControllingUs: 0, StartBugReporterOnCrash: 0, Is64bit: 1, IsPro: 1

COMMAND LINE ARGUMENTS:
C:\Program Files\Unity\Hub\Editor\2021.3.39f1\Editor\Unity.exe
-adb2
-batchMode
-noUpm
-name
AssetImportWorker5
-projectPath
C:/Users/mario/source/repos/GameDev/OperationExoQuest/OperationExoQuest
-logFile
Logs/AssetImportWorker5.log
-srvPort
50516
Successfully changed project path to: C:/Users/mario/source/repos/GameDev/OperationExoQuest/OperationExoQuest
C:/Users/mario/source/repos/GameDev/OperationExoQuest/OperationExoQuest
[UnityMemory] Configuration Parameters - Can be set up in boot.config
    "memorysetup-bucket-allocator-granularity=16"
    "memorysetup-bucket-allocator-bucket-count=8"
    "memorysetup-bucket-allocator-block-size=33554432"
    "memorysetup-bucket-allocator-block-count=8"
    "memorysetup-main-allocator-block-size=16777216"
    "memorysetup-thread-allocator-block-size=16777216"
    "memorysetup-gfx-main-allocator-block-size=16777216"
    "memorysetup-gfx-thread-allocator-block-size=16777216"
    "memorysetup-cache-allocator-block-size=4194304"
    "memorysetup-typetree-allocator-block-size=2097152"
    "memorysetup-profiler-bucket-allocator-granularity=16"
    "memorysetup-profiler-bucket-allocator-bucket-count=8"
    "memorysetup-profiler-bucket-allocator-block-size=33554432"
    "memorysetup-profiler-bucket-allocator-block-count=8"
    "memorysetup-profiler-allocator-block-size=16777216"
    "memorysetup-profiler-editor-allocator-block-size=1048576"
    "memorysetup-temp-allocator-size-main=16777216"
    "memorysetup-job-temp-allocator-block-size=2097152"
    "memorysetup-job-temp-allocator-block-size-background=1048576"
    "memorysetup-job-temp-allocator-reduction-small-platforms=262144"
    "memorysetup-temp-allocator-size-background-worker=32768"
    "memorysetup-temp-allocator-size-job-worker=262144"
    "memorysetup-temp-allocator-size-preload-manager=33554432"
    "memorysetup-temp-allocator-size-nav-mesh-worker=65536"
    "memorysetup-temp-allocator-size-audio-worker=65536"
    "memorysetup-temp-allocator-size-cloud-worker=32768"
    "memorysetup-temp-allocator-size-gi-baking-worker=262144"
    "memorysetup-temp-allocator-size-gfx=262144"
Player connection [23872] Host "[IP] 192.168.100.110 [Port] 0 [Flags] 2 [Guid] 3347646019 [EditorId] 3347646019 [Version] 1048832 [Id] WindowsEditor(7,DESKTOP-QHJK815) [Debug] 1 [PackageName] WindowsEditor [ProjectName] Editor" joined multi-casting on [225.0.0.222:54997]...

Player connection [23872] Host "[IP] 192.168.100.110 [Port] 0 [Flags] 2 [Guid] 3347646019 [EditorId] 3347646019 [Version] 1048832 [Id] WindowsEditor(7,DESKTOP-QHJK815) [Debug] 1 [PackageName] WindowsEditor [ProjectName] Editor" joined alternative multi-casting on [225.0.0.222:34997]...

[Physics::Module] Initialized MultithreadedJobDispatcher with {0} workers.
Refreshing native plugins compatible for Editor in 58.22 ms, found 3 plugins.
Preloading 0 native plugins for Editor in 0.00 ms.
Initialize engine version: 2021.3.39f1 (fb3b7b32f191)
[Subsystems] Discovering subsystems at path C:/Program Files/Unity/Hub/Editor/2021.3.39f1/Editor/Data/Resources/UnitySubsystems
[Subsystems] Discovering subsystems at path C:/Users/mario/source/repos/GameDev/OperationExoQuest/OperationExoQuest/Assets
GfxDevice: creating device client; threaded=0; jobified=0
Direct3D:
    Version:  Direct3D 11.0 [level 11.1]
    Renderer: Intel(R) Arc(TM) Graphics (ID=0x7d55)
    Vendor:   Intel
    VRAM:     18414 MB
    Driver:   32.0.101.6129
Initialize mono
Mono path[0] = 'C:/Program Files/Unity/Hub/Editor/2021.3.39f1/Editor/Data/Managed'
Mono path[1] = 'C:/Program Files/Unity/Hub/Editor/2021.3.39f1/Editor/Data/MonoBleedingEdge/lib/mono/unityjit-win32'
Mono config path = 'C:/Program Files/Unity/Hub/Editor/2021.3.39f1/Editor/Data/MonoBleedingEdge/etc'
Using monoOptions --debugger-agent=transport=dt_socket,embedding=1,server=y,suspend=n,address=127.0.0.1:56220
Begin MonoManager ReloadAssembly
Registering precompiled unity dll's ...
Register platform support module: C:/Program Files/Unity/Hub/Editor/2021.3.39f1/Editor/Data/PlaybackEngines/WindowsStandaloneSupport/UnityEditor.WindowsStandalone.Extensions.dll
Registered in 0.003148 seconds.
Native extension for WindowsStandalone target not found
Refreshing native plugins compatible for Editor in 61.19 ms, found 3 plugins.
Preloading 0 native plugins for Editor in 0.00 ms.
Mono: successfully reloaded assembly
- Completed reload, in  0.499 seconds
Domain Reload Profiling:
	ReloadAssembly (500ms)
		BeginReloadAssembly (78ms)
			ExecutionOrderSort (0ms)
			DisableScriptedObjects (0ms)
			BackupInstance (0ms)
			ReleaseScriptingObjects (0ms)
			CreateAndSetChildDomain (1ms)
		EndReloadAssembly (349ms)
			LoadAssemblies (76ms)
			RebuildTransferFunctionScriptingTraits (0ms)
			SetupTypeCache (78ms)
			ReleaseScriptCaches (0ms)
			RebuildScriptCaches (22ms)
			SetupLoadedEditorAssemblies (216ms)
				LogAssemblyErrors (0ms)
				InitializePlatformSupportModulesInManaged (9ms)
				SetLoadedEditorAssemblies (0ms)
				RefreshPlugins (61ms)
				BeforeProcessingInitializeOnLoad (1ms)
				ProcessInitializeOnLoadAttributes (107ms)
				ProcessInitializeOnLoadMethodAttributes (38ms)
				AfterProcessingInitializeOnLoad (0ms)
				EditorAssembliesLoaded (0ms)
			ExecutionOrderSort2 (0ms)
			AwakeInstancesAfterBackupRestoration (0ms)
Platform modules already initialized, skipping
Registering precompiled user dll's ...
Registered in 0.003406 seconds.
Begin MonoManager ReloadAssembly
Native extension for WindowsStandalone target not found
Refreshing native plugins compatible for Editor in 0.57 ms, found 3 plugins.
Preloading 0 native plugins for Editor in 0.00 ms.
Package Manager log level set to [2]
[Package Manager] Server::EnsureServerProcessIsRunning -- launch failed, reason: Unity was launched with the -noUpm command-line argument
[Package Manager] Cannot connect to Unity Package Manager local server
Mono: successfully reloaded assembly
- Completed reload, in  1.195 seconds
Domain Reload Profiling:
	ReloadAssembly (1195ms)
		BeginReloadAssembly (99ms)
			ExecutionOrderSort (0ms)
			DisableScriptedObjects (4ms)
			BackupInstance (0ms)
			ReleaseScriptingObjects (0ms)
			CreateAndSetChildDomain (16ms)
		EndReloadAssembly (1018ms)
			LoadAssemblies (76ms)
			RebuildTransferFunctionScriptingTraits (0ms)
			SetupTypeCache (204ms)
			ReleaseScriptCaches (0ms)
			RebuildScriptCaches (37ms)
			SetupLoadedEditorAssemblies (686ms)
				LogAssemblyErrors (0ms)
				InitializePlatformSupportModulesInManaged (4ms)
				SetLoadedEditorAssemblies (0ms)
				RefreshPlugins (1ms)
				BeforeProcessingInitializeOnLoad (55ms)
				ProcessInitializeOnLoadAttributes (602ms)
				ProcessInitializeOnLoadMethodAttributes (19ms)
				AfterProcessingInitializeOnLoad (4ms)
				EditorAssembliesLoaded (0ms)
			ExecutionOrderSort2 (0ms)
			AwakeInstancesAfterBackupRestoration (6ms)
Platform modules already initialized, skipping
========================================================================
Worker process is ready to serve import requests
Launched and connected shader compiler UnityShaderCompiler.exe after 0.03 seconds
Refreshing native plugins compatible for Editor in 0.54 ms, found 3 plugins.
Preloading 0 native plugins for Editor in 0.00 ms.
Unloading 3457 Unused Serialized files (Serialized files now loaded: 0)
Unloading 25 unused Assets / (93.5 KB). Loaded Objects now: 3945.
Memory consumption went from 139.6 MB to 139.5 MB.
Total: 2.982300 ms (FindLiveObjects: 0.212100 ms CreateObjectMapping: 0.053200 ms MarkObjects: 2.612000 ms  DeleteObjects: 0.102600 ms)

AssetImportParameters requested are different than current active one (requested -> active):
  custom:video-decoder-ogg-theora: a1e56fd34408186e4bbccfd4996cb3dc -> 
  custom:container-muxer-webm: aa71ff27fc2769a1b78a27578f13a17b -> 
  custom:container-demuxer-webm: 4f35f7cbe854078d1ac9338744f61a02 -> 
  custom:video-encoder-webm-vp8: eb34c28f22e8b96e1ab97ce403110664 -> 
  custom:video-codec-MediaFoundation-h265: 746d11721c4dcdbdad8f713fa42b33f4 -> 
  custom:CustomObjectIndexerAttribute: bc11b3a6c3213fcdd17b65e7da85e133 -> 
  custom:audio-encoder-webm-vorbis: bf7c407c2cedff20999df2af8eb42d56 -> 
  custom:framework-win-MediaFoundation: 216162199b28c13a410421893ffa2e32 -> 
  custom:SearchIndexIgnoredProperties: e643bd26f0fe6173181afceb89e7c659 -> 
  custom:container-demuxer-ogg: 62fdf1f143b41e24485cea50d1cbac27 -> 
  custom:video-decoder-webm-vp8: 9c59270c3fd7afecdb556c50c9e8de78 -> 
  custom:audio-decoder-ogg-vorbis: bf7c407c2cedff20999df2af8eb42d56 -> 
========================================================================
Received Import Request.
  Time since last request: 6650.603280 seconds.
  path: Assets/Level2/Materials/neon 1.mat
  artifactKey: Guid(9cc9fdb4170eddf4fa93b64dfc03d740) Importer(815301076,1909f56bfc062723c751e8b465ee728b)
Number of updated assets reloaded before import = 0
Start importing Assets/Level2/Materials/neon 1.mat using Guid(9cc9fdb4170eddf4fa93b64dfc03d740) Importer(815301076,1909f56bfc062723c751e8b465ee728b)  -> (artifact id: '3ca7acffd53e431a25f7e8baf87dc4f9') in 0.131780 seconds 
Number of asset objects unloaded after import = 2
========================================================================
Received Import Request.
  Time since last request: 344.566773 seconds.
  path: Assets/Level1/sci-fi-crate/textures/CrateMetallic.png
  artifactKey: Guid(da9eef382575f8e4f91c9462915f3cf7) Importer(815301076,1909f56bfc062723c751e8b465ee728b)
Number of updated assets reloaded before import = 0
Start importing Assets/Level1/sci-fi-crate/textures/CrateMetallic.png using Guid(da9eef382575f8e4f91c9462915f3cf7) Importer(815301076,1909f56bfc062723c751e8b465ee728b)  -> (artifact id: 'd6dff0e43e3c75642f84821def4d0576') in 0.048807 seconds 
Number of asset objects unloaded after import = 2
========================================================================
Received Import Request.
  Time since last request: 0.000038 seconds.
  path: Assets/Level1/sci-fi-crate/textures/CrateRoughness.png
  artifactKey: Guid(1953611de128f5444a2f198a981efd67) Importer(815301076,1909f56bfc062723c751e8b465ee728b)
Number of updated assets reloaded before import = 0
Start importing Assets/Level1/sci-fi-crate/textures/CrateRoughness.png using Guid(1953611de128f5444a2f198a981efd67) Importer(815301076,1909f56bfc062723c751e8b465ee728b)  -> (artifact id: 'a34f437dba9fa538e4cab092d8a50868') in 0.024648 seconds 
Number of asset objects unloaded after import = 2
========================================================================
Received Import Request.
  Time since last request: 0.000028 seconds.
  path: Assets/Level1/sci-fi-crate/textures/HingeUpperDiffuse.png
  artifactKey: Guid(a500a76e2b6f6244da6703c7be1875ef) Importer(815301076,1909f56bfc062723c751e8b465ee728b)
Number of updated assets reloaded before import = 0
Start importing Assets/Level1/sci-fi-crate/textures/HingeUpperDiffuse.png using Guid(a500a76e2b6f6244da6703c7be1875ef) Importer(815301076,1909f56bfc062723c751e8b465ee728b)  -> (artifact id: '45969ec01d1af4beb11029ce58a4c9a7') in 0.024121 seconds 
Number of asset objects unloaded after import = 2
========================================================================
Received Import Request.
  Time since last request: 0.000032 seconds.
  path: Assets/Level1/sci-fi-crate/textures/HandlesDiffuse.png
  artifactKey: Guid(fe5d8b81c038b3b4783c6b182695bb7b) Importer(815301076,1909f56bfc062723c751e8b465ee728b)
Number of updated assets reloaded before import = 0
Start importing Assets/Level1/sci-fi-crate/textures/HandlesDiffuse.png using Guid(fe5d8b81c038b3b4783c6b182695bb7b) Importer(815301076,1909f56bfc062723c751e8b465ee728b)  -> (artifact id: '5811fedf1b1f18fe69885466b02877dd') in 0.040708 seconds 
Number of asset objects unloaded after import = 2
========================================================================
Received Import Request.
  Time since last request: 0.000022 seconds.
  path: Assets/Level1/sci-fi-crate/textures/HingesDiffuse.png
  artifactKey: Guid(90f9802efd09ac640b33e85364834255) Importer(815301076,1909f56bfc062723c751e8b465ee728b)
Number of updated assets reloaded before import = 0
Start importing Assets/Level1/sci-fi-crate/textures/HingesDiffuse.png using Guid(90f9802efd09ac640b33e85364834255) Importer(815301076,1909f56bfc062723c751e8b465ee728b)  -> (artifact id: '2376cefe592bd4923590b2d795dd7206') in 0.025432 seconds 
Number of asset objects unloaded after import = 2
========================================================================
Received Import Request.
  Time since last request: 0.000017 seconds.
  path: Assets/Level1/sci-fi-crate/textures/MetalSidesNormal.png
  artifactKey: Guid(86eb2cdc240407447b5b864e4100af5c) Importer(815301076,1909f56bfc062723c751e8b465ee728b)
Number of updated assets reloaded before import = 0
Start importing Assets/Level1/sci-fi-crate/textures/MetalSidesNormal.png using Guid(86eb2cdc240407447b5b864e4100af5c) Importer(815301076,1909f56bfc062723c751e8b465ee728b)  -> (artifact id: '86102acbe020532aeed279b6ac5f26a5') in 0.025935 seconds 
Number of asset objects unloaded after import = 2
========================================================================
Received Import Request.
  Time since last request: 0.000022 seconds.
  path: Assets/Level1/sci-fi-crate/textures/MetalSidesRoughness.png
  artifactKey: Guid(4840769e3da5b874493b865ad2ca78d6) Importer(815301076,1909f56bfc062723c751e8b465ee728b)
Number of updated assets reloaded before import = 0
Start importing Assets/Level1/sci-fi-crate/textures/MetalSidesRoughness.png using Guid(4840769e3da5b874493b865ad2ca78d6) Importer(815301076,1909f56bfc062723c751e8b465ee728b)  -> (artifact id: '416a17ac7fc9c2d4f3bfbc5e82478e25') in 0.025212 seconds 
Number of asset objects unloaded after import = 2
========================================================================
Received Import Request.
  Time since last request: 192.643223 seconds.
  path: Assets/Level1/basic-sci-fi-crate/source/a75dbc8eef1c44509053b107e0a95f83/model/textures/DefaultMaterial_AO.jpg
  artifactKey: Guid(63588f9b64a68d142bcb5acbd62431c5) Importer(815301076,1909f56bfc062723c751e8b465ee728b)
Number of updated assets reloaded before import = 0
Start importing Assets/Level1/basic-sci-fi-crate/source/a75dbc8eef1c44509053b107e0a95f83/model/textures/DefaultMaterial_AO.jpg using Guid(63588f9b64a68d142bcb5acbd62431c5) Importer(815301076,1909f56bfc062723c751e8b465ee728b)  -> (artifact id: 'd242b42751119d672ba1df19598bf1f7') in 0.033629 seconds 
Number of asset objects unloaded after import = 2
========================================================================
Received Import Request.
  Time since last request: 0.000022 seconds.
  path: Assets/Level1/basic-sci-fi-crate/source/a75dbc8eef1c44509053b107e0a95f83/model/textures/DefaultMaterial_metallic.jpg
  artifactKey: Guid(c8cb8ce1b2a2c574186b56487f1b0fd6) Importer(815301076,1909f56bfc062723c751e8b465ee728b)
Number of updated assets reloaded before import = 0
Start importing Assets/Level1/basic-sci-fi-crate/source/a75dbc8eef1c44509053b107e0a95f83/model/textures/DefaultMaterial_metallic.jpg using Guid(c8cb8ce1b2a2c574186b56487f1b0fd6) Importer(815301076,1909f56bfc062723c751e8b465ee728b)  -> (artifact id: '347b827d03ecf1eb8af10e822004e340') in 0.025220 seconds 
Number of asset objects unloaded after import = 2
========================================================================
Received Import Request.
  Time since last request: 0.000024 seconds.
  path: Assets/Level1/basic-sci-fi-crate/source/a75dbc8eef1c44509053b107e0a95f83/model/textures/DefaultMaterial_normal.jpg
  artifactKey: Guid(9fec181357f6cf64a9e974e754909b16) Importer(815301076,1909f56bfc062723c751e8b465ee728b)
Number of updated assets reloaded before import = 0
Start importing Assets/Level1/basic-sci-fi-crate/source/a75dbc8eef1c44509053b107e0a95f83/model/textures/DefaultMaterial_normal.jpg using Guid(9fec181357f6cf64a9e974e754909b16) Importer(815301076,1909f56bfc062723c751e8b465ee728b)  -> (artifact id: '719090eaa1d4a711eaaa4ab8afae635b') in 0.028865 seconds 
Number of asset objects unloaded after import = 2
========================================================================
Received Import Request.
  Time since last request: 106.314295 seconds.
  path: Assets/Level1/sci-fi-crate (1)
  artifactKey: Guid(bafaeffe3ce5cac40ac0d514849fca67) Importer(815301076,1909f56bfc062723c751e8b465ee728b)
Number of updated assets reloaded before import = 0
Start importing Assets/Level1/sci-fi-crate (1) using Guid(bafaeffe3ce5cac40ac0d514849fca67) Importer(815301076,1909f56bfc062723c751e8b465ee728b)  -> (artifact id: 'a2a90747411bc6d572df07c11f4f0d9f') in 0.021942 seconds 
Number of asset objects unloaded after import = 0
========================================================================
Received Import Request.
  Time since last request: 1.140800 seconds.
  path: Assets/Level1/sci-fi-crate (1)/source
  artifactKey: Guid(6e1a360d85e30d44290b790568ee5044) Importer(815301076,1909f56bfc062723c751e8b465ee728b)
Number of updated assets reloaded before import = 0
Start importing Assets/Level1/sci-fi-crate (1)/source using Guid(6e1a360d85e30d44290b790568ee5044) Importer(815301076,1909f56bfc062723c751e8b465ee728b)  -> (artifact id: 'd90c76768cec19e495f5b1cb140f980b') in 0.002145 seconds 
Number of asset objects unloaded after import = 0
========================================================================
Received Import Request.
  Time since last request: 0.065709 seconds.
  path: Assets/Level1/sci-fi-crate (1)/source/low kr9.fbx.fbx
  artifactKey: Guid(62273bbe04e4e3f4bb6eed9fdb8a4b12) Importer(815301076,1909f56bfc062723c751e8b465ee728b)
Number of updated assets reloaded before import = 0
Start importing Assets/Level1/sci-fi-crate (1)/source/low kr9.fbx.fbx using Guid(62273bbe04e4e3f4bb6eed9fdb8a4b12) Importer(815301076,1909f56bfc062723c751e8b465ee728b)  -> (artifact id: 'f7c389d7d6cf0a1e20e6aaf37d05da12') in 0.059005 seconds 
Number of asset objects unloaded after import = 8
========================================================================
Received Import Request.
  Time since last request: 10.635986 seconds.
  path: Assets/Level1/sci-fi-crate (1)/textures
  artifactKey: Guid(e45561e37dcfade4090bd9696ffb0b0e) Importer(815301076,1909f56bfc062723c751e8b465ee728b)
Number of updated assets reloaded before import = 0
Start importing Assets/Level1/sci-fi-crate (1)/textures using Guid(e45561e37dcfade4090bd9696ffb0b0e) Importer(815301076,1909f56bfc062723c751e8b465ee728b)  -> (artifact id: '60e4dd6f49fa7ff05bd1c8b76f2f2685') in 0.005062 seconds 
Number of asset objects unloaded after import = 0
========================================================================
Received Import Request.
  Time since last request: 0.072368 seconds.
  path: Assets/Level1/sci-fi-crate (1)/textures/Ambient_crate_map.als.tga.png
  artifactKey: Guid(5d0554ac73cf4d048b7d9acc90014591) Importer(815301076,1909f56bfc062723c751e8b465ee728b)
Number of updated assets reloaded before import = 0
Start importing Assets/Level1/sci-fi-crate (1)/textures/Ambient_crate_map.als.tga.png using Guid(5d0554ac73cf4d048b7d9acc90014591) Importer(815301076,1909f56bfc062723c751e8b465ee728b)  -> (artifact id: 'b7f525fd46263c4baefdc0f1353a8d2c') in 0.026661 seconds 
Number of asset objects unloaded after import = 2
========================================================================
Received Import Request.
  Time since last request: 41.906120 seconds.
  path: Assets/Level1/Prefabs/basic_sci-fi_crate.prefab
  artifactKey: Guid(b16067724ab038b46965842787a1b9c7) Importer(815301076,1909f56bfc062723c751e8b465ee728b)
Number of updated assets reloaded before import = 0
Start importing Assets/Level1/Prefabs/basic_sci-fi_crate.prefab using Guid(b16067724ab038b46965842787a1b9c7) Importer(815301076,1909f56bfc062723c751e8b465ee728b)  -> (artifact id: '3288f2be73101ee7b5316795960ce1fe') in 0.036957 seconds 
Number of asset objects unloaded after import = 45
========================================================================
Received Import Request.
  Time since last request: 2.430922 seconds.
  path: Assets/Level1/Prefabs/low kr9.fbx.prefab
  artifactKey: Guid(0167b8019f2a6654287439c9b39996e5) Importer(815301076,1909f56bfc062723c751e8b465ee728b)
Number of updated assets reloaded before import = 0
Start importing Assets/Level1/Prefabs/low kr9.fbx.prefab using Guid(0167b8019f2a6654287439c9b39996e5) Importer(815301076,1909f56bfc062723c751e8b465ee728b)  -> (artifact id: '5a8dbc3b5fe098a39d72b88336f7d456') in 0.027076 seconds 
Number of asset objects unloaded after import = 9
========================================================================
Received Import Request.
  Time since last request: 302.685504 seconds.
  path: Assets/Level1/Prefabs/antique-wooden-milk-crates
  artifactKey: Guid(4988597877e4ed04f9b7085c99d11f05) Importer(815301076,1909f56bfc062723c751e8b465ee728b)
Number of updated assets reloaded before import = 0
Start importing Assets/Level1/Prefabs/antique-wooden-milk-crates using Guid(4988597877e4ed04f9b7085c99d11f05) Importer(815301076,1909f56bfc062723c751e8b465ee728b)  -> (artifact id: 'd3c9fda8f093e522769cc99a02f15d7f') in 0.019768 seconds 
Number of asset objects unloaded after import = 0
========================================================================
Received Import Request.
  Time since last request: 13.820168 seconds.
  path: Assets/Level1/antique-wooden-milk-crates
  artifactKey: Guid(f1a348fead85b1c46b6347290a803231) Importer(815301076,1909f56bfc062723c751e8b465ee728b)
Number of updated assets reloaded before import = 0
Start importing Assets/Level1/antique-wooden-milk-crates using Guid(f1a348fead85b1c46b6347290a803231) Importer(815301076,1909f56bfc062723c751e8b465ee728b)  -> (artifact id: 'a21c1c35a8c4b7bbed578eeb5421e47b') in 0.002394 seconds 
Number of asset objects unloaded after import = 0
========================================================================
Received Import Request.
  Time since last request: 1.154490 seconds.
  path: Assets/Level1/antique-wooden-milk-crates/source
  artifactKey: Guid(e170c8c65c1df3540910e3c2fd055084) Importer(815301076,1909f56bfc062723c751e8b465ee728b)
Number of updated assets reloaded before import = 0
Start importing Assets/Level1/antique-wooden-milk-crates/source using Guid(e170c8c65c1df3540910e3c2fd055084) Importer(815301076,1909f56bfc062723c751e8b465ee728b)  -> (artifact id: 'b8e792689bbc4f94b2215427fa1966a2') in 0.003956 seconds 
Number of asset objects unloaded after import = 0
========================================================================
Received Import Request.
  Time since last request: 0.952393 seconds.
  path: Assets/Level1/antique-wooden-milk-crates/source/MilkCratesSketchfab
  artifactKey: Guid(975f2fe24271f5b4b9610550b3023327) Importer(815301076,1909f56bfc062723c751e8b465ee728b)
Number of updated assets reloaded before import = 0
Start importing Assets/Level1/antique-wooden-milk-crates/source/MilkCratesSketchfab using Guid(975f2fe24271f5b4b9610550b3023327) Importer(815301076,1909f56bfc062723c751e8b465ee728b)  -> (artifact id: 'cb76fa66a264bbaf8d994ce51706137f') in 0.021019 seconds 
Number of asset objects unloaded after import = 0
========================================================================
Received Import Request.
  Time since last request: 0.055009 seconds.
  path: Assets/Level1/antique-wooden-milk-crates/source/MilkCratesSketchfab/MilkCratesSketchfab.fbx
  artifactKey: Guid(44522d6fc9dca4942936770b8ac068a3) Importer(815301076,1909f56bfc062723c751e8b465ee728b)
Number of updated assets reloaded before import = 0
Start importing Assets/Level1/antique-wooden-milk-crates/source/MilkCratesSketchfab/MilkCratesSketchfab.fbx using Guid(44522d6fc9dca4942936770b8ac068a3) Importer(815301076,1909f56bfc062723c751e8b465ee728b)  -> (artifact id: '3afa0449cea47ad4d0ee6266403a5460') in 0.068142 seconds 
Number of asset objects unloaded after import = 40
========================================================================
Received Import Request.
  Time since last request: 35.343166 seconds.
  path: Assets/Level1/antique-wooden-milk-crates/textures
  artifactKey: Guid(0cef0ac1cedb9c0468e8f836291f3763) Importer(815301076,1909f56bfc062723c751e8b465ee728b)
Number of updated assets reloaded before import = 0
Start importing Assets/Level1/antique-wooden-milk-crates/textures using Guid(0cef0ac1cedb9c0468e8f836291f3763) Importer(815301076,1909f56bfc062723c751e8b465ee728b)  -> (artifact id: '5b376d23966321109961702391b92c16') in 0.002624 seconds 
Number of asset objects unloaded after import = 0
========================================================================
Received Import Request.
  Time since last request: 0.035085 seconds.
  path: Assets/Level1/antique-wooden-milk-crates/textures/MilkCratePaintReady_initialShadingGroup_Ba.png
  artifactKey: Guid(20493167bc722b34eb442faaebf8d94d) Importer(815301076,1909f56bfc062723c751e8b465ee728b)
Number of updated assets reloaded before import = 0
Start importing Assets/Level1/antique-wooden-milk-crates/textures/MilkCratePaintReady_initialShadingGroup_Ba.png using Guid(20493167bc722b34eb442faaebf8d94d) Importer(815301076,1909f56bfc062723c751e8b465ee728b)  -> (artifact id: 'ef4e03b712194a4a7535f54dac2c71b3') in 0.029649 seconds 
Number of asset objects unloaded after import = 2
========================================================================
Received Import Request.
  Time since last request: 0.000020 seconds.
  path: Assets/Level1/antique-wooden-milk-crates/textures/MilkCratePaintReady_initialShadingGroup_No.png
  artifactKey: Guid(d7b9fa313c1544c499677f6c1b818184) Importer(815301076,1909f56bfc062723c751e8b465ee728b)
Number of updated assets reloaded before import = 0
Start importing Assets/Level1/antique-wooden-milk-crates/textures/MilkCratePaintReady_initialShadingGroup_No.png using Guid(d7b9fa313c1544c499677f6c1b818184) Importer(815301076,1909f56bfc062723c751e8b465ee728b)  -> (artifact id: '30350ec9cf9231b7c4ac067eeab6fc08') in 0.026198 seconds 
Number of asset objects unloaded after import = 2
========================================================================
Received Import Request.
  Time since last request: 19.124760 seconds.
  path: Assets/Level1/Prefabs/MilkCratesSketchfab.prefab
  artifactKey: Guid(95066fe9db41dfc4eb56e5d8d0273390) Importer(815301076,1909f56bfc062723c751e8b465ee728b)
Number of updated assets reloaded before import = 0
Start importing Assets/Level1/Prefabs/MilkCratesSketchfab.prefab using Guid(95066fe9db41dfc4eb56e5d8d0273390) Importer(815301076,1909f56bfc062723c751e8b465ee728b)  -> (artifact id: '47f69e1517423278e5e6be4cefdca67b') in 0.027082 seconds 
Number of asset objects unloaded after import = 73
========================================================================
Received Import Request.
  Time since last request: 193.680899 seconds.
  path: Assets/Level1/simple-wooden-crate
  artifactKey: Guid(c8dbdc2f048fc7f48a611722a22e35ce) Importer(815301076,1909f56bfc062723c751e8b465ee728b)
Number of updated assets reloaded before import = 0
Start importing Assets/Level1/simple-wooden-crate using Guid(c8dbdc2f048fc7f48a611722a22e35ce) Importer(815301076,1909f56bfc062723c751e8b465ee728b)  -> (artifact id: '2919df5ad292bcdc74fa0f3001d38fe9') in 0.024618 seconds 
Number of asset objects unloaded after import = 0
========================================================================
Received Import Request.
  Time since last request: 1.058149 seconds.
  path: Assets/Level1/simple-wooden-crate/source
  artifactKey: Guid(234cb3bb22365b149be97af5aa491609) Importer(815301076,1909f56bfc062723c751e8b465ee728b)
Number of updated assets reloaded before import = 0
Start importing Assets/Level1/simple-wooden-crate/source using Guid(234cb3bb22365b149be97af5aa491609) Importer(815301076,1909f56bfc062723c751e8b465ee728b)  -> (artifact id: 'acc4fd82add09a9dc9376a95880d87fa') in 0.005778 seconds 
Number of asset objects unloaded after import = 0
========================================================================
Received Import Request.
  Time since last request: 1.371592 seconds.
  path: Assets/Level1/simple-wooden-crate/source/Crate.rar
  artifactKey: Guid(517b68d671d42fa46b338c2524eb7d1e) Importer(815301076,1909f56bfc062723c751e8b465ee728b)
Number of updated assets reloaded before import = 0
Start importing Assets/Level1/simple-wooden-crate/source/Crate.rar using Guid(517b68d671d42fa46b338c2524eb7d1e) Importer(815301076,1909f56bfc062723c751e8b465ee728b)  -> (artifact id: '1630173ee3083d0a7332639012859568') in 0.015871 seconds 
Number of asset objects unloaded after import = 1
========================================================================
Received Import Request.
  Time since last request: 103.151009 seconds.
  path: Assets/Level1/modular-osbwood-shipping-crates-2k
  artifactKey: Guid(1b932d53c9dd0df458f1296421b55229) Importer(815301076,1909f56bfc062723c751e8b465ee728b)
Number of updated assets reloaded before import = 0
Start importing Assets/Level1/modular-osbwood-shipping-crates-2k using Guid(1b932d53c9dd0df458f1296421b55229) Importer(815301076,1909f56bfc062723c751e8b465ee728b)  -> (artifact id: '2373aa89cd568b4faf69a01244c6c33d') in 0.021313 seconds 
Number of asset objects unloaded after import = 0
========================================================================
Received Import Request.
  Time since last request: 22.410120 seconds.
  path: Assets/Level1/simple-wooden-crate/source/Crate
  artifactKey: Guid(0b6720e6d10352746970b3f76c32e36c) Importer(815301076,1909f56bfc062723c751e8b465ee728b)
Number of updated assets reloaded before import = 0
Start importing Assets/Level1/simple-wooden-crate/source/Crate using Guid(0b6720e6d10352746970b3f76c32e36c) Importer(815301076,1909f56bfc062723c751e8b465ee728b)  -> (artifact id: 'c680ea7092d4235c705f1f8ce065fe11') in 0.005830 seconds 
Number of asset objects unloaded after import = 0
========================================================================
Received Import Request.
  Time since last request: 0.909522 seconds.
  path: Assets/Level1/simple-wooden-crate/source/Crate/Source
  artifactKey: Guid(14a15ac6beeaad144929c6ed0b31e1ad) Importer(815301076,1909f56bfc062723c751e8b465ee728b)
Number of updated assets reloaded before import = 0
Start importing Assets/Level1/simple-wooden-crate/source/Crate/Source using Guid(14a15ac6beeaad144929c6ed0b31e1ad) Importer(815301076,1909f56bfc062723c751e8b465ee728b)  -> (artifact id: 'cc0b5feb9902e50e3498899961c9a7dc') in 0.026279 seconds 
Number of asset objects unloaded after import = 0
========================================================================
Received Import Request.
  Time since last request: 0.045120 seconds.
  path: Assets/Level1/simple-wooden-crate/source/Crate/Source/Crate_Final.fbx
  artifactKey: Guid(674e9479da1965e4b9a7666677e39006) Importer(815301076,1909f56bfc062723c751e8b465ee728b)
Number of updated assets reloaded before import = 0
Start importing Assets/Level1/simple-wooden-crate/source/Crate/Source/Crate_Final.fbx using Guid(674e9479da1965e4b9a7666677e39006) Importer(815301076,1909f56bfc062723c751e8b465ee728b)  -> (artifact id: '9e66b7024c794ad13c14d47b1056aa1c') in 0.064448 seconds 
Number of asset objects unloaded after import = 27
========================================================================
Received Import Request.
  Time since last request: 12.830626 seconds.
  path: Assets/Level1/modular-osbwood-shipping-crates-2k/source
  artifactKey: Guid(40f6ec5fdf04c06418f5598499fc84d6) Importer(815301076,1909f56bfc062723c751e8b465ee728b)
Number of updated assets reloaded before import = 0
Start importing Assets/Level1/modular-osbwood-shipping-crates-2k/source using Guid(40f6ec5fdf04c06418f5598499fc84d6) Importer(815301076,1909f56bfc062723c751e8b465ee728b)  -> (artifact id: '2de6373f37683bef2c395e1aa81f0aea') in 0.003723 seconds 
Number of asset objects unloaded after import = 0
========================================================================
Received Import Request.
  Time since last request: 0.744421 seconds.
  path: Assets/Level1/modular-osbwood-shipping-crates-2k/source/Crates
  artifactKey: Guid(e935df12623684246a9eb857675e6059) Importer(815301076,1909f56bfc062723c751e8b465ee728b)
Number of updated assets reloaded before import = 0
Start importing Assets/Level1/modular-osbwood-shipping-crates-2k/source/Crates using Guid(e935df12623684246a9eb857675e6059) Importer(815301076,1909f56bfc062723c751e8b465ee728b)  -> (artifact id: '3c7443dff328b99829070df21a7f98d3') in 0.018863 seconds 
Number of asset objects unloaded after import = 0
========================================================================
Received Import Request.
  Time since last request: 0.050657 seconds.
  path: Assets/Level1/modular-osbwood-shipping-crates-2k/source/Crates/Crates.fbx
  artifactKey: Guid(888db31bc640a7c4aaf0d15a49a2608d) Importer(815301076,1909f56bfc062723c751e8b465ee728b)
Number of updated assets reloaded before import = 0
Start importing Assets/Level1/modular-osbwood-shipping-crates-2k/source/Crates/Crates.fbx using Guid(888db31bc640a7c4aaf0d15a49a2608d) Importer(815301076,1909f56bfc062723c751e8b465ee728b)  -> (artifact id: '514d6c381cc5814b62bcf0690af49801') in 0.326406 seconds 
Number of asset objects unloaded after import = 147
========================================================================
Received Import Request.
  Time since last request: 54.449309 seconds.
  path: Assets/Level1/Prefabs/Crate_Final.prefab
  artifactKey: Guid(19d964dcf239e5d4793c6ab28fe9f431) Importer(815301076,1909f56bfc062723c751e8b465ee728b)
Number of updated assets reloaded before import = 0
Start importing Assets/Level1/Prefabs/Crate_Final.prefab using Guid(19d964dcf239e5d4793c6ab28fe9f431) Importer(815301076,1909f56bfc062723c751e8b465ee728b)  -> (artifact id: '440c3fd17d1e3a50694590f50a0cf7f9') in 0.038502 seconds 
Number of asset objects unloaded after import = 47
========================================================================
Received Import Request.
  Time since last request: 273.025469 seconds.
  path: Assets/Level1/Prefabs/Crate2.prefab
  artifactKey: Guid(213049dd5434eb14f9b1a7341ffb342c) Importer(815301076,1909f56bfc062723c751e8b465ee728b)
Number of updated assets reloaded before import = 0
Start importing Assets/Level1/Prefabs/Crate2.prefab using Guid(213049dd5434eb14f9b1a7341ffb342c) Importer(815301076,1909f56bfc062723c751e8b465ee728b)  -> (artifact id: '625c1804edb6897af5a0318431185fcc') in 0.047613 seconds 
Number of asset objects unloaded after import = 48
========================================================================
Received Import Request.
  Time since last request: 0.000039 seconds.
  path: Assets/Level1/Prefabs/Crate_Final.prefab
  artifactKey: Guid(19d964dcf239e5d4793c6ab28fe9f431) Importer(815301076,1909f56bfc062723c751e8b465ee728b)
Number of updated assets reloaded before import = 0
Start importing Assets/Level1/Prefabs/Crate_Final.prefab using Guid(19d964dcf239e5d4793c6ab28fe9f431) Importer(815301076,1909f56bfc062723c751e8b465ee728b)  -> (artifact id: 'bbbaf326f40bc5b55c510fe88138b5a6') in 0.013334 seconds 
Number of asset objects unloaded after import = 47
========================================================================
Received Import Request.
  Time since last request: 0.000030 seconds.
  path: Assets/Level1/Prefabs/SciFiCrate_1.prefab
  artifactKey: Guid(7fa62a12580ce504387290a24b62a4d2) Importer(815301076,1909f56bfc062723c751e8b465ee728b)
Number of updated assets reloaded before import = 0
Start importing Assets/Level1/Prefabs/SciFiCrate_1.prefab using Guid(7fa62a12580ce504387290a24b62a4d2) Importer(815301076,1909f56bfc062723c751e8b465ee728b)  -> (artifact id: '400a7631918ba8ab047a3b24a44c66da') in 0.029790 seconds 
Number of asset objects unloaded after import = 16
========================================================================
Received Import Request.
  Time since last request: 31.425399 seconds.
  path: Assets/Level1/Prefabs/Crate2.prefab
  artifactKey: Guid(213049dd5434eb14f9b1a7341ffb342c) Importer(815301076,1909f56bfc062723c751e8b465ee728b)
Number of updated assets reloaded before import = 0
Start importing Assets/Level1/Prefabs/Crate2.prefab using Guid(213049dd5434eb14f9b1a7341ffb342c) Importer(815301076,1909f56bfc062723c751e8b465ee728b)  -> (artifact id: '67ea928d4d6303d8f1ca8464fa51953c') in 0.039939 seconds 
Number of asset objects unloaded after import = 48
========================================================================
Received Import Request.
  Time since last request: 0.000024 seconds.
  path: Assets/Level1/Prefabs/Scifi Crate_Pile.prefab
  artifactKey: Guid(b047a15b6547dae4694ed792209f8d9c) Importer(815301076,1909f56bfc062723c751e8b465ee728b)
Number of updated assets reloaded before import = 0
Start importing Assets/Level1/Prefabs/Scifi Crate_Pile.prefab using Guid(b047a15b6547dae4694ed792209f8d9c) Importer(815301076,1909f56bfc062723c751e8b465ee728b)  -> (artifact id: '222293d818920806c457309b3edcda4a') in 0.022904 seconds 
Number of asset objects unloaded after import = 36
========================================================================
Received Prepare
Registering precompiled user dll's ...
Registered in 0.002963 seconds.
Begin MonoManager ReloadAssembly
Native extension for WindowsStandalone target not found
Refreshing native plugins compatible for Editor in 0.61 ms, found 3 plugins.
Preloading 0 native plugins for Editor in 0.00 ms.
[Package Manager] Server::EnsureServerProcessIsRunning -- launch failed, reason: Unity was launched with the -noUpm command-line argument
[Package Manager] Cannot connect to Unity Package Manager local server
Mono: successfully reloaded assembly
- Completed reload, in  1.145 seconds
Domain Reload Profiling:
	ReloadAssembly (1145ms)
		BeginReloadAssembly (126ms)
			ExecutionOrderSort (0ms)
			DisableScriptedObjects (3ms)
			BackupInstance (0ms)
			ReleaseScriptingObjects (0ms)
			CreateAndSetChildDomain (35ms)
		EndReloadAssembly (949ms)
			LoadAssemblies (79ms)
			RebuildTransferFunctionScriptingTraits (0ms)
			SetupTypeCache (193ms)
			ReleaseScriptCaches (1ms)
			RebuildScriptCaches (31ms)
			SetupLoadedEditorAssemblies (638ms)
				LogAssemblyErrors (0ms)
				InitializePlatformSupportModulesInManaged (4ms)
				SetLoadedEditorAssemblies (0ms)
				RefreshPlugins (1ms)
				BeforeProcessingInitializeOnLoad (45ms)
				ProcessInitializeOnLoadAttributes (568ms)
				ProcessInitializeOnLoadMethodAttributes (16ms)
				AfterProcessingInitializeOnLoad (4ms)
				EditorAssembliesLoaded (0ms)
			ExecutionOrderSort2 (0ms)
			AwakeInstancesAfterBackupRestoration (5ms)
Platform modules already initialized, skipping
Refreshing native plugins compatible for Editor in 0.61 ms, found 3 plugins.
Preloading 0 native plugins for Editor in 0.00 ms.
Unloading 3430 Unused Serialized files (Serialized files now loaded: 0)
Unloading 20 unused Assets / (67.1 KB). Loaded Objects now: 3996.
Memory consumption went from 142.5 MB to 142.5 MB.
Total: 2.413100 ms (FindLiveObjects: 0.217400 ms CreateObjectMapping: 0.053200 ms MarkObjects: 2.055100 ms  DeleteObjects: 0.086400 ms)

AssetImportParameters requested are different than current active one (requested -> active):
  custom:video-decoder-ogg-theora: a1e56fd34408186e4bbccfd4996cb3dc -> 
  custom:container-muxer-webm: aa71ff27fc2769a1b78a27578f13a17b -> 
  custom:container-demuxer-webm: 4f35f7cbe854078d1ac9338744f61a02 -> 
  custom:video-encoder-webm-vp8: eb34c28f22e8b96e1ab97ce403110664 -> 
  custom:video-codec-MediaFoundation-h265: 746d11721c4dcdbdad8f713fa42b33f4 -> 
  custom:CustomObjectIndexerAttribute: bc11b3a6c3213fcdd17b65e7da85e133 -> 
  custom:audio-encoder-webm-vorbis: bf7c407c2cedff20999df2af8eb42d56 -> 
  custom:framework-win-MediaFoundation: 216162199b28c13a410421893ffa2e32 -> 
  custom:SearchIndexIgnoredProperties: e643bd26f0fe6173181afceb89e7c659 -> 
  custom:container-demuxer-ogg: 62fdf1f143b41e24485cea50d1cbac27 -> 
  custom:video-decoder-webm-vp8: 9c59270c3fd7afecdb556c50c9e8de78 -> 
  custom:audio-decoder-ogg-vorbis: bf7c407c2cedff20999df2af8eb42d56 -> 
========================================================================
Received Prepare
Registering precompiled user dll's ...
Registered in 0.006337 seconds.
Begin MonoManager ReloadAssembly
Native extension for WindowsStandalone target not found
Refreshing native plugins compatible for Editor in 0.61 ms, found 3 plugins.
Preloading 0 native plugins for Editor in 0.00 ms.
[Package Manager] Server::EnsureServerProcessIsRunning -- launch failed, reason: Unity was launched with the -noUpm command-line argument
[Package Manager] Cannot connect to Unity Package Manager local server
Mono: successfully reloaded assembly
- Completed reload, in  1.254 seconds
Domain Reload Profiling:
	ReloadAssembly (1254ms)
		BeginReloadAssembly (163ms)
			ExecutionOrderSort (0ms)
			DisableScriptedObjects (3ms)
			BackupInstance (0ms)
			ReleaseScriptingObjects (0ms)
			CreateAndSetChildDomain (31ms)
		EndReloadAssembly (984ms)
			LoadAssemblies (115ms)
			RebuildTransferFunctionScriptingTraits (0ms)
			SetupTypeCache (215ms)
			ReleaseScriptCaches (2ms)
			RebuildScriptCaches (36ms)
			SetupLoadedEditorAssemblies (645ms)
				LogAssemblyErrors (0ms)
				InitializePlatformSupportModulesInManaged (4ms)
				SetLoadedEditorAssemblies (0ms)
				RefreshPlugins (1ms)
				BeforeProcessingInitializeOnLoad (45ms)
				ProcessInitializeOnLoadAttributes (573ms)
				ProcessInitializeOnLoadMethodAttributes (17ms)
				AfterProcessingInitializeOnLoad (4ms)
				EditorAssembliesLoaded (0ms)
			ExecutionOrderSort2 (0ms)
			AwakeInstancesAfterBackupRestoration (5ms)
Platform modules already initialized, skipping
Refreshing native plugins compatible for Editor in 0.56 ms, found 3 plugins.
Preloading 0 native plugins for Editor in 0.00 ms.
Unloading 3430 Unused Serialized files (Serialized files now loaded: 0)
Unloading 20 unused Assets / (59.3 KB). Loaded Objects now: 3999.
Memory consumption went from 142.5 MB to 142.5 MB.
Total: 2.258500 ms (FindLiveObjects: 0.237600 ms CreateObjectMapping: 0.072100 ms MarkObjects: 1.880700 ms  DeleteObjects: 0.067000 ms)

AssetImportParameters requested are different than current active one (requested -> active):
  custom:video-decoder-ogg-theora: a1e56fd34408186e4bbccfd4996cb3dc -> 
  custom:container-muxer-webm: aa71ff27fc2769a1b78a27578f13a17b -> 
  custom:container-demuxer-webm: 4f35f7cbe854078d1ac9338744f61a02 -> 
  custom:video-encoder-webm-vp8: eb34c28f22e8b96e1ab97ce403110664 -> 
  custom:video-codec-MediaFoundation-h265: 746d11721c4dcdbdad8f713fa42b33f4 -> 
  custom:CustomObjectIndexerAttribute: bc11b3a6c3213fcdd17b65e7da85e133 -> 
  custom:audio-encoder-webm-vorbis: bf7c407c2cedff20999df2af8eb42d56 -> 
  custom:framework-win-MediaFoundation: 216162199b28c13a410421893ffa2e32 -> 
  custom:SearchIndexIgnoredProperties: e643bd26f0fe6173181afceb89e7c659 -> 
  custom:container-demuxer-ogg: 62fdf1f143b41e24485cea50d1cbac27 -> 
  custom:video-decoder-webm-vp8: 9c59270c3fd7afecdb556c50c9e8de78 -> 
  custom:audio-decoder-ogg-vorbis: bf7c407c2cedff20999df2af8eb42d56 -> 
Editor requested this worker to shutdown with reason: Scaling down because of idle timeout
AssetImportWorkerClient::OnTransportError - code=2 error=End of file
AssetImportWorker is now disconnected from the server
Process exiting
Exiting without the bug reporter. Application will terminate with return code 0