Using pre-set license
Built from '2021.3/staging' branch; Version is '2021.3.39f1 (fb3b7b32f191) revision 16464763'; Using compiler version '192829333'; Build Type 'Release'
OS: 'Windows 11  (10.0.26100) 64bit Professional' Language: 'en' Physical Memory: 32306 MB
BatchMode: 1, IsHumanControllingUs: 0, StartBugReporterOnCrash: 0, Is64bit: 1, IsPro: 1

COMMAND LINE ARGUMENTS:
C:\Program Files\Unity\Hub\Editor\2021.3.39f1\Editor\Unity.exe
-adb2
-batchMode
-noUpm
-name
AssetImportWorker3
-projectPath
C:/Users/mario/source/repos/GameDev/OperationExoQuest/OperationExoQuest
-logFile
Logs/AssetImportWorker3.log
-srvPort
59573
Successfully changed project path to: C:/Users/mario/source/repos/GameDev/OperationExoQuest/OperationExoQuest
C:/Users/mario/source/repos/GameDev/OperationExoQuest/OperationExoQuest
[UnityMemory] Configuration Parameters - Can be set up in boot.config
    "memorysetup-bucket-allocator-granularity=16"
    "memorysetup-bucket-allocator-bucket-count=8"
    "memorysetup-bucket-allocator-block-size=33554432"
    "memorysetup-bucket-allocator-block-count=8"
    "memorysetup-main-allocator-block-size=16777216"
    "memorysetup-thread-allocator-block-size=16777216"
    "memorysetup-gfx-main-allocator-block-size=16777216"
    "memorysetup-gfx-thread-allocator-block-size=16777216"
    "memorysetup-cache-allocator-block-size=4194304"
    "memorysetup-typetree-allocator-block-size=2097152"
    "memorysetup-profiler-bucket-allocator-granularity=16"
    "memorysetup-profiler-bucket-allocator-bucket-count=8"
    "memorysetup-profiler-bucket-allocator-block-size=33554432"
    "memorysetup-profiler-bucket-allocator-block-count=8"
    "memorysetup-profiler-allocator-block-size=16777216"
    "memorysetup-profiler-editor-allocator-block-size=1048576"
    "memorysetup-temp-allocator-size-main=16777216"
    "memorysetup-job-temp-allocator-block-size=2097152"
    "memorysetup-job-temp-allocator-block-size-background=1048576"
    "memorysetup-job-temp-allocator-reduction-small-platforms=262144"
    "memorysetup-temp-allocator-size-background-worker=32768"
    "memorysetup-temp-allocator-size-job-worker=262144"
    "memorysetup-temp-allocator-size-preload-manager=33554432"
    "memorysetup-temp-allocator-size-nav-mesh-worker=65536"
    "memorysetup-temp-allocator-size-audio-worker=65536"
    "memorysetup-temp-allocator-size-cloud-worker=32768"
    "memorysetup-temp-allocator-size-gi-baking-worker=262144"
    "memorysetup-temp-allocator-size-gfx=262144"
Player connection [46976] Host "[IP] 192.168.100.110 [Port] 0 [Flags] 2 [Guid] 2853464544 [EditorId] 2853464544 [Version] 1048832 [Id] WindowsEditor(7,DESKTOP-QHJK815) [Debug] 1 [PackageName] WindowsEditor [ProjectName] Editor" joined multi-casting on [225.0.0.222:54997]...

Player connection [46976] Host "[IP] 192.168.100.110 [Port] 0 [Flags] 2 [Guid] 2853464544 [EditorId] 2853464544 [Version] 1048832 [Id] WindowsEditor(7,DESKTOP-QHJK815) [Debug] 1 [PackageName] WindowsEditor [ProjectName] Editor" joined alternative multi-casting on [225.0.0.222:34997]...

[Physics::Module] Initialized MultithreadedJobDispatcher with {0} workers.
Refreshing native plugins compatible for Editor in 67.40 ms, found 3 plugins.
Preloading 0 native plugins for Editor in 0.00 ms.
Initialize engine version: 2021.3.39f1 (fb3b7b32f191)
[Subsystems] Discovering subsystems at path C:/Program Files/Unity/Hub/Editor/2021.3.39f1/Editor/Data/Resources/UnitySubsystems
[Subsystems] Discovering subsystems at path C:/Users/mario/source/repos/GameDev/OperationExoQuest/OperationExoQuest/Assets
GfxDevice: creating device client; threaded=0; jobified=0
Direct3D:
    Version:  Direct3D 11.0 [level 11.1]
    Renderer: Intel(R) Arc(TM) Graphics (ID=0x7d55)
    Vendor:   Intel
    VRAM:     18414 MB
    Driver:   32.0.101.6129
Initialize mono
Mono path[0] = 'C:/Program Files/Unity/Hub/Editor/2021.3.39f1/Editor/Data/Managed'
Mono path[1] = 'C:/Program Files/Unity/Hub/Editor/2021.3.39f1/Editor/Data/MonoBleedingEdge/lib/mono/unityjit-win32'
Mono config path = 'C:/Program Files/Unity/Hub/Editor/2021.3.39f1/Editor/Data/MonoBleedingEdge/etc'
Using monoOptions --debugger-agent=transport=dt_socket,embedding=1,server=y,suspend=n,address=127.0.0.1:56972
Begin MonoManager ReloadAssembly
Registering precompiled unity dll's ...
Register platform support module: C:/Program Files/Unity/Hub/Editor/2021.3.39f1/Editor/Data/PlaybackEngines/WindowsStandaloneSupport/UnityEditor.WindowsStandalone.Extensions.dll
Registered in 0.003387 seconds.
Native extension for WindowsStandalone target not found
Refreshing native plugins compatible for Editor in 51.31 ms, found 3 plugins.
Preloading 0 native plugins for Editor in 0.00 ms.
Mono: successfully reloaded assembly
- Completed reload, in  0.511 seconds
Domain Reload Profiling:
	ReloadAssembly (511ms)
		BeginReloadAssembly (99ms)
			ExecutionOrderSort (0ms)
			DisableScriptedObjects (0ms)
			BackupInstance (0ms)
			ReleaseScriptingObjects (0ms)
			CreateAndSetChildDomain (1ms)
		EndReloadAssembly (341ms)
			LoadAssemblies (97ms)
			RebuildTransferFunctionScriptingTraits (0ms)
			SetupTypeCache (82ms)
			ReleaseScriptCaches (0ms)
			RebuildScriptCaches (23ms)
			SetupLoadedEditorAssemblies (206ms)
				LogAssemblyErrors (0ms)
				InitializePlatformSupportModulesInManaged (6ms)
				SetLoadedEditorAssemblies (0ms)
				RefreshPlugins (51ms)
				BeforeProcessingInitializeOnLoad (1ms)
				ProcessInitializeOnLoadAttributes (104ms)
				ProcessInitializeOnLoadMethodAttributes (43ms)
				AfterProcessingInitializeOnLoad (0ms)
				EditorAssembliesLoaded (0ms)
			ExecutionOrderSort2 (0ms)
			AwakeInstancesAfterBackupRestoration (0ms)
Platform modules already initialized, skipping
Registering precompiled user dll's ...
Registered in 0.003375 seconds.
Begin MonoManager ReloadAssembly
Native extension for WindowsStandalone target not found
Refreshing native plugins compatible for Editor in 0.56 ms, found 3 plugins.
Preloading 0 native plugins for Editor in 0.00 ms.
Package Manager log level set to [2]
[Package Manager] Server::EnsureServerProcessIsRunning -- launch failed, reason: Unity was launched with the -noUpm command-line argument
[Package Manager] Cannot connect to Unity Package Manager local server
Mono: successfully reloaded assembly
- Completed reload, in  1.193 seconds
Domain Reload Profiling:
	ReloadAssembly (1194ms)
		BeginReloadAssembly (100ms)
			ExecutionOrderSort (0ms)
			DisableScriptedObjects (4ms)
			BackupInstance (0ms)
			ReleaseScriptingObjects (0ms)
			CreateAndSetChildDomain (15ms)
		EndReloadAssembly (1015ms)
			LoadAssemblies (77ms)
			RebuildTransferFunctionScriptingTraits (0ms)
			SetupTypeCache (197ms)
			ReleaseScriptCaches (0ms)
			RebuildScriptCaches (40ms)
			SetupLoadedEditorAssemblies (683ms)
				LogAssemblyErrors (0ms)
				InitializePlatformSupportModulesInManaged (4ms)
				SetLoadedEditorAssemblies (0ms)
				RefreshPlugins (1ms)
				BeforeProcessingInitializeOnLoad (58ms)
				ProcessInitializeOnLoadAttributes (599ms)
				ProcessInitializeOnLoadMethodAttributes (17ms)
				AfterProcessingInitializeOnLoad (5ms)
				EditorAssembliesLoaded (0ms)
			ExecutionOrderSort2 (0ms)
			AwakeInstancesAfterBackupRestoration (5ms)
Platform modules already initialized, skipping
========================================================================
Worker process is ready to serve import requests
Launched and connected shader compiler UnityShaderCompiler.exe after 0.03 seconds
Refreshing native plugins compatible for Editor in 0.55 ms, found 3 plugins.
Preloading 0 native plugins for Editor in 0.00 ms.
Unloading 3457 Unused Serialized files (Serialized files now loaded: 0)
Unloading 25 unused Assets / (93.2 KB). Loaded Objects now: 3928.
Memory consumption went from 124.6 MB to 124.5 MB.
Total: 2.667600 ms (FindLiveObjects: 0.287900 ms CreateObjectMapping: 0.094500 ms MarkObjects: 2.178700 ms  DeleteObjects: 0.105400 ms)

AssetImportParameters requested are different than current active one (requested -> active):
  custom:video-decoder-ogg-theora: a1e56fd34408186e4bbccfd4996cb3dc -> 
  custom:container-muxer-webm: aa71ff27fc2769a1b78a27578f13a17b -> 
  custom:container-demuxer-webm: 4f35f7cbe854078d1ac9338744f61a02 -> 
  custom:video-encoder-webm-vp8: eb34c28f22e8b96e1ab97ce403110664 -> 
  custom:video-codec-MediaFoundation-h265: 746d11721c4dcdbdad8f713fa42b33f4 -> 
  custom:CustomObjectIndexerAttribute: bc11b3a6c3213fcdd17b65e7da85e133 -> 
  custom:audio-encoder-webm-vorbis: bf7c407c2cedff20999df2af8eb42d56 -> 
  custom:framework-win-MediaFoundation: 216162199b28c13a410421893ffa2e32 -> 
  custom:SearchIndexIgnoredProperties: e643bd26f0fe6173181afceb89e7c659 -> 
  custom:container-demuxer-ogg: 62fdf1f143b41e24485cea50d1cbac27 -> 
  custom:video-decoder-webm-vp8: 9c59270c3fd7afecdb556c50c9e8de78 -> 
  custom:audio-decoder-ogg-vorbis: bf7c407c2cedff20999df2af8eb42d56 -> 
========================================================================
Received Import Request.
  Time since last request: 22240.313055 seconds.
  path: Assets/Level2/Gas_station_Props/6twelve_Sign.png
  artifactKey: Guid(ce29a3e921bbd0e4bac872c28bc62991) Importer(815301076,1909f56bfc062723c751e8b465ee728b)
Number of updated assets reloaded before import = 0
Start importing Assets/Level2/Gas_station_Props/6twelve_Sign.png using Guid(ce29a3e921bbd0e4bac872c28bc62991) Importer(815301076,1909f56bfc062723c751e8b465ee728b)  -> (artifact id: '66d4a5be4f69617722d0e85a153b709e') in 0.100146 seconds 
Number of asset objects unloaded after import = 2
========================================================================
Received Import Request.
  Time since last request: 0.000028 seconds.
  path: Assets/Level2/Gas_station_Props/ICE.png
  artifactKey: Guid(4a56592d7ee2ca14bb5895ec95bd5cf9) Importer(815301076,1909f56bfc062723c751e8b465ee728b)
Number of updated assets reloaded before import = 0
Start importing Assets/Level2/Gas_station_Props/ICE.png using Guid(4a56592d7ee2ca14bb5895ec95bd5cf9) Importer(815301076,1909f56bfc062723c751e8b465ee728b)  -> (artifact id: 'b617c2e7f79ef2dbe21a5b56be3f4a18') in 0.013145 seconds 
Number of asset objects unloaded after import = 2
========================================================================
Received Import Request.
  Time since last request: 0.000036 seconds.
  path: Assets/Level2/Gas_station_Props/Metal_01.jpg
  artifactKey: Guid(6175bd3f65c39b74cb52631fd1d01653) Importer(815301076,1909f56bfc062723c751e8b465ee728b)
Number of updated assets reloaded before import = 0
Start importing Assets/Level2/Gas_station_Props/Metal_01.jpg using Guid(6175bd3f65c39b74cb52631fd1d01653) Importer(815301076,1909f56bfc062723c751e8b465ee728b)  -> (artifact id: 'c3a02d686b3dc46f59ecae1c7a5e7b43') in 0.025651 seconds 
Number of asset objects unloaded after import = 2
========================================================================
Received Import Request.
  Time since last request: 0.000028 seconds.
  path: Assets/Level2/Gas_station_Props/Management.png
  artifactKey: Guid(214fd3cda27cd474388e3fd64ac33656) Importer(815301076,1909f56bfc062723c751e8b465ee728b)
Number of updated assets reloaded before import = 0
Start importing Assets/Level2/Gas_station_Props/Management.png using Guid(214fd3cda27cd474388e3fd64ac33656) Importer(815301076,1909f56bfc062723c751e8b465ee728b)  -> (artifact id: 'd9fa902c159fa5b52035dd3dff45715b') in 0.024734 seconds 
Number of asset objects unloaded after import = 2
========================================================================
Received Import Request.
  Time since last request: 0.000036 seconds.
  path: Assets/Level2/Gas_station_Props/Concrete.jpg
  artifactKey: Guid(3e3d776ab69859d44ae0b9ef7ef9fe13) Importer(815301076,1909f56bfc062723c751e8b465ee728b)
Number of updated assets reloaded before import = 0
Start importing Assets/Level2/Gas_station_Props/Concrete.jpg using Guid(3e3d776ab69859d44ae0b9ef7ef9fe13) Importer(815301076,1909f56bfc062723c751e8b465ee728b)  -> (artifact id: '417debe106fd1fd7c3bbeee149ff557d') in 0.020778 seconds 
Number of asset objects unloaded after import = 2
========================================================================
Received Import Request.
  Time since last request: 0.000030 seconds.
  path: Assets/Level2/Gas_station_Props/Fuel_pump.png
  artifactKey: Guid(9d06b89d313dd2547b42da7f64b1bf88) Importer(815301076,1909f56bfc062723c751e8b465ee728b)
Number of updated assets reloaded before import = 0
Start importing Assets/Level2/Gas_station_Props/Fuel_pump.png using Guid(9d06b89d313dd2547b42da7f64b1bf88) Importer(815301076,1909f56bfc062723c751e8b465ee728b)  -> (artifact id: '26bacfa32369213db6abcdb85e78f328') in 0.026960 seconds 
Number of asset objects unloaded after import = 2
========================================================================
Received Import Request.
  Time since last request: 0.000026 seconds.
  path: Assets/Level2/Gas_station_Props/Fridge.png
  artifactKey: Guid(2f9d952be3dd4d942a45bd649ef09f9f) Importer(815301076,1909f56bfc062723c751e8b465ee728b)
Number of updated assets reloaded before import = 0
Start importing Assets/Level2/Gas_station_Props/Fridge.png using Guid(2f9d952be3dd4d942a45bd649ef09f9f) Importer(815301076,1909f56bfc062723c751e8b465ee728b)  -> (artifact id: 'ee24b14d92b93b16080193666c65628f') in 0.022558 seconds 
Number of asset objects unloaded after import = 2
========================================================================
Received Import Request.
  Time since last request: 0.000031 seconds.
  path: Assets/Level2/Gas_station_Props/Carpet_01.jpg
  artifactKey: Guid(444481b4587f1e64b8734e6ce937a90b) Importer(815301076,1909f56bfc062723c751e8b465ee728b)
Number of updated assets reloaded before import = 0
Start importing Assets/Level2/Gas_station_Props/Carpet_01.jpg using Guid(444481b4587f1e64b8734e6ce937a90b) Importer(815301076,1909f56bfc062723c751e8b465ee728b)  -> (artifact id: '29ed748179494bd20cb7e695e197cc38') in 0.024049 seconds 
Number of asset objects unloaded after import = 2
========================================================================
Received Import Request.
  Time since last request: 0.000020 seconds.
  path: Assets/Level2/Gas_station_Props/ice_slush_machine.png
  artifactKey: Guid(1cd6ca36c034800418cfa07110c1473c) Importer(815301076,1909f56bfc062723c751e8b465ee728b)
Number of updated assets reloaded before import = 0
Start importing Assets/Level2/Gas_station_Props/ice_slush_machine.png using Guid(1cd6ca36c034800418cfa07110c1473c) Importer(815301076,1909f56bfc062723c751e8b465ee728b)  -> (artifact id: '5638a8a25d48b892c896b8885279f5df') in 0.024522 seconds 
Number of asset objects unloaded after import = 2
========================================================================
Received Import Request.
  Time since last request: 0.000035 seconds.
  path: Assets/Level2/Gas_station_Props/Bathrooms.png
  artifactKey: Guid(1f3d7bfb02ee7ce4895aa5ef340652ef) Importer(815301076,1909f56bfc062723c751e8b465ee728b)
Number of updated assets reloaded before import = 0
Start importing Assets/Level2/Gas_station_Props/Bathrooms.png using Guid(1f3d7bfb02ee7ce4895aa5ef340652ef) Importer(815301076,1909f56bfc062723c751e8b465ee728b)  -> (artifact id: '3e02f945e8ab33b727fdd55aea42d170') in 0.024716 seconds 
Number of asset objects unloaded after import = 2
========================================================================
Received Import Request.
  Time since last request: 0.000022 seconds.
  path: Assets/Level2/Gas_station_Props/BrickSmallPainted.jpg
  artifactKey: Guid(2687b2d43bf8f21459562cd619940eb4) Importer(815301076,1909f56bfc062723c751e8b465ee728b)
Number of updated assets reloaded before import = 0
Start importing Assets/Level2/Gas_station_Props/BrickSmallPainted.jpg using Guid(2687b2d43bf8f21459562cd619940eb4) Importer(815301076,1909f56bfc062723c751e8b465ee728b)  -> (artifact id: '479d46fb3ac9b8f26916cd610b3a6522') in 0.027127 seconds 
Number of asset objects unloaded after import = 2
========================================================================
Received Import Request.
  Time since last request: 0.000029 seconds.
  path: Assets/Level2/Gas_station_Props/Light.jpg
  artifactKey: Guid(291b9e0a7d013304ab661205d1c4822e) Importer(815301076,1909f56bfc062723c751e8b465ee728b)
Number of updated assets reloaded before import = 0
Start importing Assets/Level2/Gas_station_Props/Light.jpg using Guid(291b9e0a7d013304ab661205d1c4822e) Importer(815301076,1909f56bfc062723c751e8b465ee728b)  -> (artifact id: 'f4d728e3395165da8dd4ea1675b6219e') in 0.015078 seconds 
Number of asset objects unloaded after import = 2
========================================================================
Received Import Request.
  Time since last request: 0.000043 seconds.
  path: Assets/Level2/Gas_station_Props/Office_Ceiling.jpg
  artifactKey: Guid(4eb237a623e963248a126ff8323183ca) Importer(815301076,1909f56bfc062723c751e8b465ee728b)
Number of updated assets reloaded before import = 0
Start importing Assets/Level2/Gas_station_Props/Office_Ceiling.jpg using Guid(4eb237a623e963248a126ff8323183ca) Importer(815301076,1909f56bfc062723c751e8b465ee728b)  -> (artifact id: 'ada2b7212713b767b0241fc282b03c6c') in 0.024970 seconds 
Number of asset objects unloaded after import = 2
========================================================================
Received Import Request.
  Time since last request: 0.000031 seconds.
  path: Assets/Level2/Gas_station_Props/Door_01.jpg
  artifactKey: Guid(a4df2aeda0ca6d74aaa5b88b07563a1d) Importer(815301076,1909f56bfc062723c751e8b465ee728b)
Number of updated assets reloaded before import = 0
Start importing Assets/Level2/Gas_station_Props/Door_01.jpg using Guid(a4df2aeda0ca6d74aaa5b88b07563a1d) Importer(815301076,1909f56bfc062723c751e8b465ee728b)  -> (artifact id: '250b155802bfe8cf98eae3ddb53a8c96') in 0.010486 seconds 
Number of asset objects unloaded after import = 2
========================================================================
Received Import Request.
  Time since last request: 0.000041 seconds.
  path: Assets/Level2/Gas_station_Props/Concrete_01.png
  artifactKey: Guid(744fbf39c70bc4f459866891a320f9db) Importer(815301076,1909f56bfc062723c751e8b465ee728b)
Number of updated assets reloaded before import = 0
Start importing Assets/Level2/Gas_station_Props/Concrete_01.png using Guid(744fbf39c70bc4f459866891a320f9db) Importer(815301076,1909f56bfc062723c751e8b465ee728b)  -> (artifact id: 'a8e7a5bb826c05e44f59beffca538a1d') in 0.024969 seconds 
Number of asset objects unloaded after import = 2
========================================================================
Received Import Request.
  Time since last request: 0.000022 seconds.
  path: Assets/Level2/Gas_station_Props/Checker.png
  artifactKey: Guid(5df493ea9b812fb4682f193e69cd9bc6) Importer(815301076,1909f56bfc062723c751e8b465ee728b)
Number of updated assets reloaded before import = 0
Start importing Assets/Level2/Gas_station_Props/Checker.png using Guid(5df493ea9b812fb4682f193e69cd9bc6) Importer(815301076,1909f56bfc062723c751e8b465ee728b)  -> (artifact id: '3f31194bf2156f694b707ec2e2879e3f') in 0.024627 seconds 
Number of asset objects unloaded after import = 2
========================================================================
Received Import Request.
  Time since last request: 0.000024 seconds.
  path: Assets/Level2/Gas_station_Props/Foods_02.jpg
  artifactKey: Guid(4f3d21f0ef29244489f9cbff433c483a) Importer(815301076,1909f56bfc062723c751e8b465ee728b)
Number of updated assets reloaded before import = 0
Start importing Assets/Level2/Gas_station_Props/Foods_02.jpg using Guid(4f3d21f0ef29244489f9cbff433c483a) Importer(815301076,1909f56bfc062723c751e8b465ee728b)  -> (artifact id: 'f45061d23a82b28a3c9d059d55ace85a') in 0.025511 seconds 
Number of asset objects unloaded after import = 2
========================================================================
Received Import Request.
  Time since last request: 0.418863 seconds.
  path: Assets/Level2/Gas_station_Props/Pack_lighters.jpg
  artifactKey: Guid(909587f84aabf8d4c82ccd05918aca4e) Importer(815301076,1909f56bfc062723c751e8b465ee728b)
Number of updated assets reloaded before import = 0
Start importing Assets/Level2/Gas_station_Props/Pack_lighters.jpg using Guid(909587f84aabf8d4c82ccd05918aca4e) Importer(815301076,1909f56bfc062723c751e8b465ee728b)  -> (artifact id: 'a5669edcaeb09e54f7df993988db2aba') in 0.015109 seconds 
Number of asset objects unloaded after import = 2
========================================================================
Received Import Request.
  Time since last request: 0.000035 seconds.
  path: Assets/Level2/Gas_station_Props/Shelving.png
  artifactKey: Guid(4694b9c8e226f3f4faf5294517773a5b) Importer(815301076,1909f56bfc062723c751e8b465ee728b)
Number of updated assets reloaded before import = 0
Start importing Assets/Level2/Gas_station_Props/Shelving.png using Guid(4694b9c8e226f3f4faf5294517773a5b) Importer(815301076,1909f56bfc062723c751e8b465ee728b)  -> (artifact id: '197ec75fdf17214e2c94b3f9bd789dc8') in 0.026039 seconds 
Number of asset objects unloaded after import = 2
========================================================================
Received Import Request.
  Time since last request: 0.000022 seconds.
  path: Assets/Level2/Gas_station_Props/Refrigerador_01.jpg
  artifactKey: Guid(0cca70f4e56d5d2428cb23411491a48e) Importer(815301076,1909f56bfc062723c751e8b465ee728b)
Number of updated assets reloaded before import = 0
Start importing Assets/Level2/Gas_station_Props/Refrigerador_01.jpg using Guid(0cca70f4e56d5d2428cb23411491a48e) Importer(815301076,1909f56bfc062723c751e8b465ee728b)  -> (artifact id: '4eadb9bccb82649fa66a194bd2bf8ac3') in 0.023903 seconds 
Number of asset objects unloaded after import = 2
========================================================================
Received Import Request.
  Time since last request: 0.000022 seconds.
  path: Assets/Level2/Gas_station_Props/Sanitary.png
  artifactKey: Guid(278efc712945e0745a84b8dd531384dd) Importer(815301076,1909f56bfc062723c751e8b465ee728b)
Number of updated assets reloaded before import = 0
Start importing Assets/Level2/Gas_station_Props/Sanitary.png using Guid(278efc712945e0745a84b8dd531384dd) Importer(815301076,1909f56bfc062723c751e8b465ee728b)  -> (artifact id: '215b879965acf727a72dd5b916d728de') in 0.026300 seconds 
Number of asset objects unloaded after import = 2
========================================================================
Received Import Request.
  Time since last request: 0.000025 seconds.
  path: Assets/Level2/Gas_station_Props/Toilets_Sing.png
  artifactKey: Guid(bdf34adc1af3fd04d8cdffb9d6432696) Importer(815301076,1909f56bfc062723c751e8b465ee728b)
Number of updated assets reloaded before import = 0
Start importing Assets/Level2/Gas_station_Props/Toilets_Sing.png using Guid(bdf34adc1af3fd04d8cdffb9d6432696) Importer(815301076,1909f56bfc062723c751e8b465ee728b)  -> (artifact id: 'be9df0152597b863045c81b4d4aa3248') in 0.010796 seconds 
Number of asset objects unloaded after import = 2
========================================================================
Received Import Request.
  Time since last request: 0.000023 seconds.
  path: Assets/Level2/Gas_station_Props/spotlight.png
  artifactKey: Guid(0a3408c630a14fe42a5d5d07e8d59f2a) Importer(815301076,1909f56bfc062723c751e8b465ee728b)
Number of updated assets reloaded before import = 0
Start importing Assets/Level2/Gas_station_Props/spotlight.png using Guid(0a3408c630a14fe42a5d5d07e8d59f2a) Importer(815301076,1909f56bfc062723c751e8b465ee728b)  -> (artifact id: '59eb5960e2ce5a3bacf1c34e56a88971') in 0.012262 seconds 
Number of asset objects unloaded after import = 2
========================================================================
Received Import Request.
  Time since last request: 0.000035 seconds.
  path: Assets/Level2/Gas_station_Props/TilesPlain.jpg
  artifactKey: Guid(3bb07ac8d482ea448a86c0dcfc7df718) Importer(815301076,1909f56bfc062723c751e8b465ee728b)
Number of updated assets reloaded before import = 0
Start importing Assets/Level2/Gas_station_Props/TilesPlain.jpg using Guid(3bb07ac8d482ea448a86c0dcfc7df718) Importer(815301076,1909f56bfc062723c751e8b465ee728b)  -> (artifact id: '6f05096fce89d24f822b14fecb541e3d') in 0.026621 seconds 
Number of asset objects unloaded after import = 2
========================================================================
Received Import Request.
  Time since last request: 0.000035 seconds.
  path: Assets/Level2/Gas_station_Props/Tree.png
  artifactKey: Guid(4a920a19fcd571e4f9997e795dcd2395) Importer(815301076,1909f56bfc062723c751e8b465ee728b)
Number of updated assets reloaded before import = 0
Start importing Assets/Level2/Gas_station_Props/Tree.png using Guid(4a920a19fcd571e4f9997e795dcd2395) Importer(815301076,1909f56bfc062723c751e8b465ee728b)  -> (artifact id: '3c5c1567820a9e85be47a82df527a127') in 0.025023 seconds 
Number of asset objects unloaded after import = 2
========================================================================
Received Import Request.
  Time since last request: 0.000026 seconds.
  path: Assets/Level2/Gas_station_Props/Tiles.jpg
  artifactKey: Guid(06c027e59f9bd7841a907a4307943d1c) Importer(815301076,1909f56bfc062723c751e8b465ee728b)
Number of updated assets reloaded before import = 0
Start importing Assets/Level2/Gas_station_Props/Tiles.jpg using Guid(06c027e59f9bd7841a907a4307943d1c) Importer(815301076,1909f56bfc062723c751e8b465ee728b)  -> (artifact id: 'd999116153b1bc9452370d8299472d0f') in 0.026457 seconds 
Number of asset objects unloaded after import = 2
========================================================================
Received Import Request.
  Time since last request: 0.000024 seconds.
  path: Assets/Level2/Gas_station_Props/Trash.png
  artifactKey: Guid(8d0199bf4c0cc9847bdad29d9a8539a4) Importer(815301076,1909f56bfc062723c751e8b465ee728b)
Number of updated assets reloaded before import = 0
Start importing Assets/Level2/Gas_station_Props/Trash.png using Guid(8d0199bf4c0cc9847bdad29d9a8539a4) Importer(815301076,1909f56bfc062723c751e8b465ee728b)  -> (artifact id: '81ca97cdfbfae5732962e502c7fae309') in 0.025834 seconds 
Number of asset objects unloaded after import = 2
========================================================================
Received Import Request.
  Time since last request: 0.000025 seconds.
  path: Assets/Level2/Gas_station_Props/Tree_01.png
  artifactKey: Guid(944b1ae2756788d418b5bfc1a8660862) Importer(815301076,1909f56bfc062723c751e8b465ee728b)
Number of updated assets reloaded before import = 0
Start importing Assets/Level2/Gas_station_Props/Tree_01.png using Guid(944b1ae2756788d418b5bfc1a8660862) Importer(815301076,1909f56bfc062723c751e8b465ee728b)  -> (artifact id: '70aa964f0a21a4a531ec9b1237096cbb') in 0.022537 seconds 
Number of asset objects unloaded after import = 2
========================================================================
Received Import Request.
  Time since last request: 0.000025 seconds.
  path: Assets/Level2/Gas_station_Props/Tiles_01.png
  artifactKey: Guid(a55d82c80aa9214489edbb9436ba6587) Importer(815301076,1909f56bfc062723c751e8b465ee728b)
Number of updated assets reloaded before import = 0
Start importing Assets/Level2/Gas_station_Props/Tiles_01.png using Guid(a55d82c80aa9214489edbb9436ba6587) Importer(815301076,1909f56bfc062723c751e8b465ee728b)  -> (artifact id: '4bc8aa617dfb64a59c2b69550b24cd6c') in 0.024533 seconds 
Number of asset objects unloaded after import = 2
========================================================================
Received Import Request.
  Time since last request: 0.000026 seconds.
  path: Assets/Level2/Gas_station_Props/Sweets_others.jpg
  artifactKey: Guid(25aaf1db1e24c5d45969f9f80d13546e) Importer(815301076,1909f56bfc062723c751e8b465ee728b)
Number of updated assets reloaded before import = 0
Start importing Assets/Level2/Gas_station_Props/Sweets_others.jpg using Guid(25aaf1db1e24c5d45969f9f80d13546e) Importer(815301076,1909f56bfc062723c751e8b465ee728b)  -> (artifact id: '1578c3aaf5337b999859e26719d3e836') in 0.024751 seconds 
Number of asset objects unloaded after import = 2
========================================================================
Received Import Request.
  Time since last request: 0.000024 seconds.
  path: Assets/Level2/Gas_station_Props/Road.jpg
  artifactKey: Guid(ef0d3bec4a96a4449a9defa5dbf568e8) Importer(815301076,1909f56bfc062723c751e8b465ee728b)
Number of updated assets reloaded before import = 0
Start importing Assets/Level2/Gas_station_Props/Road.jpg using Guid(ef0d3bec4a96a4449a9defa5dbf568e8) Importer(815301076,1909f56bfc062723c751e8b465ee728b)  -> (artifact id: '4aaa804e96330995a4437ce4d36dce95') in 0.021464 seconds 
Number of asset objects unloaded after import = 2
========================================================================
Received Import Request.
  Time since last request: 0.000024 seconds.
  path: Assets/Level2/Gas_station_Props/Refrigerador_02.jpg
  artifactKey: Guid(60379822e3e790149bc45fc057e8b78c) Importer(815301076,1909f56bfc062723c751e8b465ee728b)
Number of updated assets reloaded before import = 0
Start importing Assets/Level2/Gas_station_Props/Refrigerador_02.jpg using Guid(60379822e3e790149bc45fc057e8b78c) Importer(815301076,1909f56bfc062723c751e8b465ee728b)  -> (artifact id: '829c48d93ff01e7684b479a6c12568f8') in 0.021736 seconds 
Number of asset objects unloaded after import = 2
========================================================================
Received Import Request.
  Time since last request: 0.000023 seconds.
  path: Assets/Level2/Gas_station_Props/Sign.jpg
  artifactKey: Guid(661a36714bd6d8b42a1473b5b32b0eed) Importer(815301076,1909f56bfc062723c751e8b465ee728b)
Number of updated assets reloaded before import = 0
Start importing Assets/Level2/Gas_station_Props/Sign.jpg using Guid(661a36714bd6d8b42a1473b5b32b0eed) Importer(815301076,1909f56bfc062723c751e8b465ee728b)  -> (artifact id: '4a74dfd9e74bb3524ad55806cabd1ae2') in 0.024996 seconds 
Number of asset objects unloaded after import = 2
========================================================================
Received Import Request.
  Time since last request: 0.000023 seconds.
  path: Assets/Level2/Gas_station_Props/Refrigerador.jpg
  artifactKey: Guid(2314836be3792f24b8611c7b18cba7c0) Importer(815301076,1909f56bfc062723c751e8b465ee728b)
Number of updated assets reloaded before import = 0
Start importing Assets/Level2/Gas_station_Props/Refrigerador.jpg using Guid(2314836be3792f24b8611c7b18cba7c0) Importer(815301076,1909f56bfc062723c751e8b465ee728b)  -> (artifact id: '5634f573a490c5bb60e7fdcab0dbce5f') in 0.027771 seconds 
Number of asset objects unloaded after import = 2
========================================================================
Received Import Request.
  Time since last request: 0.000033 seconds.
  path: Assets/Level2/Gas_station_Props/Plaster.jpg
  artifactKey: Guid(c5c2fdf1e369c774786d5e3e29ef6de6) Importer(815301076,1909f56bfc062723c751e8b465ee728b)
Number of updated assets reloaded before import = 0
Start importing Assets/Level2/Gas_station_Props/Plaster.jpg using Guid(c5c2fdf1e369c774786d5e3e29ef6de6) Importer(815301076,1909f56bfc062723c751e8b465ee728b)  -> (artifact id: 'c29720a800ce05038d2b5718beba2d59') in 0.025545 seconds 
Number of asset objects unloaded after import = 2
========================================================================
Received Import Request.
  Time since last request: 0.000022 seconds.
  path: Assets/Level2/Gas_station_Props/Roof_tiles.jpg
  artifactKey: Guid(1e1dfb13a15cd9e42bace6446f8cef95) Importer(815301076,1909f56bfc062723c751e8b465ee728b)
Number of updated assets reloaded before import = 0
Start importing Assets/Level2/Gas_station_Props/Roof_tiles.jpg using Guid(1e1dfb13a15cd9e42bace6446f8cef95) Importer(815301076,1909f56bfc062723c751e8b465ee728b)  -> (artifact id: 'dc305cf1104f371370ea45298a9e0046') in 0.022495 seconds 
Number of asset objects unloaded after import = 2
Editor requested this worker to shutdown with reason: Scaling down because of idle timeout
AssetImportWorker is now disconnected from the server
Process exiting
Exiting without the bug reporter. Application will terminate with return code 0